Component: ARM Compiler 5.05 update 1 (build 106) Tool: armlink [4d0efa]

==============================================================================

Section Cross References

    main.o(i.SGPIO_Init) refers to stm32f10x_rcc.o(i.RCC_APB2PeriphClockCmd) for RCC_APB2PeriphClockCmd
    main.o(i.SGPIO_Init) refers to stm32f10x_gpio.o(i.GPIO_PinRemapConfig) for GPIO_PinRemapConfig
    main.o(i.SGPIO_Init) refers to stm32f10x_gpio.o(i.GPIO_Init) for GPIO_Init
    main.o(i.main) refers to _printf_percent.o(.ARM.Collect$$_printf_percent$$00000000) for _printf_percent
    main.o(i.main) refers to _printf_d.o(.ARM.Collect$$_printf_percent$$00000009) for _printf_d
    main.o(i.main) refers to _printf_dec.o(.text) for _printf_int_dec
    main.o(i.main) refers to rt_memclr_w.o(.text) for __aeabi_memclr4
    main.o(i.main) refers to delay.o(i.delay_init) for delay_init
    main.o(i.main) refers to misc.o(i.NVIC_PriorityGroupConfig) for NVIC_PriorityGroupConfig
    main.o(i.main) refers to usart.o(i.uart_init) for uart_init
    main.o(i.main) refers to main.o(i.SGPIO_Init) for SGPIO_Init
    main.o(i.main) refers to hw_config.o(i.USB_Port_Set) for USB_Port_Set
    main.o(i.main) refers to delay.o(i.delay_ms) for delay_ms
    main.o(i.main) refers to hw_config.o(i.USB_Interrupts_Config) for USB_Interrupts_Config
    main.o(i.main) refers to hw_config.o(i.Set_USBClock) for Set_USBClock
    main.o(i.main) refers to usb_init.o(i.USB_Init) for USB_Init
    main.o(i.main) refers to touch.o(i.TP_Init) for TP_Init
    main.o(i.main) refers to noretval__2printf.o(.text) for __2printf
    main.o(i.main) refers to hw_config.o(i.MulTouch_Send) for MulTouch_Send
    main.o(i.main) refers to touch.o(.data) for tp_dev
    main.o(i.main) refers to usb_pwr.o(.data) for bDeviceState
    system_stm32f10x.o(i.SetSysClock) refers to system_stm32f10x.o(i.SetSysClockTo72) for SetSysClockTo72
    system_stm32f10x.o(i.SystemCoreClockUpdate) refers to system_stm32f10x.o(.data) for SystemCoreClock
    system_stm32f10x.o(i.SystemInit) refers to system_stm32f10x.o(i.SetSysClock) for SetSysClock
    led.o(i.LED_Init) refers to stm32f10x_rcc.o(i.RCC_APB2PeriphClockCmd) for RCC_APB2PeriphClockCmd
    led.o(i.LED_Init) refers to stm32f10x_gpio.o(i.GPIO_Init) for GPIO_Init
    led.o(i.LED_Init) refers to stm32f10x_gpio.o(i.GPIO_SetBits) for GPIO_SetBits
    lcd.o(i.LCD_Clear) refers to lcd.o(i.LCD_SetCursor) for LCD_SetCursor
    lcd.o(i.LCD_Clear) refers to lcd.o(i.LCD_WriteRAM_Prepare) for LCD_WriteRAM_Prepare
    lcd.o(i.LCD_Clear) refers to lcd.o(.bss) for lcddev
    lcd.o(i.LCD_Color_Fill) refers to lcd.o(i.LCD_SetCursor) for LCD_SetCursor
    lcd.o(i.LCD_Color_Fill) refers to lcd.o(i.LCD_WriteRAM_Prepare) for LCD_WriteRAM_Prepare
    lcd.o(i.LCD_DisplayOff) refers to lcd.o(i.LCD_WR_REG) for LCD_WR_REG
    lcd.o(i.LCD_DisplayOff) refers to lcd.o(i.LCD_WriteReg) for LCD_WriteReg
    lcd.o(i.LCD_DisplayOff) refers to lcd.o(.bss) for lcddev
    lcd.o(i.LCD_DisplayOn) refers to lcd.o(i.LCD_WR_REG) for LCD_WR_REG
    lcd.o(i.LCD_DisplayOn) refers to lcd.o(i.LCD_WriteReg) for LCD_WriteReg
    lcd.o(i.LCD_DisplayOn) refers to lcd.o(.bss) for lcddev
    lcd.o(i.LCD_Display_Dir) refers to lcd.o(i.LCD_Scan_Dir) for LCD_Scan_Dir
    lcd.o(i.LCD_Display_Dir) refers to lcd.o(.bss) for lcddev
    lcd.o(i.LCD_DrawLine) refers to lcd.o(i.LCD_DrawPoint) for LCD_DrawPoint
    lcd.o(i.LCD_DrawPoint) refers to lcd.o(i.LCD_SetCursor) for LCD_SetCursor
    lcd.o(i.LCD_DrawPoint) refers to lcd.o(i.LCD_WriteRAM_Prepare) for LCD_WriteRAM_Prepare
    lcd.o(i.LCD_DrawPoint) refers to lcd.o(.data) for POINT_COLOR
    lcd.o(i.LCD_DrawRectangle) refers to lcd.o(i.LCD_DrawLine) for LCD_DrawLine
    lcd.o(i.LCD_Draw_Circle) refers to lcd.o(i.LCD_DrawPoint) for LCD_DrawPoint
    lcd.o(i.LCD_Fast_DrawPoint) refers to lcd.o(i.LCD_WR_REG) for LCD_WR_REG
    lcd.o(i.LCD_Fast_DrawPoint) refers to lcd.o(i.LCD_WriteReg) for LCD_WriteReg
    lcd.o(i.LCD_Fast_DrawPoint) refers to lcd.o(.bss) for lcddev
    lcd.o(i.LCD_Fill) refers to lcd.o(i.LCD_SetCursor) for LCD_SetCursor
    lcd.o(i.LCD_Fill) refers to lcd.o(i.LCD_WriteRAM_Prepare) for LCD_WriteRAM_Prepare
    lcd.o(i.LCD_Fill) refers to lcd.o(.bss) for lcddev
    lcd.o(i.LCD_Init) refers to _printf_percent.o(.ARM.Collect$$_printf_percent$$00000000) for _printf_percent
    lcd.o(i.LCD_Init) refers to _printf_x.o(.ARM.Collect$$_printf_percent$$0000000C) for _printf_x
    lcd.o(i.LCD_Init) refers to _printf_hex_int.o(.text) for _printf_longlong_hex
    lcd.o(i.LCD_Init) refers to stm32f10x_rcc.o(i.RCC_APB2PeriphClockCmd) for RCC_APB2PeriphClockCmd
    lcd.o(i.LCD_Init) refers to stm32f10x_gpio.o(i.GPIO_PinRemapConfig) for GPIO_PinRemapConfig
    lcd.o(i.LCD_Init) refers to stm32f10x_gpio.o(i.GPIO_Init) for GPIO_Init
    lcd.o(i.LCD_Init) refers to stm32f10x_gpio.o(i.GPIO_SetBits) for GPIO_SetBits
    lcd.o(i.LCD_Init) refers to delay.o(i.delay_ms) for delay_ms
    lcd.o(i.LCD_Init) refers to lcd.o(i.LCD_WriteReg) for LCD_WriteReg
[...]
    ../clib/signal.c                         0x00000000   Number         0  defsig_fpe_inner.o ABSOLUTE
    ../clib/signal.c                         0x00000000   Number         0  defsig_abrt_inner.o ABSOLUTE
    ../clib/signal.c                         0x00000000   Number         0  __raise.o ABSOLUTE
    ../clib/signal.c                         0x00000000   Number         0  defsig_exit.o ABSOLUTE
    ../clib/signal.c                         0x00000000   Number         0  defsig_general.o ABSOLUTE
    ../clib/signal.c                         0x00000000   Number         0  defsig_other.o ABSOLUTE
    ../clib/signal.c                         0x00000000   Number         0  defsig_segv_inner.o ABSOLUTE
    ../clib/signal.s                         0x00000000   Number         0  defsig.o ABSOLUTE
    ../clib/stdio.c                          0x00000000   Number         0  ferror.o ABSOLUTE
    ../clib/stdio.c                          0x00000000   Number         0  ferror_locked.o ABSOLUTE
    ../clib/stdlib.c                         0x00000000   Number         0  exit.o ABSOLUTE
    ../fplib/dfixu.s                         0x00000000   Number         0  dfixu.o ABSOLUTE
    ../fplib/dflt.s                          0x00000000   Number         0  dflt_clz.o ABSOLUTE
    ../fplib/dmul.s                          0x00000000   Number         0  dmul.o ABSOLUTE
    ../fplib/dnaninf.s                       0x00000000   Number         0  dnaninf.o ABSOLUTE
    ../fplib/dretinf.s                       0x00000000   Number         0  dretinf.o ABSOLUTE
    ../fplib/fpinit.s                        0x00000000   Number         0  fpinit.o ABSOLUTE
    ../fplib/usenofp.s                       0x00000000   Number         0  usenofp.o ABSOLUTE
    ..\CORE\core_cm3.c                       0x00000000   Number         0  core_cm3.o ABSOLUTE
    ..\CORE\startup_stm32f10x_hd.s           0x00000000   Number         0  startup_stm32f10x_hd.o ABSOLUTE
    ..\HARDWARE\KEY\key.c                    0x00000000   Number         0  key.o ABSOLUTE
    ..\HARDWARE\LCD\lcd.c                    0x00000000   Number         0  lcd.o ABSOLUTE
    ..\HARDWARE\LED\led.c                    0x00000000   Number         0  led.o ABSOLUTE
    ..\HARDWARE\TOUCH\ctiic.c                0x00000000   Number         0  ctiic.o ABSOLUTE
    ..\HARDWARE\TOUCH\gt1151.c               0x00000000   Number         0  gt1151.o ABSOLUTE
    ..\HARDWARE\TOUCH\touch.c                0x00000000   Number         0  touch.o ABSOLUTE
    ..\STM32F10x_FWLib\src\misc.c            0x00000000   Number         0  misc.o ABSOLUTE
    ..\STM32F10x_FWLib\src\stm32f10x_exti.c  0x00000000   Number         0  stm32f10x_exti.o ABSOLUTE
    ..\STM32F10x_FWLib\src\stm32f10x_gpio.c  0x00000000   Number         0  stm32f10x_gpio.o ABSOLUTE
    ..\STM32F10x_FWLib\src\stm32f10x_rcc.c   0x00000000   Number         0  stm32f10x_rcc.o ABSOLUTE
    ..\STM32F10x_FWLib\src\stm32f10x_usart.c 0x00000000   Number         0  stm32f10x_usart.o ABSOLUTE
    ..\SYSTEM\delay\delay.c                  0x00000000   Number         0  delay.o ABSOLUTE
    ..\SYSTEM\sys\sys.c                      0x00000000   Number         0  sys.o ABSOLUTE
    ..\SYSTEM\usart\usart.c                  0x00000000   Number         0  usart.o ABSOLUTE
    ..\USB\CONFIG\hw_config.c                0x00000000   Number         0  hw_config.o ABSOLUTE
    ..\USB\CONFIG\usb_desc.c                 0x00000000   Number         0  usb_desc.o ABSOLUTE
    ..\USB\CONFIG\usb_endp.c                 0x00000000   Number         0  usb_endp.o ABSOLUTE
    ..\USB\CONFIG\usb_istr.c                 0x00000000   Number         0  usb_istr.o ABSOLUTE
    ..\USB\CONFIG\usb_prop.c                 0x00000000   Number         0  usb_prop.o ABSOLUTE
    ..\USB\CONFIG\usb_pwr.c                  0x00000000   Number         0  usb_pwr.o ABSOLUTE
    ..\USB\STM32_USB-FS-Device_Driver\src\usb_core.c 0x00000000   Number         0  usb_core.o ABSOLUTE
    ..\USB\STM32_USB-FS-Device_Driver\src\usb_init.c 0x00000000   Number         0  usb_init.o ABSOLUTE
    ..\USB\STM32_USB-FS-Device_Driver\src\usb_int.c 0x00000000   Number         0  usb_int.o ABSOLUTE
    ..\USB\STM32_USB-FS-Device_Driver\src\usb_mem.c 0x00000000   Number         0  usb_mem.o ABSOLUTE
    ..\USB\STM32_USB-FS-Device_Driver\src\usb_regs.c 0x00000000   Number         0  usb_regs.o ABSOLUTE
    ..\USB\STM32_USB-FS-Device_Driver\src\usb_sil.c 0x00000000   Number         0  usb_sil.o ABSOLUTE
    ..\\CORE\\core_cm3.c                     0x00000000   Number         0  core_cm3.o ABSOLUTE
    ..\\SYSTEM\\sys\\sys.c                   0x00000000   Number         0  sys.o ABSOLUTE
    dc.s                                     0x00000000   Number         0  dc.o ABSOLUTE
    main.c                                   0x00000000   Number         0  main.o ABSOLUTE
    stm32f10x_it.c                           0x00000000   Number         0  stm32f10x_it.o ABSOLUTE
    system_stm32f10x.c                       0x00000000   Number         0  system_stm32f10x.o ABSOLUTE
    RESET                                    0x08008000   Section      304  startup_stm32f10x_hd.o(RESET)
    !!!main                                  0x08008130   Section        8  __main.o(!!!main)
    !!!scatter                               0x08008138   Section       52  __scatter.o(!!!scatter)
    !!dczerorl2                              0x0800816c   Section       90  __dczerorl2.o(!!dczerorl2)
    !!handler_zi                             0x080081c8   Section       28  __scatter_zi.o(!!handler_zi)
    .ARM.Collect$$_printf_percent$$00000000  0x080081e4   Section        0  _printf_percent.o(.ARM.Collect$$_printf_percent$$00000000)
    .ARM.Collect$$_printf_percent$$00000009  0x080081e4   Section        6  _printf_d.o(.ARM.Collect$$_printf_percent$$00000009)
    .ARM.Collect$$_printf_percent$$00000017  0x080081ea   Section        4  _printf_percent_end.o(.ARM.Collect$$_printf_percent$$00000017)
    .ARM.Collect$$libinit$$00000000          0x080081ee   Section        2  libinit.o(.ARM.Collect$$libinit$$00000000)
    .ARM.Collect$$libinit$$00000002          0x080081f0   Section        0  libinit2.o(.ARM.Collect$$libinit$$00000002)
    .ARM.Collect$$libinit$$00000004          0x080081f0   Section        0  libinit2.o(.ARM.Collect$$libinit$$00000004)
    .ARM.Collect$$libinit$$0000000A          0x080081f0   Section        0  libinit2.o(.ARM.Collect$$libinit$$0000000A)
    .ARM.Collect$$libinit$$0000000C          0x080081f0   Section        0  libinit2.o(.ARM.Collect$$libinit$$0000000C)
    .ARM.Collect$$libinit$$0000000E          0x080081f0   Section        0  libinit2.o(.ARM.Collect$$libinit$$0000000E)
    .ARM.Collect$$libinit$$00000011          0x080081f0   Section        0  libinit2.o(.ARM.Collect$$libinit$$00000011)
    .ARM.Collect$$libinit$$00000013          0x080081f0   Section        0  libinit2.o(.ARM.Collect$$libinit$$00000013)
    .ARM.Collect$$libinit$$00000015          0x080081f0   Section        0  libinit2.o(.ARM.Collect$$libinit$$00000015)
    .ARM.Collect$$libinit$$00000017          0x080081f0   Section        0  libinit2.o(.ARM.Collect$$libinit$$00000017)
    .ARM.Collect$$libinit$$00000019          0x080081f0   Section        0  libinit2.o(.ARM.Collect$$libinit$$00000019)
    .ARM.Collect$$libinit$$0000001B          0x080081f0   Section        0  libinit2.o(.ARM.Collect$$libinit$$0000001B)
    .ARM.Collect$$libinit$$0000001D          0x080081f0   Section        0  libinit2.o(.ARM.Collect$$libinit$$0000001D)
    .ARM.Collect$$libinit$$0000001F          0x080081f0   Section        0  libinit2.o(.ARM.Collect$$libinit$$0000001F)
    .ARM.Collect$$libinit$$00000021          0x080081f0   Section        0  libinit2.o(.ARM.Collect$$libinit$$00000021)
    .ARM.Collect$$libinit$$00000023          0x080081f0   Section        0  libinit2.o(.ARM.Collect$$libinit$$00000023)
    .ARM.Collect$$libinit$$00000025          0x080081f0   Section        0  libinit2.o(.ARM.Collect$$libinit$$00000025)
    .ARM.Collect$$libinit$$0000002C          0x080081f0   Section        0  libinit2.o(.ARM.Collect$$libinit$$0000002C)
    .ARM.Collect$$libinit$$0000002E          0x080081f0   Section        0  libinit2.o(.ARM.Collect$$libinit$$0000002E)
    .ARM.Collect$$libinit$$00000030          0x080081f0   Section        0  libinit2.o(.ARM.Collect$$libinit$$00000030)
    .ARM.Collect$$libinit$$00000032          0x080081f0   Section        0  libinit2.o(.ARM.Collect$$libinit$$00000032)
    .ARM.Collect$$libinit$$00000033          0x080081f0   Section        2  libinit2.o(.ARM.Collect$$libinit$$00000033)
    .ARM.Collect$$libshutdown$$00000000      0x080081f2   Section        2  libshutdown.o(.ARM.Collect$$libshutdown$$00000000)
    .ARM.Collect$$libshutdown$$00000003      0x080081f4   Section        0  libshutdown2.o(.ARM.Collect$$libshutdown$$00000003)
    .ARM.Collect$$libshutdown$$00000006      0x080081f4   Section        0  libshutdown2.o(.ARM.Collect$$libshutdown$$00000006)
    .ARM.Collect$$libshutdown$$00000009      0x080081f4   Section        0  libshutdown2.o(.ARM.Collect$$libshutdown$$00000009)
    .ARM.Collect$$libshutdown$$0000000B      0x080081f4   Section        0  libshutdown2.o(.ARM.Collect$$libshutdown$$0000000B)
    .ARM.Collect$$libshutdown$$0000000E      0x080081f4   Section        0  libshutdown2.o(.ARM.Collect$$libshutdown$$0000000E)
    .ARM.Collect$$libshutdown$$0000000F      0x080081f4   Section        2  libshutdown2.o(.ARM.Collect$$libshutdown$$0000000F)
    .ARM.Collect$$rtentry$$00000000          0x080081f6   Section        0  __rtentry.o(.ARM.Collect$$rtentry$$00000000)
    .ARM.Collect$$rtentry$$00000002          0x080081f6   Section        0  __rtentry2.o(.ARM.Collect$$rtentry$$00000002)
    .ARM.Collect$$rtentry$$00000004          0x080081f6   Section        6  __rtentry4.o(.ARM.Collect$$rtentry$$00000004)
    .ARM.Collect$$rtentry$$00000009          0x080081fc   Section        0  __rtentry2.o(.ARM.Collect$$rtentry$$00000009)
    .ARM.Collect$$rtentry$$0000000A          0x080081fc   Section        4  __rtentry2.o(.ARM.Collect$$rtentry$$0000000A)
    .ARM.Collect$$rtentry$$0000000C          0x08008200   Section        0  __rtentry2.o(.ARM.Collect$$rtentry$$0000000C)
    .ARM.Collect$$rtentry$$0000000D          0x08008200   Section        8  __rtentry2.o(.ARM.Collect$$rtentry$$0000000D)
    .ARM.Collect$$rtexit$$00000000           0x08008208   Section        2  rtexit.o(.ARM.Collect$$rtexit$$00000000)
    .ARM.Collect$$rtexit$$00000002           0x0800820a   Section        0  rtexit2.o(.ARM.Collect$$rtexit$$00000002)
    .ARM.Collect$$rtexit$$00000003           0x0800820a   Section        4  rtexit2.o(.ARM.Collect$$rtexit$$00000003)
    .ARM.Collect$$rtexit$$00000004           0x0800820e   Section        6  rtexit2.o(.ARM.Collect$$rtexit$$00000004)
    .text                                    0x08008214   Section       64  startup_stm32f10x_hd.o(.text)
    .text                                    0x08008254   Section        2  use_no_semi_2.o(.text)
    .text                                    0x08008258   Section        0  noretval__2printf.o(.text)
    .text                                    0x08008270   Section        0  __printf.o(.text)
    .text                                    0x080082d8   Section        0  _printf_dec.o(.text)
    .text                                    0x08008350   Section       78  rt_memclr_w.o(.text)
    .text                                    0x080083a0   Section      128  strcmpv7m.o(.text)
    .text                                    0x08008420   Section        0  heapauxi.o(.text)
    .text                                    0x08008426   Section        2  use_no_semi.o(.text)
    .text                                    0x08008428   Section        0  _printf_intcommon.o(.text)
    .text                                    0x080084dc   Section        0  _printf_char_file.o(.text)
    .text                                    0x08008500   Section        0  _printf_char_common.o(.text)
    _printf_input_char                       0x08008501   Thumb Code    10  _printf_char_common.o(.text)
    .text                                    0x08008530   Section        0  ferror.o(.text)
    .text                                    0x08008538   Section       74  sys_stackheap_outer.o(.text)
    .text                                    0x08008582   Section        0  exit.o(.text)
    .text                                    0x08008590   Section        8  libspace.o(.text)
    i.BusFault_Handler                       0x08008598   Section        0  stm32f10x_it.o(i.BusFault_Handler)
    i.ByteSwap                               0x0800859c   Section        0  usb_regs.o(i.ByteSwap)
    i.CTR_LP                                 0x080085a8   Section        0  usb_int.o(i.CTR_LP)
    i.CT_Delay                               0x08008830   Section        0  ctiic.o(i.CT_Delay)
    i.CT_IIC_Ack                             0x0800883c   Section        0  ctiic.o(i.CT_IIC_Ack)
    i.CT_IIC_Init                            0x08008888   Section        0  ctiic.o(i.CT_IIC_Init)
    i.CT_IIC_NAck                            0x080088c8   Section        0  ctiic.o(i.CT_IIC_NAck)
    i.CT_IIC_Read_Byte                       0x08008914   Section        0  ctiic.o(i.CT_IIC_Read_Byte)
    i.CT_IIC_Send_Byte                       0x0800897c   Section        0  ctiic.o(i.CT_IIC_Send_Byte)
    i.CT_IIC_Start                           0x080089d8   Section        0  ctiic.o(i.CT_IIC_Start)
    i.CT_IIC_Stop                            0x08008a20   Section        0  ctiic.o(i.CT_IIC_Stop)
    i.CT_IIC_Wait_Ack                        0x08008a68   Section        0  ctiic.o(i.CT_IIC_Wait_Ack)
    i.ClearDTOG_RX                           0x08008acc   Section        0  usb_regs.o(i.ClearDTOG_RX)
    i.ClearDTOG_TX                           0x08008b00   Section        0  usb_regs.o(i.ClearDTOG_TX)
    i.Clear_Status_Out                       0x08008b34   Section        0  usb_regs.o(i.Clear_Status_Out)
    i.DataStageIn                            0x08008b5c   Section        0  usb_core.o(i.DataStageIn)
    DataStageIn                              0x08008b5d   Thumb Code   166  usb_core.o(i.DataStageIn)
    i.DataStageOut                           0x08008c1c   Section        0  usb_core.o(i.DataStageOut)
    DataStageOut                             0x08008c1d   Thumb Code   166  usb_core.o(i.DataStageOut)
    i.Data_Setup0                            0x08008cd8   Section        0  usb_core.o(i.Data_Setup0)
    Data_Setup0                              0x08008cd9   Thumb Code   628  usb_core.o(i.Data_Setup0)
    i.DebugMon_Handler                       0x08008f70   Section        0  stm32f10x_it.o(i.DebugMon_Handler)
    i.EP1_IN_Callback                        0x08008f74   Section        0  usb_endp.o(i.EP1_IN_Callback)
    i.EXTI_ClearITPendingBit                 0x08008f80   Section        0  stm32f10x_exti.o(i.EXTI_ClearITPendingBit)
    i.EXTI_Init                              0x08008f8c   Section        0  stm32f10x_exti.o(i.EXTI_Init)
    i.Enter_LowPowerMode                     0x08009020   Section        0  hw_config.o(i.Enter_LowPowerMode)
    i.GPIO_Init                              0x08009050   Section        0  stm32f10x_gpio.o(i.GPIO_Init)
    i.GPIO_PinRemapConfig                    0x08009168   Section        0  stm32f10x_gpio.o(i.GPIO_PinRemapConfig)
    i.GPIO_ResetBits                         0x080091f8   Section        0  stm32f10x_gpio.o(i.GPIO_ResetBits)
    i.GPIO_SetBits                           0x080091fc   Section        0  stm32f10x_gpio.o(i.GPIO_SetBits)
    i.GT1151_Init                            0x08009200   Section        0  gt1151.o(i.GT1151_Init)
    i.GT1151_RD_Reg                          0x080092f8   Section        0  gt1151.o(i.GT1151_RD_Reg)
    i.GT1151_Scan                            0x0800935c   Section        0  gt1151.o(i.GT1151_Scan)
    i.GT1151_Send_Cfg                        0x08009434   Section        0  gt1151.o(i.GT1151_Send_Cfg)
    i.GT1151_WR_Reg                          0x0800946c   Section        0  gt1151.o(i.GT1151_WR_Reg)
    i.GetEPRxAddr                            0x080094c8   Section        0  usb_regs.o(i.GetEPRxAddr)
    i.GetEPTxAddr                            0x080094e8   Section        0  usb_regs.o(i.GetEPTxAddr)
    i.Get_SerialNum                          0x08009508   Section        0  hw_config.o(i.Get_SerialNum)
    i.HardFault_Handler                      0x0800953c   Section        0  stm32f10x_it.o(i.HardFault_Handler)
    i.In0_Process                            0x08009540   Section        0  usb_core.o(i.In0_Process)
    i.IntToUnicode                           0x080095b0   Section        0  hw_config.o(i.IntToUnicode)
    IntToUnicode                             0x080095b1   Thumb Code    62  hw_config.o(i.IntToUnicode)
    i.Joystick_Data_Setup                    0x080095f0   Section        0  usb_prop.o(i.Joystick_Data_Setup)
    i.Joystick_GetConfigDescriptor           0x080096e4   Section        0  usb_prop.o(i.Joystick_GetConfigDescriptor)
    i.Joystick_GetDeviceDescriptor           0x080096f8   Section        0  usb_prop.o(i.Joystick_GetDeviceDescriptor)
    i.Joystick_GetHIDDescriptor              0x0800970c   Section        0  usb_prop.o(i.Joystick_GetHIDDescriptor)
    i.Joystick_GetProtocolValue              0x08009720   Section        0  usb_prop.o(i.Joystick_GetProtocolValue)
    i.Joystick_GetReport                     0x0800973c   Section        0  usb_prop.o(i.Joystick_GetReport)
    i.Joystick_GetReportDescriptor           0x08009758   Section        0  usb_prop.o(i.Joystick_GetReportDescriptor)
    i.Joystick_GetStringDescriptor           0x0800976c   Section        0  usb_prop.o(i.Joystick_GetStringDescriptor)
    i.Joystick_Get_Interface_Setting         0x08009794   Section        0  usb_prop.o(i.Joystick_Get_Interface_Setting)
    i.Joystick_NoData_Setup                  0x080097ac   Section        0  usb_prop.o(i.Joystick_NoData_Setup)
    i.Joystick_Reset                         0x080097e8   Section        0  usb_prop.o(i.Joystick_Reset)
    i.Joystick_SetConfiguration              0x0800988c   Section        0  usb_prop.o(i.Joystick_SetConfiguration)
    i.Joystick_SetDeviceAddress              0x080098a4   Section        0  usb_prop.o(i.Joystick_SetDeviceAddress)
    i.Joystick_SetIdle                       0x080098b0   Section        0  usb_prop.o(i.Joystick_SetIdle)
    i.Joystick_SetProtocol                   0x080098b4   Section        0  usb_prop.o(i.Joystick_SetProtocol)
    i.Joystick_SetReport                     0x080098cc   Section        0  usb_prop.o(i.Joystick_SetReport)
    i.Joystick_Status_In                     0x080098e8   Section        0  usb_prop.o(i.Joystick_Status_In)
    i.Joystick_Status_Out                    0x0800990c   Section        0  usb_prop.o(i.Joystick_Status_Out)
    i.Joystick_init                          0x08009910   Section        0  usb_prop.o(i.Joystick_init)
    i.Leave_LowPowerMode                     0x08009938   Section        0  hw_config.o(i.Leave_LowPowerMode)
    i.MemManage_Handler                      0x08009958   Section        0  stm32f10x_it.o(i.MemManage_Handler)
    i.MulTouch_Send                          0x0800995c   Section        0  hw_config.o(i.MulTouch_Send)
    i.NMI_Handler                            0x08009a54   Section        0  stm32f10x_it.o(i.NMI_Handler)
    i.NOP_Process                            0x08009a56   Section        0  usb_core.o(i.NOP_Process)
    i.NVIC_Init                              0x08009a58   Section        0  misc.o(i.NVIC_Init)
    i.NVIC_PriorityGroupConfig               0x08009ac8   Section        0  misc.o(i.NVIC_PriorityGroupConfig)
    i.NoData_Setup0                          0x08009adc   Section        0  usb_core.o(i.NoData_Setup0)
    NoData_Setup0                            0x08009add   Thumb Code   290  usb_core.o(i.NoData_Setup0)
    i.Out0_Process                           0x08009c14   Section        0  usb_core.o(i.Out0_Process)
    i.PMAToUserBufferCopy                    0x08009c64   Section        0  usb_mem.o(i.PMAToUserBufferCopy)
    i.PendSV_Handler                         0x08009c8c   Section        0  stm32f10x_it.o(i.PendSV_Handler)
    i.Post0_Process                          0x08009c90   Section        0  usb_core.o(i.Post0_Process)
    i.PowerOn                                0x08009cd8   Section        0  usb_pwr.o(i.PowerOn)
    i.RCC_APB1PeriphClockCmd                 0x08009d18   Section        0  stm32f10x_rcc.o(i.RCC_APB1PeriphClockCmd)
    i.RCC_APB2PeriphClockCmd                 0x08009d38   Section        0  stm32f10x_rcc.o(i.RCC_APB2PeriphClockCmd)
    i.RCC_GetClocksFreq                      0x08009d58   Section        0  stm32f10x_rcc.o(i.RCC_GetClocksFreq)
    i.RCC_USBCLKConfig                       0x08009e2c   Section        0  stm32f10x_rcc.o(i.RCC_USBCLKConfig)
    i.Resume                                 0x08009e38   Section        0  usb_pwr.o(i.Resume)
    i.Resume_Init                            0x08009f08   Section        0  usb_pwr.o(i.Resume_Init)
    i.SGPIO_Init                             0x08009f2c   Section        0  main.o(i.SGPIO_Init)
    i.SVC_Handler                            0x08009f64   Section        0  stm32f10x_it.o(i.SVC_Handler)
    i.SetBTABLE                              0x08009f68   Section        0  usb_regs.o(i.SetBTABLE)
    i.SetDeviceAddress                       0x08009f78   Section        0  usb_core.o(i.SetDeviceAddress)
    i.SetEPRxAddr                            0x08009fc8   Section        0  usb_regs.o(i.SetEPRxAddr)
    i.SetEPRxCount                           0x08009fec   Section        0  usb_regs.o(i.SetEPRxCount)
    i.SetEPRxStatus                          0x0800a038   Section        0  usb_regs.o(i.SetEPRxStatus)
    i.SetEPRxValid                           0x0800a078   Section        0  usb_regs.o(i.SetEPRxValid)
    i.SetEPTxAddr                            0x0800a0ac   Section        0  usb_regs.o(i.SetEPTxAddr)
    i.SetEPTxCount                           0x0800a0cc   Section        0  usb_regs.o(i.SetEPTxCount)
    i.SetEPTxStatus                          0x0800a0e8   Section        0  usb_regs.o(i.SetEPTxStatus)
    i.SetEPTxValid                           0x0800a128   Section        0  usb_regs.o(i.SetEPTxValid)
    i.SetEPType                              0x0800a15c   Section        0  usb_regs.o(i.SetEPType)
    i.SetSysClock                            0x0800a180   Section        0  system_stm32f10x.o(i.SetSysClock)
    SetSysClock                              0x0800a181   Thumb Code     8  system_stm32f10x.o(i.SetSysClock)
    i.SetSysClockTo72                        0x0800a188   Section        0  system_stm32f10x.o(i.SetSysClockTo72)
    SetSysClockTo72                          0x0800a189   Thumb Code   214  system_stm32f10x.o(i.SetSysClockTo72)
    i.Set_USBClock                           0x0800a268   Section        0  hw_config.o(i.Set_USBClock)
    i.Setup0_Process                         0x0800a27c   Section        0  usb_core.o(i.Setup0_Process)
    i.Standard_ClearFeature                  0x0800a334   Section        0  usb_core.o(i.Standard_ClearFeature)
    i.Standard_GetConfiguration              0x0800a4a0   Section        0  usb_core.o(i.Standard_GetConfiguration)
    i.Standard_GetDescriptorData             0x0800a4cc   Section        0  usb_core.o(i.Standard_GetDescriptorData)
    i.Standard_GetInterface                  0x0800a4f0   Section        0  usb_core.o(i.Standard_GetInterface)
    i.Standard_GetStatus                     0x0800a51c   Section        0  usb_core.o(i.Standard_GetStatus)
    i.Standard_SetConfiguration              0x0800a61c   Section        0  usb_core.o(i.Standard_SetConfiguration)
    i.Standard_SetDeviceFeature              0x0800a664   Section        0  usb_core.o(i.Standard_SetDeviceFeature)
    i.Standard_SetEndPointFeature            0x0800a68c   Section        0  usb_core.o(i.Standard_SetEndPointFeature)
    i.Standard_SetInterface                  0x0800a75c   Section        0  usb_core.o(i.Standard_SetInterface)
    i.Suspend                                0x0800a7c8   Section        0  usb_pwr.o(i.Suspend)
    i.SysTick_CLKSourceConfig                0x0800a864   Section        0  misc.o(i.SysTick_CLKSourceConfig)
    i.SysTick_Handler                        0x0800a88c   Section        0  stm32f10x_it.o(i.SysTick_Handler)
    i.SystemInit                             0x0800a890   Section        0  system_stm32f10x.o(i.SystemInit)
    i.TP_Init                                0x0800a8f0   Section        0  touch.o(i.TP_Init)
    i.USART1_IRQHandler                      0x0800a908   Section        0  usart.o(i.USART1_IRQHandler)
    i.USART_Cmd                              0x0800a990   Section        0  stm32f10x_usart.o(i.USART_Cmd)
    i.USART_GetITStatus                      0x0800a9a8   Section        0  stm32f10x_usart.o(i.USART_GetITStatus)
    i.USART_ITConfig                         0x0800a9fc   Section        0  stm32f10x_usart.o(i.USART_ITConfig)
    i.USART_Init                             0x0800aa48   Section        0  stm32f10x_usart.o(i.USART_Init)
    i.USART_ReceiveData                      0x0800ab20   Section        0  stm32f10x_usart.o(i.USART_ReceiveData)
    i.USBWakeUp_IRQHandler                   0x0800ab2a   Section        0  hw_config.o(i.USBWakeUp_IRQHandler)
    i.USB_Cable_Config                       0x0800ab38   Section        0  hw_config.o(i.USB_Cable_Config)
    i.USB_Init                               0x0800ab80   Section        0  usb_init.o(i.USB_Init)
    i.USB_Interrupts_Config                  0x0800abc4   Section        0  hw_config.o(i.USB_Interrupts_Config)
    i.USB_Istr                               0x0800ac18   Section        0  usb_istr.o(i.USB_Istr)
    i.USB_LP_CAN1_RX0_IRQHandler             0x0800ae10   Section        0  hw_config.o(i.USB_LP_CAN1_RX0_IRQHandler)
    i.USB_Port_Set                           0x0800ae18   Section        0  hw_config.o(i.USB_Port_Set)
    i.USB_SIL_Init                           0x0800ae38   Section        0  usb_sil.o(i.USB_SIL_Init)
    i.UsageFault_Handler                     0x0800ae5c   Section        0  stm32f10x_it.o(i.UsageFault_Handler)
    i.UserToPMABufferCopy                    0x0800ae60   Section        0  usb_mem.o(i.UserToPMABufferCopy)
    i._sys_exit                              0x0800ae98   Section        0  usart.o(i._sys_exit)
    i.delay_init                             0x0800aea0   Section        0  delay.o(i.delay_init)
    i.delay_ms                               0x0800aee4   Section        0  delay.o(i.delay_ms)
    i.delay_us                               0x0800af30   Section        0  delay.o(i.delay_us)
    i.fputc                                  0x0800af7c   Section        0  usart.o(i.fputc)
    i.main                                   0x0800af98   Section        0  main.o(i.main)
    i.uart_init                              0x0800b1fc   Section        0  usart.o(i.uart_init)
    .constdata                               0x0800b29c   Section      260  gt1151.o(.constdata)
    .constdata                               0x0800b3a0   Section      349  usb_desc.o(.constdata)
    .data                                    0x20000000   Section       20  system_stm32f10x.o(.data)
    .data                                    0x20000014   Section       36  touch.o(.data)
    .data                                    0x20000038   Section        1  gt1151.o(.data)
    t                                        0x20000038   Data           1  gt1151.o(.data)
    .data                                    0x2000003a   Section        4  delay.o(.data)
    fac_us                                   0x2000003a   Data           1  delay.o(.data)
    fac_ms                                   0x2000003c   Data           2  delay.o(.data)
    .data                                    0x20000040   Section        6  usart.o(.data)
    .data                                    0x20000046   Section       20  stm32f10x_rcc.o(.data)
    APBAHBPrescTable                         0x20000046   Data          16  stm32f10x_rcc.o(.data)
    ADCPrescTable                            0x20000056   Data           4  stm32f10x_rcc.o(.data)
    .data                                    0x2000005a   Section        3  usb_core.o(.data)
    .data                                    0x20000060   Section       20  usb_init.o(.data)
    .data                                    0x20000074   Section        4  usb_int.o(.data)
    .data                                    0x20000078   Section        1  hw_config.o(.data)
    .data                                    0x20000079   Section       26  usb_desc.o(.data)
    .data                                    0x20000094   Section       72  usb_istr.o(.data)
    .data                                    0x200000dc   Section      162  usb_prop.o(.data)
    .data                                    0x20000180   Section       12  usb_pwr.o(.data)
    .bss                                     0x2000018c   Section      200  usart.o(.bss)
    .bss                                     0x20000254   Section       28  usb_init.o(.bss)
    .bss                                     0x20000270   Section       32  usb_pwr.o(.bss)
    .bss                                     0x20000290   Section       96  libspace.o(.bss)
    HEAP                                     0x200002f0   Section      512  startup_stm32f10x_hd.o(HEAP)
    Heap_Mem                                 0x200002f0   Data         512  startup_stm32f10x_hd.o(HEAP)
    STACK                                    0x200004f0   Section     1024  startup_stm32f10x_hd.o(STACK)
    Stack_Mem                                0x200004f0   Data        1024  startup_stm32f10x_hd.o(STACK)
    __initial_sp                             0x200008f0   Data           0  startup_stm32f10x_hd.o(STACK)

    Global Symbols

    Symbol Name                              Value     Ov Type        Size  Object(Section)

    BuildAttributes$$THM_ISAv4$P$D$K$B$S$PE$A:L22UL41UL21$X:L11$S22US41US21$IEEE1$IW$USESV6$~STKCKD$USESV7$~SHL$OSPACE$ROPI$EBA8$UX$STANDARDLIB$REQ8$PRES8$EABIv2 0x00000000   Number         0  anon$$obj.o ABSOLUTE
    __ARM_use_no_argv                        0x00000000   Number         0  main.o ABSOLUTE
    __ARM_exceptions_init                     - Undefined Weak Reference
    __alloca_initialize                       - Undefined Weak Reference
    __arm_preinit_                            - Undefined Weak Reference
    __cpp_initialize__aeabi_                  - Undefined Weak Reference
    __cxa_finalize                            - Undefined Weak Reference
    __rt_locale                               - Undefined Weak Reference
    __sigvec_lookup                           - Undefined Weak Reference
    _atexit_init                              - Undefined Weak Reference
    _call_atexit_fns                          - Undefined Weak Reference
    _clock_init                               - Undefined Weak Reference
    _fp_trap_init                             - Undefined Weak Reference
    _fp_trap_shutdown                         - Undefined Weak Reference
    _get_lc_collate                           - Undefined Weak Reference
    _get_lc_ctype                             - Undefined Weak Reference
    _get_lc_monetary                          - Undefined Weak Reference
    _get_lc_numeric                           - Undefined Weak Reference
    _get_lc_time                              - Undefined Weak Reference
    _getenv_init                              - Undefined Weak Reference
    _handle_redirection                       - Undefined Weak Reference
    _init_alloc                               - Undefined Weak Reference
    _init_user_alloc                          - Undefined Weak Reference
    _initio                                   - Undefined Weak Reference
    _mutex_acquire                            - Undefined Weak Reference
    _mutex_release                            - Undefined Weak Reference
    _printf_post_padding                      - Undefined Weak Reference
    _printf_pre_padding                       - Undefined Weak Reference
    _printf_truncate_signed                   - Undefined Weak Reference
    _printf_truncate_unsigned                 - Undefined Weak Reference
    _rand_init                                - Undefined Weak Reference
    _signal_finish                            - Undefined Weak Reference
    _signal_init                              - Undefined Weak Reference
    _terminate_alloc                          - Undefined Weak Reference
    _terminate_user_alloc                     - Undefined Weak Reference
    _terminateio                              - Undefined Weak Reference
    __Vectors_Size                           0x00000130   Number         0  startup_stm32f10x_hd.o ABSOLUTE
    __Vectors                                0x08008000   Data           4  startup_stm32f10x_hd.o(RESET)
    __Vectors_End                            0x08008130   Data           0  startup_stm32f10x_hd.o(RESET)
    __main                                   0x08008131   Thumb Code     8  __main.o(!!!main)
    __scatterload                            0x08008139   Thumb Code     0  __scatter.o(!!!scatter)
    __scatterload_rt2                        0x08008139   Thumb Code    44  __scatter.o(!!!scatter)
    __scatterload_rt2_thumb_only             0x08008139   Thumb Code     0  __scatter.o(!!!scatter)
    __scatterload_null                       0x08008147   Thumb Code     0  __scatter.o(!!!scatter)
    __decompress                             0x0800816d   Thumb Code    90  __dczerorl2.o(!!dczerorl2)
    __decompress1                            0x0800816d   Thumb Code     0  __dczerorl2.o(!!dczerorl2)
    __scatterload_zeroinit                   0x080081c9   Thumb Code    28  __scatter_zi.o(!!handler_zi)
    _printf_d                                0x080081e5   Thumb Code     0  _printf_d.o(.ARM.Collect$$_printf_percent$$00000009)
    _printf_percent                          0x080081e5   Thumb Code     0  _printf_percent.o(.ARM.Collect$$_printf_percent$$00000000)
    _printf_percent_end                      0x080081eb   Thumb Code     0  _printf_percent_end.o(.ARM.Collect$$_printf_percent$$00000017)
    __rt_lib_init                            0x080081ef   Thumb Code     0  libinit.o(.ARM.Collect$$libinit$$00000000)
    __rt_lib_init_alloca_1                   0x080081f1   Thumb Code     0  libinit2.o(.ARM.Collect$$libinit$$0000002E)
    __rt_lib_init_argv_1                     0x080081f1   Thumb Code     0  libinit2.o(.ARM.Collect$$libinit$$0000002C)
    __rt_lib_init_atexit_1                   0x080081f1   Thumb Code     0  libinit2.o(.ARM.Collect$$libinit$$0000001B)
    __rt_lib_init_clock_1                    0x080081f1   Thumb Code     0  libinit2.o(.ARM.Collect$$libinit$$00000021)
    __rt_lib_init_cpp_1                      0x080081f1   Thumb Code     0  libinit2.o(.ARM.Collect$$libinit$$00000032)
    __rt_lib_init_exceptions_1               0x080081f1   Thumb Code     0  libinit2.o(.ARM.Collect$$libinit$$00000030)
    __rt_lib_init_fp_1                       0x080081f1   Thumb Code     0  libinit2.o(.ARM.Collect$$libinit$$00000002)
    __rt_lib_init_fp_trap_1                  0x080081f1   Thumb Code     0  libinit2.o(.ARM.Collect$$libinit$$0000001F)
    __rt_lib_init_getenv_1                   0x080081f1   Thumb Code     0  libinit2.o(.ARM.Collect$$libinit$$00000023)
    __rt_lib_init_heap_1                     0x080081f1   Thumb Code     0  libinit2.o(.ARM.Collect$$libinit$$0000000A)
    __rt_lib_init_lc_collate_1               0x080081f1   Thumb Code     0  libinit2.o(.ARM.Collect$$libinit$$00000011)
    __rt_lib_init_lc_ctype_1                 0x080081f1   Thumb Code     0  libinit2.o(.ARM.Collect$$libinit$$00000013)
    __rt_lib_init_lc_monetary_1              0x080081f1   Thumb Code     0  libinit2.o(.ARM.Collect$$libinit$$00000015)
    __rt_lib_init_lc_numeric_1               0x080081f1   Thumb Code     0  libinit2.o(.ARM.Collect$$libinit$$00000017)
    __rt_lib_init_lc_time_1                  0x080081f1   Thumb Code     0  libinit2.o(.ARM.Collect$$libinit$$00000019)
    __rt_lib_init_preinit_1                  0x080081f1   Thumb Code     0  libinit2.o(.ARM.Collect$$libinit$$00000004)
    __rt_lib_init_rand_1                     0x080081f1   Thumb Code     0  libinit2.o(.ARM.Collect$$libinit$$0000000E)
    __rt_lib_init_return                     0x080081f1   Thumb Code     0  libinit2.o(.ARM.Collect$$libinit$$00000033)
    __rt_lib_init_signal_1                   0x080081f1   Thumb Code     0  libinit2.o(.ARM.Collect$$libinit$$0000001D)
    __rt_lib_init_stdio_1                    0x080081f1   Thumb Code     0  libinit2.o(.ARM.Collect$$libinit$$00000025)
    __rt_lib_init_user_alloc_1               0x080081f1   Thumb Code     0  libinit2.o(.ARM.Collect$$libinit$$0000000C)
    __rt_lib_shutdown                        0x080081f3   Thumb Code     0  libshutdown.o(.ARM.Collect$$libshutdown$$00000000)
    __rt_lib_shutdown_fp_trap_1              0x080081f5   Thumb Code     0  libshutdown2.o(.ARM.Collect$$libshutdown$$00000006)
    __rt_lib_shutdown_heap_1                 0x080081f5   Thumb Code     0  libshutdown2.o(.ARM.Collect$$libshutdown$$0000000E)
    __rt_lib_shutdown_return                 0x080081f5   Thumb Code     0  libshutdown2.o(.ARM.Collect$$libshutdown$$0000000F)
    __rt_lib_shutdown_signal_1               0x080081f5   Thumb Code     0  libshutdown2.o(.ARM.Collect$$libshutdown$$00000009)
    __rt_lib_shutdown_stdio_1                0x080081f5   Thumb Code     0  libshutdown2.o(.ARM.Collect$$libshutdown$$00000003)
    __rt_lib_shutdown_user_alloc_1           0x080081f5   Thumb Code     0  libshutdown2.o(.ARM.Collect$$libshutdown$$0000000B)
    __rt_entry                               0x080081f7   Thumb Code     0  __rtentry.o(.ARM.Collect$$rtentry$$00000000)
    __rt_entry_presh_1                       0x080081f7   Thumb Code     0  __rtentry2.o(.ARM.Collect$$rtentry$$00000002)
    __rt_entry_sh                            0x080081f7   Thumb Code     0  __rtentry4.o(.ARM.Collect$$rtentry$$00000004)
    __rt_entry_li                            0x080081fd   Thumb Code     0  __rtentry2.o(.ARM.Collect$$rtentry$$0000000A)
    __rt_entry_postsh_1                      0x080081fd   Thumb Code     0  __rtentry2.o(.ARM.Collect$$rtentry$$00000009)
    __rt_entry_main                          0x08008201   Thumb Code     0  __rtentry2.o(.ARM.Collect$$rtentry$$0000000D)
    __rt_entry_postli_1                      0x08008201   Thumb Code     0  __rtentry2.o(.ARM.Collect$$rtentry$$0000000C)
    __rt_exit                                0x08008209   Thumb Code     0  rtexit.o(.ARM.Collect$$rtexit$$00000000)
    __rt_exit_ls                             0x0800820b   Thumb Code     0  rtexit2.o(.ARM.Collect$$rtexit$$00000003)
    __rt_exit_prels_1                        0x0800820b   Thumb Code     0  rtexit2.o(.ARM.Collect$$rtexit$$00000002)
    __rt_exit_exit                           0x0800820f   Thumb Code     0  rtexit2.o(.ARM.Collect$$rtexit$$00000004)
    Reset_Handler                            0x08008215   Thumb Code     8  startup_stm32f10x_hd.o(.text)
    ADC1_2_IRQHandler                        0x0800822f   Thumb Code     0  startup_stm32f10x_hd.o(.text)
    ADC3_IRQHandler                          0x0800822f   Thumb Code     0  startup_stm32f10x_hd.o(.text)
    CAN1_RX1_IRQHandler                      0x0800822f   Thumb Code     0  startup_stm32f10x_hd.o(.text)
    CAN1_SCE_IRQHandler                      0x0800822f   Thumb Code     0  startup_stm32f10x_hd.o(.text)
    DMA1_Channel1_IRQHandler                 0x0800822f   Thumb Code     0  startup_stm32f10x_hd.o(.text)
    DMA1_Channel2_IRQHandler                 0x0800822f   Thumb Code     0  startup_stm32f10x_hd.o(.text)
    DMA1_Channel3_IRQHandler                 0x0800822f   Thumb Code     0  startup_stm32f10x_hd.o(.text)
    DMA1_Channel4_IRQHandler                 0x0800822f   Thumb Code     0  startup_stm32f10x_hd.o(.text)
    DMA1_Channel5_IRQHandler                 0x0800822f   Thumb Code     0  startup_stm32f10x_hd.o(.text)
    DMA1_Channel6_IRQHandler                 0x0800822f   Thumb Code     0  startup_stm32f10x_hd.o(.text)
    DMA1_Channel7_IRQHandler                 0x0800822f   Thumb Code     0  startup_stm32f10x_hd.o(.text)
    DMA2_Channel1_IRQHandler                 0x0800822f   Thumb Code     0  startup_stm32f10x_hd.o(.text)
    DMA2_Channel2_IRQHandler                 0x0800822f   Thumb Code     0  startup_stm32f10x_hd.o(.text)
    DMA2_Channel3_IRQHandler                 0x0800822f   Thumb Code     0  startup_stm32f10x_hd.o(.text)
    DMA2_Channel4_5_IRQHandler               0x0800822f   Thumb Code     0  startup_stm32f10x_hd.o(.text)
    EXTI0_IRQHandler                         0x0800822f   Thumb Code     0  startup_stm32f10x_hd.o(.text)
    EXTI15_10_IRQHandler                     0x0800822f   Thumb Code     0  startup_stm32f10x_hd.o(.text)
    EXTI1_IRQHandler                         0x0800822f   Thumb Code     0  startup_stm32f10x_hd.o(.text)
    EXTI2_IRQHandler                         0x0800822f   Thumb Code     0  startup_stm32f10x_hd.o(.text)
    EXTI3_IRQHandler                         0x0800822f   Thumb Code     0  startup_stm32f10x_hd.o(.text)
    EXTI4_IRQHandler                         0x0800822f   Thumb Code     0  startup_stm32f10x_hd.o(.text)
    EXTI9_5_IRQHandler                       0x0800822f   Thumb Code     0  startup_stm32f10x_hd.o(.text)
    FLASH_IRQHandler                         0x0800822f   Thumb Code     0  startup_stm32f10x_hd.o(.text)
    FSMC_IRQHandler                          0x0800822f   Thumb Code     0  startup_stm32f10x_hd.o(.text)
    I2C1_ER_IRQHandler                       0x0800822f   Thumb Code     0  startup_stm32f10x_hd.o(.text)
    I2C1_EV_IRQHandler                       0x0800822f   Thumb Code     0  startup_stm32f10x_hd.o(.text)
    I2C2_ER_IRQHandler                       0x0800822f   Thumb Code     0  startup_stm32f10x_hd.o(.text)
    I2C2_EV_IRQHandler                       0x0800822f   Thumb Code     0  startup_stm32f10x_hd.o(.text)
    PVD_IRQHandler                           0x0800822f   Thumb Code     0  startup_stm32f10x_hd.o(.text)
    RCC_IRQHandler                           0x0800822f   Thumb Code     0  startup_stm32f10x_hd.o(.text)
    RTCAlarm_IRQHandler                      0x0800822f   Thumb Code     0  startup_stm32f10x_hd.o(.text)
    RTC_IRQHandler                           0x0800822f   Thumb Code     0  startup_stm32f10x_hd.o(.text)
    SDIO_IRQHandler                          0x0800822f   Thumb Code     0  startup_stm32f10x_hd.o(.text)
    SPI1_IRQHandler                          0x0800822f   Thumb Code     0  startup_stm32f10x_hd.o(.text)
    SPI2_IRQHandler                          0x0800822f   Thumb Code     0  startup_stm32f10x_hd.o(.text)
    SPI3_IRQHandler                          0x0800822f   Thumb Code     0  startup_stm32f10x_hd.o(.text)
    TAMPER_IRQHandler                        0x0800822f   Thumb Code     0  startup_stm32f10x_hd.o(.text)
    TIM1_BRK_IRQHandler                      0x0800822f   Thumb Code     0  startup_stm32f10x_hd.o(.text)
    TIM1_CC_IRQHandler                       0x0800822f   Thumb Code     0  startup_stm32f10x_hd.o(.text)
    TIM1_TRG_COM_IRQHandler                  0x0800822f   Thumb Code     0  startup_stm32f10x_hd.o(.text)
    TIM1_UP_IRQHandler                       0x0800822f   Thumb Code     0  startup_stm32f10x_hd.o(.text)
    TIM2_IRQHandler                          0x0800822f   Thumb Code     0  startup_stm32f10x_hd.o(.text)
    TIM3_IRQHandler                          0x0800822f   Thumb Code     0  startup_stm32f10x_hd.o(.text)
    TIM4_IRQHandler                          0x0800822f   Thumb Code     0  startup_stm32f10x_hd.o(.text)
    TIM5_IRQHandler                          0x0800822f   Thumb Code     0  startup_stm32f10x_hd.o(.text)
    TIM6_IRQHandler                          0x0800822f   Thumb Code     0  startup_stm32f10x_hd.o(.text)
    TIM7_IRQHandler                          0x0800822f   Thumb Code     0  startup_stm32f10x_hd.o(.text)
    TIM8_BRK_IRQHandler                      0x0800822f   Thumb Code     0  startup_stm32f10x_hd.o(.text)
    TIM8_CC_IRQHandler                       0x0800822f   Thumb Code     0  startup_stm32f10x_hd.o(.text)
    TIM8_TRG_COM_IRQHandler                  0x0800822f   Thumb Code     0  startup_stm32f10x_hd.o(.text)
    TIM8_UP_IRQHandler                       0x0800822f   Thumb Code     0  startup_stm32f10x_hd.o(.text)
    UART4_IRQHandler                         0x0800822f   Thumb Code     0  startup_stm32f10x_hd.o(.text)
    UART5_IRQHandler                         0x0800822f   Thumb Code     0  startup_stm32f10x_hd.o(.text)
    USART2_IRQHandler                        0x0800822f   Thumb Code     0  startup_stm32f10x_hd.o(.text)
    USART3_IRQHandler                        0x0800822f   Thumb Code     0  startup_stm32f10x_hd.o(.text)
    USB_HP_CAN1_TX_IRQHandler                0x0800822f   Thumb Code     0  startup_stm32f10x_hd.o(.text)
    WWDG_IRQHandler                          0x0800822f   Thumb Code     0  startup_stm32f10x_hd.o(.text)
    __user_initial_stackheap                 0x08008231   Thumb Code     0  startup_stm32f10x_hd.o(.text)
    __use_no_semihosting                     0x08008255   Thumb Code     2  use_no_semi_2.o(.text)
    __2printf                                0x08008259   Thumb Code    20  noretval__2printf.o(.text)
    __printf                                 0x08008271   Thumb Code   104  __printf.o(.text)
    _printf_int_dec                          0x080082d9   Thumb Code   104  _printf_dec.o(.text)
    __aeabi_memclr4                          0x08008351   Thumb Code     0  rt_memclr_w.o(.text)
    __aeabi_memclr8                          0x08008351   Thumb Code     0  rt_memclr_w.o(.text)
    __rt_memclr_w                            0x08008351   Thumb Code    78  rt_memclr_w.o(.text)
    _memset_w                                0x08008355   Thumb Code     0  rt_memclr_w.o(.text)
    strcmp                                   0x080083a1   Thumb Code   128  strcmpv7m.o(.text)
    __use_two_region_memory                  0x08008421   Thumb Code     2  heapauxi.o(.text)
    __rt_heap_escrow$2region                 0x08008423   Thumb Code     2  heapauxi.o(.text)
    __rt_heap_expand$2region                 0x08008425   Thumb Code     2  heapauxi.o(.text)
    __I$use$semihosting                      0x08008427   Thumb Code     0  use_no_semi.o(.text)
    __use_no_semihosting_swi                 0x08008427   Thumb Code     2  use_no_semi.o(.text)
    _printf_int_common                       0x08008429   Thumb Code   178  _printf_intcommon.o(.text)
    _printf_char_file                        0x080084dd   Thumb Code    32  _printf_char_file.o(.text)
    _printf_char_common                      0x0800850b   Thumb Code    32  _printf_char_common.o(.text)
    ferror                                   0x08008531   Thumb Code     8  ferror.o(.text)
    __user_setup_stackheap                   0x08008539   Thumb Code    74  sys_stackheap_outer.o(.text)
    exit                                     0x08008583   Thumb Code    12  exit.o(.text)
    __user_libspace                          0x08008591   Thumb Code     8  libspace.o(.text)
    __user_perproc_libspace                  0x08008591   Thumb Code     0  libspace.o(.text)
    __user_perthread_libspace                0x08008591   Thumb Code     0  libspace.o(.text)
    BusFault_Handler                         0x08008599   Thumb Code     4  stm32f10x_it.o(i.BusFault_Handler)
    ByteSwap                                 0x0800859d   Thumb Code    12  usb_regs.o(i.ByteSwap)
    CTR_LP                                   0x080085a9   Thumb Code   616  usb_int.o(i.CTR_LP)
    CT_Delay                                 0x08008831   Thumb Code    10  ctiic.o(i.CT_Delay)
    CT_IIC_Ack                               0x0800883d   Thumb Code    62  ctiic.o(i.CT_IIC_Ack)
    CT_IIC_Init                              0x08008889   Thumb Code    54  ctiic.o(i.CT_IIC_Init)
    CT_IIC_NAck                              0x080088c9   Thumb Code    62  ctiic.o(i.CT_IIC_NAck)
    CT_IIC_Read_Byte                         0x08008915   Thumb Code    92  ctiic.o(i.CT_IIC_Read_Byte)
    CT_IIC_Send_Byte                         0x0800897d   Thumb Code    80  ctiic.o(i.CT_IIC_Send_Byte)
    CT_IIC_Start                             0x080089d9   Thumb Code    60  ctiic.o(i.CT_IIC_Start)
    CT_IIC_Stop                              0x08008a21   Thumb Code    60  ctiic.o(i.CT_IIC_Stop)
    CT_IIC_Wait_Ack                          0x08008a69   Thumb Code    86  ctiic.o(i.CT_IIC_Wait_Ack)
    ClearDTOG_RX                             0x08008acd   Thumb Code    48  usb_regs.o(i.ClearDTOG_RX)
    ClearDTOG_TX                             0x08008b01   Thumb Code    48  usb_regs.o(i.ClearDTOG_TX)
    Clear_Status_Out                         0x08008b35   Thumb Code    34  usb_regs.o(i.Clear_Status_Out)
    DebugMon_Handler                         0x08008f71   Thumb Code     2  stm32f10x_it.o(i.DebugMon_Handler)
    EP1_IN_Callback                          0x08008f75   Thumb Code     8  usb_endp.o(i.EP1_IN_Callback)
    EXTI_ClearITPendingBit                   0x08008f81   Thumb Code     6  stm32f10x_exti.o(i.EXTI_ClearITPendingBit)
    EXTI_Init                                0x08008f8d   Thumb Code   142  stm32f10x_exti.o(i.EXTI_Init)
    Enter_LowPowerMode                       0x08009021   Thumb Code    16  hw_config.o(i.Enter_LowPowerMode)
    GPIO_Init                                0x08009051   Thumb Code   278  stm32f10x_gpio.o(i.GPIO_Init)
    GPIO_PinRemapConfig                      0x08009169   Thumb Code   138  stm32f10x_gpio.o(i.GPIO_PinRemapConfig)
    GPIO_ResetBits                           0x080091f9   Thumb Code     4  stm32f10x_gpio.o(i.GPIO_ResetBits)
    GPIO_SetBits                             0x080091fd   Thumb Code     4  stm32f10x_gpio.o(i.GPIO_SetBits)
    GT1151_Init                              0x08009201   Thumb Code   226  gt1151.o(i.GT1151_Init)
    GT1151_RD_Reg                            0x080092f9   Thumb Code    98  gt1151.o(i.GT1151_RD_Reg)
    GT1151_Scan                              0x0800935d   Thumb Code   202  gt1151.o(i.GT1151_Scan)
    GT1151_Send_Cfg                          0x08009435   Thumb Code    52  gt1151.o(i.GT1151_Send_Cfg)
    GT1151_WR_Reg                            0x0800946d   Thumb Code    92  gt1151.o(i.GT1151_WR_Reg)
    GetEPRxAddr                              0x080094c9   Thumb Code    24  usb_regs.o(i.GetEPRxAddr)
    GetEPTxAddr                              0x080094e9   Thumb Code    22  usb_regs.o(i.GetEPTxAddr)
    Get_SerialNum                            0x08009509   Thumb Code    42  hw_config.o(i.Get_SerialNum)
    HardFault_Handler                        0x0800953d   Thumb Code     4  stm32f10x_it.o(i.HardFault_Handler)
    In0_Process                              0x08009541   Thumb Code    98  usb_core.o(i.In0_Process)
    Joystick_Data_Setup                      0x080095f1   Thumb Code   214  usb_prop.o(i.Joystick_Data_Setup)
    Joystick_GetConfigDescriptor             0x080096e5   Thumb Code    14  usb_prop.o(i.Joystick_GetConfigDescriptor)
    Joystick_GetDeviceDescriptor             0x080096f9   Thumb Code    14  usb_prop.o(i.Joystick_GetDeviceDescriptor)
    Joystick_GetHIDDescriptor                0x0800970d   Thumb Code    14  usb_prop.o(i.Joystick_GetHIDDescriptor)
    Joystick_GetProtocolValue                0x08009721   Thumb Code    20  usb_prop.o(i.Joystick_GetProtocolValue)
    Joystick_GetReport                       0x0800973d   Thumb Code    20  usb_prop.o(i.Joystick_GetReport)
    Joystick_GetReportDescriptor             0x08009759   Thumb Code    14  usb_prop.o(i.Joystick_GetReportDescriptor)
    Joystick_GetStringDescriptor             0x0800976d   Thumb Code    32  usb_prop.o(i.Joystick_GetStringDescriptor)
    Joystick_Get_Interface_Setting           0x08009795   Thumb Code    22  usb_prop.o(i.Joystick_Get_Interface_Setting)
    Joystick_NoData_Setup                    0x080097ad   Thumb Code    56  usb_prop.o(i.Joystick_NoData_Setup)
    Joystick_Reset                           0x080097e9   Thumb Code   148  usb_prop.o(i.Joystick_Reset)
    Joystick_SetConfiguration                0x0800988d   Thumb Code    14  usb_prop.o(i.Joystick_SetConfiguration)
    Joystick_SetDeviceAddress                0x080098a5   Thumb Code     8  usb_prop.o(i.Joystick_SetDeviceAddress)
    Joystick_SetIdle                         0x080098b1   Thumb Code     4  usb_prop.o(i.Joystick_SetIdle)
    Joystick_SetProtocol                     0x080098b5   Thumb Code    14  usb_prop.o(i.Joystick_SetProtocol)
    Joystick_SetReport                       0x080098cd   Thumb Code    20  usb_prop.o(i.Joystick_SetReport)
    Joystick_Status_In                       0x080098e9   Thumb Code    24  usb_prop.o(i.Joystick_Status_In)
    Joystick_Status_Out                      0x0800990d   Thumb Code     2  usb_prop.o(i.Joystick_Status_Out)
    Joystick_init                            0x08009911   Thumb Code    30  usb_prop.o(i.Joystick_init)
    Leave_LowPowerMode                       0x08009939   Thumb Code    22  hw_config.o(i.Leave_LowPowerMode)
    MemManage_Handler                        0x08009959   Thumb Code     4  stm32f10x_it.o(i.MemManage_Handler)
    MulTouch_Send                            0x0800995d   Thumb Code   244  hw_config.o(i.MulTouch_Send)
    NMI_Handler                              0x08009a55   Thumb Code     2  stm32f10x_it.o(i.NMI_Handler)
    NOP_Process                              0x08009a57   Thumb Code     2  usb_core.o(i.NOP_Process)
    NVIC_Init                                0x08009a59   Thumb Code   100  misc.o(i.NVIC_Init)
    NVIC_PriorityGroupConfig                 0x08009ac9   Thumb Code    10  misc.o(i.NVIC_PriorityGroupConfig)
    Out0_Process                             0x08009c15   Thumb Code    70  usb_core.o(i.Out0_Process)
    PMAToUserBufferCopy                      0x08009c65   Thumb Code    34  usb_mem.o(i.PMAToUserBufferCopy)
    PendSV_Handler                           0x08009c8d   Thumb Code     2  stm32f10x_it.o(i.PendSV_Handler)
    Post0_Process                            0x08009c91   Thumb Code    54  usb_core.o(i.Post0_Process)
    PowerOn                                  0x08009cd9   Thumb Code    54  usb_pwr.o(i.PowerOn)
    RCC_APB1PeriphClockCmd                   0x08009d19   Thumb Code    26  stm32f10x_rcc.o(i.RCC_APB1PeriphClockCmd)
    RCC_APB2PeriphClockCmd                   0x08009d39   Thumb Code    26  stm32f10x_rcc.o(i.RCC_APB2PeriphClockCmd)
    RCC_GetClocksFreq                        0x08009d59   Thumb Code   192  stm32f10x_rcc.o(i.RCC_GetClocksFreq)
    RCC_USBCLKConfig                         0x08009e2d   Thumb Code     6  stm32f10x_rcc.o(i.RCC_USBCLKConfig)
    Resume                                   0x08009e39   Thumb Code   194  usb_pwr.o(i.Resume)
    Resume_Init                              0x08009f09   Thumb Code    30  usb_pwr.o(i.Resume_Init)
    SGPIO_Init                               0x08009f2d   Thumb Code    46  main.o(i.SGPIO_Init)
    SVC_Handler                              0x08009f65   Thumb Code     2  stm32f10x_it.o(i.SVC_Handler)
    SetBTABLE                                0x08009f69   Thumb Code    12  usb_regs.o(i.SetBTABLE)
    SetDeviceAddress                         0x08009f79   Thumb Code    68  usb_core.o(i.SetDeviceAddress)
    SetEPRxAddr                              0x08009fc9   Thumb Code    26  usb_regs.o(i.SetEPRxAddr)
    SetEPRxCount                             0x08009fed   Thumb Code    68  usb_regs.o(i.SetEPRxCount)
    SetEPRxStatus                            0x0800a039   Thumb Code    60  usb_regs.o(i.SetEPRxStatus)
    SetEPRxValid                             0x0800a079   Thumb Code    48  usb_regs.o(i.SetEPRxValid)
    SetEPTxAddr                              0x0800a0ad   Thumb Code    24  usb_regs.o(i.SetEPTxAddr)
    SetEPTxCount                             0x0800a0cd   Thumb Code    20  usb_regs.o(i.SetEPTxCount)
    SetEPTxStatus                            0x0800a0e9   Thumb Code    60  usb_regs.o(i.SetEPTxStatus)
    SetEPTxValid                             0x0800a129   Thumb Code    48  usb_regs.o(i.SetEPTxValid)
    SetEPType                                0x0800a15d   Thumb Code    32  usb_regs.o(i.SetEPType)
    Set_USBClock                             0x0800a269   Thumb Code    18  hw_config.o(i.Set_USBClock)
    Setup0_Process                           0x0800a27d   Thumb Code   170  usb_core.o(i.Setup0_Process)
    Standard_ClearFeature                    0x0800a335   Thumb Code   342  usb_core.o(i.Standard_ClearFeature)
    Standard_GetConfiguration                0x0800a4a1   Thumb Code    34  usb_core.o(i.Standard_GetConfiguration)
    Standard_GetDescriptorData               0x0800a4cd   Thumb Code    32  usb_core.o(i.Standard_GetDescriptorData)
    Standard_GetInterface                    0x0800a4f1   Thumb Code    34  usb_core.o(i.Standard_GetInterface)
    Standard_GetStatus                       0x0800a51d   Thumb Code   238  usb_core.o(i.Standard_GetStatus)
    Standard_SetConfiguration                0x0800a61d   Thumb Code    60  usb_core.o(i.Standard_SetConfiguration)
    Standard_SetDeviceFeature                0x0800a665   Thumb Code    30  usb_core.o(i.Standard_SetDeviceFeature)
    Standard_SetEndPointFeature              0x0800a68d   Thumb Code   192  usb_core.o(i.Standard_SetEndPointFeature)
    Standard_SetInterface                    0x0800a75d   Thumb Code    96  usb_core.o(i.Standard_SetInterface)
    Suspend                                  0x0800a7c9   Thumb Code   142  usb_pwr.o(i.Suspend)
    SysTick_CLKSourceConfig                  0x0800a865   Thumb Code    40  misc.o(i.SysTick_CLKSourceConfig)
    SysTick_Handler                          0x0800a88d   Thumb Code     2  stm32f10x_it.o(i.SysTick_Handler)
    SystemInit                               0x0800a891   Thumb Code    78  system_stm32f10x.o(i.SystemInit)
    TP_Init                                  0x0800a8f1   Thumb Code    16  touch.o(i.TP_Init)
    USART1_IRQHandler                        0x0800a909   Thumb Code   122  usart.o(i.USART1_IRQHandler)
    USART_Cmd                                0x0800a991   Thumb Code    24  stm32f10x_usart.o(i.USART_Cmd)
    USART_GetITStatus                        0x0800a9a9   Thumb Code    84  stm32f10x_usart.o(i.USART_GetITStatus)
    USART_ITConfig                           0x0800a9fd   Thumb Code    74  stm32f10x_usart.o(i.USART_ITConfig)
    USART_Init                               0x0800aa49   Thumb Code   210  stm32f10x_usart.o(i.USART_Init)
    USART_ReceiveData                        0x0800ab21   Thumb Code    10  stm32f10x_usart.o(i.USART_ReceiveData)
    USBWakeUp_IRQHandler                     0x0800ab2b   Thumb Code    12  hw_config.o(i.USBWakeUp_IRQHandler)
    USB_Cable_Config                         0x0800ab39   Thumb Code    22  hw_config.o(i.USB_Cable_Config)
    USB_Init                                 0x0800ab81   Thumb Code    44  usb_init.o(i.USB_Init)
    USB_Interrupts_Config                    0x0800abc5   Thumb Code    84  hw_config.o(i.USB_Interrupts_Config)
    USB_Istr                                 0x0800ac19   Thumb Code   460  usb_istr.o(i.USB_Istr)
    USB_LP_CAN1_RX0_IRQHandler               0x0800ae11   Thumb Code     8  hw_config.o(i.USB_LP_CAN1_RX0_IRQHandler)
    USB_Port_Set                             0x0800ae19   Thumb Code    26  hw_config.o(i.USB_Port_Set)
    USB_SIL_Init                             0x0800ae39   Thumb Code    28  usb_sil.o(i.USB_SIL_Init)
    UsageFault_Handler                       0x0800ae5d   Thumb Code     4  stm32f10x_it.o(i.UsageFault_Handler)
    UserToPMABufferCopy                      0x0800ae61   Thumb Code    52  usb_mem.o(i.UserToPMABufferCopy)
    _sys_exit                                0x0800ae99   Thumb Code     6  usart.o(i._sys_exit)
    delay_init                               0x0800aea1   Thumb Code    50  delay.o(i.delay_init)
    delay_ms                                 0x0800aee5   Thumb Code    72  delay.o(i.delay_ms)
    delay_us                                 0x0800af31   Thumb Code    72  delay.o(i.delay_us)
    fputc                                    0x0800af7d   Thumb Code    24  usart.o(i.fputc)
    main                                     0x0800af99   Thumb Code   530  main.o(i.main)
    uart_init                                0x0800b1fd   Thumb Code   152  usart.o(i.uart_init)
    GT1151_CFG_TBL                           0x0800b29c   Data         239  gt1151.o(.constdata)
    GT1151_TPX_TBL                           0x0800b38c   Data          20  gt1151.o(.constdata)
    Joystick_DeviceDescriptor                0x0800b3a0   Data          18  usb_desc.o(.constdata)
    Joystick_ConfigDescriptor                0x0800b3b2   Data          34  usb_desc.o(.constdata)
    Joystick_ReportDescriptor                0x0800b3d4   Data         245  usb_desc.o(.constdata)
    Joystick_StringLangID                    0x0800b4c9   Data           4  usb_desc.o(.constdata)
    Joystick_StringVendor                    0x0800b4cd   Data          16  usb_desc.o(.constdata)
    Joystick_StringProduct                   0x0800b4dd   Data          32  usb_desc.o(.constdata)
    Region$$Table$$Base                      0x0800b500   Number         0  anon$$obj.o(Region$$Table)
    Region$$Table$$Limit                     0x0800b520   Number         0  anon$$obj.o(Region$$Table)
    SystemCoreClock                          0x20000000   Data           4  system_stm32f10x.o(.data)
    AHBPrescTable                            0x20000004   Data          16  system_stm32f10x.o(.data)
    tp_dev                                   0x20000014   Data          36  touch.o(.data)
    __stdout                                 0x20000040   Data           4  usart.o(.data)
    USART_RX_STA                             0x20000044   Data           2  usart.o(.data)
    StatusInfo                               0x2000005a   Data           2  usb_core.o(.data)
    Data_Mul_MaxPacketSize                   0x2000005c   Data           1  usb_core.o(.data)
    EPindex                                  0x20000060   Data           1  usb_init.o(.data)
    pInformation                             0x20000064   Data           4  usb_init.o(.data)
    pProperty                                0x20000068   Data           4  usb_init.o(.data)
    SaveState                                0x2000006c   Data           2  usb_init.o(.data)
    wInterrupt_Mask                          0x2000006e   Data           2  usb_init.o(.data)
    pUser_Standard_Requests                  0x20000070   Data           4  usb_init.o(.data)
    SaveRState                               0x20000074   Data           2  usb_int.o(.data)
    SaveTState                               0x20000076   Data           2  usb_int.o(.data)
    PrevXferComplete                         0x20000078   Data           1  hw_config.o(.data)
    Joystick_StringSerial                    0x20000079   Data          26  usb_desc.o(.data)
    USB_flag                                 0x20000094   Data           1  usb_istr.o(.data)
    wIstr                                    0x20000096   Data           2  usb_istr.o(.data)
    bIntPackSOF                              0x20000098   Data           1  usb_istr.o(.data)
    esof_counter                             0x2000009c   Data           4  usb_istr.o(.data)
    wCNTR                                    0x200000a0   Data           4  usb_istr.o(.data)
    pEpInt_IN                                0x200000a4   Data          28  usb_istr.o(.data)
    pEpInt_OUT                               0x200000c0   Data          28  usb_istr.o(.data)
    ProtocolValue                            0x200000dc   Data           4  usb_prop.o(.data)
    Request                                  0x200000e0   Data           1  usb_prop.o(.data)
    TMode                                    0x200000e1   Data           1  usb_prop.o(.data)
    TouchMode                                0x200000e2   Data           3  usb_prop.o(.data)
    Device_Table                             0x200000e5   Data           2  usb_prop.o(.data)
    Device_Property                          0x200000e8   Data          48  usb_prop.o(.data)
    User_Standard_Requests                   0x20000118   Data          36  usb_prop.o(.data)
    Device_Descriptor                        0x2000013c   Data           8  usb_prop.o(.data)
    Config_Descriptor                        0x20000144   Data           8  usb_prop.o(.data)
    Joystick_Report_Descriptor               0x2000014c   Data           8  usb_prop.o(.data)
    Mouse_Hid_Descriptor                     0x20000154   Data           8  usb_prop.o(.data)
    String_Descriptor                        0x2000015c   Data          32  usb_prop.o(.data)
    MaxContactCountReport                    0x2000017c   Data           2  usb_prop.o(.data)
    bDeviceState                             0x20000180   Data           4  usb_pwr.o(.data)
    fSuspendEnabled                          0x20000184   Data           1  usb_pwr.o(.data)
    ResumeS                                  0x20000185   Data           2  usb_pwr.o(.data)
    remotewakeupon                           0x20000188   Data           4  usb_pwr.o(.data)
    USART_RX_BUF                             0x2000018c   Data         200  usart.o(.bss)
    Device_Info                              0x20000254   Data          28  usb_init.o(.bss)
    EP                                       0x20000270   Data          32  usb_pwr.o(.bss)
    __libspace_start                         0x20000290   Data          96  libspace.o(.bss)
    __temporary_stack_top$libspace           0x200002f0   Data           0  libspace.o(.bss)



==============================================================================

Memory Map of the image

  Image Entry point : 0x08008131

  Load Region LR_IROM1 (Base: 0x08008000, Size: 0x000036ac, Max: 0x00007fff, ABSOLUTE, COMPRESSED[0x000035bc])

    Execution Region ER_IROM1 (Base: 0x08008000, Size: 0x00003520, Max: 0x00007fff, ABSOLUTE)

    Base Addr    Size         Type   Attr      Idx    E Section Name        Object

    0x08008000   0x00000130   Data   RO          686    RESET               startup_stm32f10x_hd.o
    0x08008130   0x00000008   Code   RO         2285  * !!!main             c_w.l(__main.o)
    0x08008138   0x00000034   Code   RO         2471    !!!scatter          c_w.l(__scatter.o)
    0x0800816c   0x0000005a   Code   RO         2469    !!dczerorl2         c_w.l(__dczerorl2.o)
    0x080081c6   0x00000002   PAD
    0x080081c8   0x0000001c   Code   RO         2473    !!handler_zi        c_w.l(__scatter_zi.o)
    0x080081e4   0x00000000   Code   RO         2278    .ARM.Collect$$_printf_percent$$00000000  c_w.l(_printf_percent.o)
    0x080081e4   0x00000006   Code   RO         2277    .ARM.Collect$$_printf_percent$$00000009  c_w.l(_printf_d.o)
    0x080081ea   0x00000004   Code   RO         2306    .ARM.Collect$$_printf_percent$$00000017  c_w.l(_printf_percent_end.o)
    0x080081ee   0x00000002   Code   RO         2344    .ARM.Collect$$libinit$$00000000  c_w.l(libinit.o)
    0x080081f0   0x00000000   Code   RO         2351    .ARM.Collect$$libinit$$00000002  c_w.l(libinit2.o)
    0x080081f0   0x00000000   Code   RO         2353    .ARM.Collect$$libinit$$00000004  c_w.l(libinit2.o)
    0x080081f0   0x00000000   Code   RO         2356    .ARM.Collect$$libinit$$0000000A  c_w.l(libinit2.o)
    0x080081f0   0x00000000   Code   RO         2358    .ARM.Collect$$libinit$$0000000C  c_w.l(libinit2.o)
    0x080081f0   0x00000000   Code   RO         2360    .ARM.Collect$$libinit$$0000000E  c_w.l(libinit2.o)
    0x080081f0   0x00000000   Code   RO         2363    .ARM.Collect$$libinit$$00000011  c_w.l(libinit2.o)
    0x080081f0   0x00000000   Code   RO         2365    .ARM.Collect$$libinit$$00000013  c_w.l(libinit2.o)
    0x080081f0   0x00000000   Code   RO         2367    .ARM.Collect$$libinit$$00000015  c_w.l(libinit2.o)
    0x080081f0   0x00000000   Code   RO         2369    .ARM.Collect$$libinit$$00000017  c_w.l(libinit2.o)
    0x080081f0   0x00000000   Code   RO         2371    .ARM.Collect$$libinit$$00000019  c_w.l(libinit2.o)
    0x080081f0   0x00000000   Code   RO         2373    .ARM.Collect$$libinit$$0000001B  c_w.l(libinit2.o)
    0x080081f0   0x00000000   Code   RO         2375    .ARM.Collect$$libinit$$0000001D  c_w.l(libinit2.o)
    0x080081f0   0x00000000   Code   RO         2377    .ARM.Collect$$libinit$$0000001F  c_w.l(libinit2.o)
    0x080081f0   0x00000000   Code   RO         2379    .ARM.Collect$$libinit$$00000021  c_w.l(libinit2.o)
    0x080081f0   0x00000000   Code   RO         2381    .ARM.Collect$$libinit$$00000023  c_w.l(libinit2.o)
    0x080081f0   0x00000000   Code   RO         2383    .ARM.Collect$$libinit$$00000025  c_w.l(libinit2.o)
    0x080081f0   0x00000000   Code   RO         2387    .ARM.Collect$$libinit$$0000002C  c_w.l(libinit2.o)
    0x080081f0   0x00000000   Code   RO         2389    .ARM.Collect$$libinit$$0000002E  c_w.l(libinit2.o)
    0x080081f0   0x00000000   Code   RO         2391    .ARM.Collect$$libinit$$00000030  c_w.l(libinit2.o)
    0x080081f0   0x00000000   Code   RO         2393    .ARM.Collect$$libinit$$00000032  c_w.l(libinit2.o)
    0x080081f0   0x00000002   Code   RO         2394    .ARM.Collect$$libinit$$00000033  c_w.l(libinit2.o)
    0x080081f2   0x00000002   Code   RO         2412    .ARM.Collect$$libshutdown$$00000000  c_w.l(libshutdown.o)
    0x080081f4   0x00000000   Code   RO         2423    .ARM.Collect$$libshutdown$$00000003  c_w.l(libshutdown2.o)
    0x080081f4   0x00000000   Code   RO         2426    .ARM.Collect$$libshutdown$$00000006  c_w.l(libshutdown2.o)
    0x080081f4   0x00000000   Code   RO         2429    .ARM.Collect$$libshutdown$$00000009  c_w.l(libshutdown2.o)
    0x080081f4   0x00000000   Code   RO         2431    .ARM.Collect$$libshutdown$$0000000B  c_w.l(libshutdown2.o)
    0x080081f4   0x00000000   Code   RO         2434    .ARM.Collect$$libshutdown$$0000000E  c_w.l(libshutdown2.o)
    0x080081f4   0x00000002   Code   RO         2435    .ARM.Collect$$libshutdown$$0000000F  c_w.l(libshutdown2.o)
    0x080081f6   0x00000000   Code   RO         2301    .ARM.Collect$$rtentry$$00000000  c_w.l(__rtentry.o)
    0x080081f6   0x00000000   Code   RO         2313    .ARM.Collect$$rtentry$$00000002  c_w.l(__rtentry2.o)
    0x080081f6   0x00000006   Code   RO         2325    .ARM.Collect$$rtentry$$00000004  c_w.l(__rtentry4.o)
    0x080081fc   0x00000000   Code   RO         2315    .ARM.Collect$$rtentry$$00000009  c_w.l(__rtentry2.o)
    0x080081fc   0x00000004   Code   RO         2316    .ARM.Collect$$rtentry$$0000000A  c_w.l(__rtentry2.o)
    0x08008200   0x00000000   Code   RO         2318    .ARM.Collect$$rtentry$$0000000C  c_w.l(__rtentry2.o)
    0x08008200   0x00000008   Code   RO         2319    .ARM.Collect$$rtentry$$0000000D  c_w.l(__rtentry2.o)
    0x08008208   0x00000002   Code   RO         2348    .ARM.Collect$$rtexit$$00000000  c_w.l(rtexit.o)
    0x0800820a   0x00000000   Code   RO         2396    .ARM.Collect$$rtexit$$00000002  c_w.l(rtexit2.o)
    0x0800820a   0x00000004   Code   RO         2397    .ARM.Collect$$rtexit$$00000003  c_w.l(rtexit2.o)
    0x0800820e   0x00000006   Code   RO         2398    .ARM.Collect$$rtexit$$00000004  c_w.l(rtexit2.o)
    0x08008214   0x00000040   Code   RO          687    .text               startup_stm32f10x_hd.o
    0x08008254   0x00000002   Code   RO         2225    .text               c_w.l(use_no_semi_2.o)
    0x08008256   0x00000002   PAD
    0x08008258   0x00000018   Code   RO         2229    .text               c_w.l(noretval__2printf.o)
    0x08008270   0x00000068   Code   RO         2231    .text               c_w.l(__printf.o)
    0x080082d8   0x00000078   Code   RO         2233    .text               c_w.l(_printf_dec.o)
    0x08008350   0x0000004e   Code   RO         2279    .text               c_w.l(rt_memclr_w.o)
    0x0800839e   0x00000002   PAD
    0x080083a0   0x00000080   Code   RO         2281    .text               c_w.l(strcmpv7m.o)
    0x08008420   0x00000006   Code   RO         2283    .text               c_w.l(heapauxi.o)
    0x08008426   0x00000002   Code   RO         2299    .text               c_w.l(use_no_semi.o)
    0x08008428   0x000000b2   Code   RO         2302    .text               c_w.l(_printf_intcommon.o)
    0x080084da   0x00000002   PAD
    0x080084dc   0x00000024   Code   RO         2304    .text               c_w.l(_printf_char_file.o)
    0x08008500   0x00000030   Code   RO         2327    .text               c_w.l(_printf_char_common.o)
    0x08008530   0x00000008   Code   RO         2329    .text               c_w.l(ferror.o)
    0x08008538   0x0000004a   Code   RO         2333    .text               c_w.l(sys_stackheap_outer.o)
    0x08008582   0x0000000c   Code   RO         2337    .text               c_w.l(exit.o)
    0x0800858e   0x00000002   PAD
    0x08008590   0x00000008   Code   RO         2345    .text               c_w.l(libspace.o)
    0x08008598   0x00000004   Code   RO          145    i.BusFault_Handler  stm32f10x_it.o
    0x0800859c   0x0000000c   Code   RO         1522    i.ByteSwap          usb_regs.o
    0x080085a8   0x00000288   Code   RO         1475    i.CTR_LP            usb_int.o
    0x08008830   0x0000000a   Code   RO          532    i.CT_Delay          ctiic.o
    0x0800883a   0x00000002   PAD
    0x0800883c   0x0000004c   Code   RO          533    i.CT_IIC_Ack        ctiic.o
    0x08008888   0x00000040   Code   RO          534    i.CT_IIC_Init       ctiic.o
    0x080088c8   0x0000004c   Code   RO          535    i.CT_IIC_NAck       ctiic.o
    0x08008914   0x00000068   Code   RO          536    i.CT_IIC_Read_Byte  ctiic.o
    0x0800897c   0x0000005c   Code   RO          537    i.CT_IIC_Send_Byte  ctiic.o
    0x080089d8   0x00000048   Code   RO          538    i.CT_IIC_Start      ctiic.o
    0x08008a20   0x00000048   Code   RO          539    i.CT_IIC_Stop       ctiic.o
    0x08008a68   0x00000064   Code   RO          540    i.CT_IIC_Wait_Ack   ctiic.o
    0x08008acc   0x00000034   Code   RO         1523    i.ClearDTOG_RX      usb_regs.o
    0x08008b00   0x00000034   Code   RO         1524    i.ClearDTOG_TX      usb_regs.o
    0x08008b34   0x00000028   Code   RO         1529    i.Clear_Status_Out  usb_regs.o
    0x08008b5c   0x000000c0   Code   RO         1326    i.DataStageIn       usb_core.o
    0x08008c1c   0x000000bc   Code   RO         1327    i.DataStageOut      usb_core.o
    0x08008cd8   0x00000298   Code   RO         1328    i.Data_Setup0       usb_core.o
    0x08008f70   0x00000002   Code   RO          146    i.DebugMon_Handler  stm32f10x_it.o
    0x08008f72   0x00000002   PAD
    0x08008f74   0x0000000c   Code   RO         2010    i.EP1_IN_Callback   usb_endp.o
    0x08008f80   0x0000000c   Code   RO         1273    i.EXTI_ClearITPendingBit  stm32f10x_exti.o
    0x08008f8c   0x00000094   Code   RO         1278    i.EXTI_Init         stm32f10x_exti.o
    0x08009020   0x00000030   Code   RO         1906    i.Enter_LowPowerMode  hw_config.o
    0x08009050   0x00000116   Code   RO          748    i.GPIO_Init         stm32f10x_gpio.o
    0x08009166   0x00000002   PAD
    0x08009168   0x00000090   Code   RO          750    i.GPIO_PinRemapConfig  stm32f10x_gpio.o
    0x080091f8   0x00000004   Code   RO          755    i.GPIO_ResetBits    stm32f10x_gpio.o
    0x080091fc   0x00000004   Code   RO          756    i.GPIO_SetBits      stm32f10x_gpio.o
    0x08009200   0x000000f8   Code   RO          614    i.GT1151_Init       gt1151.o
    0x080092f8   0x00000062   Code   RO          615    i.GT1151_RD_Reg     gt1151.o
    0x0800935a   0x00000002   PAD
    0x0800935c   0x000000d8   Code   RO          616    i.GT1151_Scan       gt1151.o
    0x08009434   0x00000038   Code   RO          617    i.GT1151_Send_Cfg   gt1151.o
    0x0800946c   0x0000005c   Code   RO          618    i.GT1151_WR_Reg     gt1151.o
    0x080094c8   0x00000020   Code   RO         1541    i.GetEPRxAddr       usb_regs.o
    0x080094e8   0x00000020   Code   RO         1544    i.GetEPTxAddr       usb_regs.o
    0x08009508   0x00000034   Code   RO         1907    i.Get_SerialNum     hw_config.o
    0x0800953c   0x00000004   Code   RO          147    i.HardFault_Handler  stm32f10x_it.o
    0x08009540   0x00000070   Code   RO         1329    i.In0_Process       usb_core.o
    0x080095b0   0x0000003e   Code   RO         1908    i.IntToUnicode      hw_config.o
    0x080095ee   0x00000002   PAD
    0x080095f0   0x000000f4   Code   RO         2048    i.Joystick_Data_Setup  usb_prop.o
    0x080096e4   0x00000014   Code   RO         2049    i.Joystick_GetConfigDescriptor  usb_prop.o
    0x080096f8   0x00000014   Code   RO         2050    i.Joystick_GetDeviceDescriptor  usb_prop.o
    0x0800970c   0x00000014   Code   RO         2051    i.Joystick_GetHIDDescriptor  usb_prop.o
    0x08009720   0x0000001c   Code   RO         2052    i.Joystick_GetProtocolValue  usb_prop.o
    0x0800973c   0x0000001c   Code   RO         2053    i.Joystick_GetReport  usb_prop.o
    0x08009758   0x00000014   Code   RO         2054    i.Joystick_GetReportDescriptor  usb_prop.o
    0x0800976c   0x00000028   Code   RO         2055    i.Joystick_GetStringDescriptor  usb_prop.o
    0x08009794   0x00000016   Code   RO         2056    i.Joystick_Get_Interface_Setting  usb_prop.o
    0x080097aa   0x00000002   PAD
    0x080097ac   0x0000003c   Code   RO         2057    i.Joystick_NoData_Setup  usb_prop.o
    0x080097e8   0x000000a4   Code   RO         2058    i.Joystick_Reset    usb_prop.o
    0x0800988c   0x00000018   Code   RO         2059    i.Joystick_SetConfiguration  usb_prop.o
    0x080098a4   0x0000000c   Code   RO         2060    i.Joystick_SetDeviceAddress  usb_prop.o
    0x080098b0   0x00000004   Code   RO         2061    i.Joystick_SetIdle  usb_prop.o
    0x080098b4   0x00000018   Code   RO         2062    i.Joystick_SetProtocol  usb_prop.o
    0x080098cc   0x0000001c   Code   RO         2063    i.Joystick_SetReport  usb_prop.o
    0x080098e8   0x00000024   Code   RO         2064    i.Joystick_Status_In  usb_prop.o
    0x0800990c   0x00000002   Code   RO         2065    i.Joystick_Status_Out  usb_prop.o
    0x0800990e   0x00000002   PAD
    0x08009910   0x00000028   Code   RO         2066    i.Joystick_init     usb_prop.o
    0x08009938   0x00000020   Code   RO         1910    i.Leave_LowPowerMode  hw_config.o
    0x08009958   0x00000004   Code   RO          148    i.MemManage_Handler  stm32f10x_it.o
    0x0800995c   0x000000f8   Code   RO         1911    i.MulTouch_Send     hw_config.o
    0x08009a54   0x00000002   Code   RO          149    i.NMI_Handler       stm32f10x_it.o
    0x08009a56   0x00000002   Code   RO         1330    i.NOP_Process       usb_core.o
    0x08009a58   0x00000070   Code   RO         1236    i.NVIC_Init         misc.o
    0x08009ac8   0x00000014   Code   RO         1237    i.NVIC_PriorityGroupConfig  misc.o
    0x08009adc   0x00000138   Code   RO         1331    i.NoData_Setup0     usb_core.o
    0x08009c14   0x00000050   Code   RO         1332    i.Out0_Process      usb_core.o
    0x08009c64   0x00000028   Code   RO         1504    i.PMAToUserBufferCopy  usb_mem.o
    0x08009c8c   0x00000002   Code   RO          150    i.PendSV_Handler    stm32f10x_it.o
    0x08009c8e   0x00000002   PAD
    0x08009c90   0x00000048   Code   RO         1333    i.Post0_Process     usb_core.o
    0x08009cd8   0x00000040   Code   RO         2181    i.PowerOn           usb_pwr.o
    0x08009d18   0x00000020   Code   RO          858    i.RCC_APB1PeriphClockCmd  stm32f10x_rcc.o
    0x08009d38   0x00000020   Code   RO          860    i.RCC_APB2PeriphClockCmd  stm32f10x_rcc.o
    0x08009d58   0x000000d4   Code   RO          868    i.RCC_GetClocksFreq  stm32f10x_rcc.o
    0x08009e2c   0x0000000c   Code   RO          886    i.RCC_USBCLKConfig  stm32f10x_rcc.o
    0x08009e38   0x000000d0   Code   RO         2182    i.Resume            usb_pwr.o
    0x08009f08   0x00000024   Code   RO         2183    i.Resume_Init       usb_pwr.o
    0x08009f2c   0x00000038   Code   RO            1    i.SGPIO_Init        main.o
    0x08009f64   0x00000002   Code   RO          151    i.SVC_Handler       stm32f10x_it.o
    0x08009f66   0x00000002   PAD
    0x08009f68   0x00000010   Code   RO         1552    i.SetBTABLE         usb_regs.o
    0x08009f78   0x00000050   Code   RO         1334    i.SetDeviceAddress  usb_core.o
    0x08009fc8   0x00000024   Code   RO         1566    i.SetEPRxAddr       usb_regs.o
    0x08009fec   0x0000004c   Code   RO         1567    i.SetEPRxCount      usb_regs.o
    0x0800a038   0x00000040   Code   RO         1568    i.SetEPRxStatus     usb_regs.o
    0x0800a078   0x00000034   Code   RO         1569    i.SetEPRxValid      usb_regs.o
    0x0800a0ac   0x00000020   Code   RO         1570    i.SetEPTxAddr       usb_regs.o
    0x0800a0cc   0x0000001c   Code   RO         1571    i.SetEPTxCount      usb_regs.o
    0x0800a0e8   0x00000040   Code   RO         1572    i.SetEPTxStatus     usb_regs.o
    0x0800a128   0x00000034   Code   RO         1573    i.SetEPTxValid      usb_regs.o
    0x0800a15c   0x00000024   Code   RO         1574    i.SetEPType         usb_regs.o
    0x0800a180   0x00000008   Code   RO          228    i.SetSysClock       system_stm32f10x.o
    0x0800a188   0x000000e0   Code   RO          229    i.SetSysClockTo72   system_stm32f10x.o
    0x0800a268   0x00000012   Code   RO         1912    i.Set_USBClock      hw_config.o
    0x0800a27a   0x00000002   PAD
    0x0800a27c   0x000000b8   Code   RO         1335    i.Setup0_Process    usb_core.o
    0x0800a334   0x0000016c   Code   RO         1336    i.Standard_ClearFeature  usb_core.o
    0x0800a4a0   0x0000002c   Code   RO         1337    i.Standard_GetConfiguration  usb_core.o
    0x0800a4cc   0x00000024   Code   RO         1338    i.Standard_GetDescriptorData  usb_core.o
    0x0800a4f0   0x0000002c   Code   RO         1339    i.Standard_GetInterface  usb_core.o
    0x0800a51c   0x00000100   Code   RO         1340    i.Standard_GetStatus  usb_core.o
    0x0800a61c   0x00000048   Code   RO         1341    i.Standard_SetConfiguration  usb_core.o
    0x0800a664   0x00000028   Code   RO         1342    i.Standard_SetDeviceFeature  usb_core.o
    0x0800a68c   0x000000d0   Code   RO         1343    i.Standard_SetEndPointFeature  usb_core.o
    0x0800a75c   0x0000006c   Code   RO         1344    i.Standard_SetInterface  usb_core.o
    0x0800a7c8   0x0000009c   Code   RO         2184    i.Suspend           usb_pwr.o
    0x0800a864   0x00000028   Code   RO         1240    i.SysTick_CLKSourceConfig  misc.o
    0x0800a88c   0x00000002   Code   RO          152    i.SysTick_Handler   stm32f10x_it.o
    0x0800a88e   0x00000002   PAD
    0x0800a890   0x00000060   Code   RO          231    i.SystemInit        system_stm32f10x.o
    0x0800a8f0   0x00000018   Code   RO          592    i.TP_Init           touch.o
    0x0800a908   0x00000088   Code   RO          691    i.USART1_IRQHandler  usart.o
    0x0800a990   0x00000018   Code   RO         1060    i.USART_Cmd         stm32f10x_usart.o
    0x0800a9a8   0x00000054   Code   RO         1064    i.USART_GetITStatus  stm32f10x_usart.o
    0x0800a9fc   0x0000004a   Code   RO         1066    i.USART_ITConfig    stm32f10x_usart.o
    0x0800aa46   0x00000002   PAD
    0x0800aa48   0x000000d8   Code   RO         1067    i.USART_Init        stm32f10x_usart.o
    0x0800ab20   0x0000000a   Code   RO         1074    i.USART_ReceiveData  stm32f10x_usart.o
    0x0800ab2a   0x0000000c   Code   RO         1913    i.USBWakeUp_IRQHandler  hw_config.o
    0x0800ab36   0x00000002   PAD
    0x0800ab38   0x00000048   Code   RO         1914    i.USB_Cable_Config  hw_config.o
    0x0800ab80   0x00000044   Code   RO         1448    i.USB_Init          usb_init.o
    0x0800abc4   0x00000054   Code   RO         1915    i.USB_Interrupts_Config  hw_config.o
    0x0800ac18   0x000001f8   Code   RO         2023    i.USB_Istr          usb_istr.o
    0x0800ae10   0x00000008   Code   RO         1916    i.USB_LP_CAN1_RX0_IRQHandler  hw_config.o
    0x0800ae18   0x00000020   Code   RO         1917    i.USB_Port_Set      hw_config.o
    0x0800ae38   0x00000024   Code   RO         1882    i.USB_SIL_Init      usb_sil.o
    0x0800ae5c   0x00000004   Code   RO          153    i.UsageFault_Handler  stm32f10x_it.o
    0x0800ae60   0x00000038   Code   RO         1505    i.UserToPMABufferCopy  usb_mem.o
    0x0800ae98   0x00000006   Code   RO          692    i._sys_exit         usart.o
    0x0800ae9e   0x00000002   PAD
    0x0800aea0   0x00000044   Code   RO          658    i.delay_init        delay.o
    0x0800aee4   0x0000004c   Code   RO          659    i.delay_ms          delay.o
    0x0800af30   0x0000004c   Code   RO          660    i.delay_us          delay.o
    0x0800af7c   0x0000001c   Code   RO          693    i.fputc             usart.o
    0x0800af98   0x00000264   Code   RO            2    i.main              main.o
    0x0800b1fc   0x000000a0   Code   RO          694    i.uart_init         usart.o
    0x0800b29c   0x00000104   Data   RO          620    .constdata          gt1151.o
    0x0800b3a0   0x0000015d   Data   RO         1997    .constdata          usb_desc.o
    0x0800b4fd   0x00000003   PAD
    0x0800b500   0x00000020   Data   RO         2467    Region$$Table       anon$$obj.o


    Execution Region RW_IRAM1 (Base: 0x20000000, Size: 0x000008f0, Max: 0x00005000, ABSOLUTE, COMPRESSED[0x0000009c])

    Base Addr    Size         Type   Attr      Idx    E Section Name        Object

    0x20000000   0x00000014   Data   RW          232    .data               system_stm32f10x.o
    0x20000014   0x00000024   Data   RW          593    .data               touch.o
    0x20000038   0x00000001   Data   RW          621    .data               gt1151.o
    0x20000039   0x00000001   PAD
    0x2000003a   0x00000004   Data   RW          661    .data               delay.o
    0x2000003e   0x00000002   PAD
    0x20000040   0x00000006   Data   RW          696    .data               usart.o
    0x20000046   0x00000014   Data   RW          888    .data               stm32f10x_rcc.o
    0x2000005a   0x00000003   Data   RW         1345    .data               usb_core.o
    0x2000005d   0x00000003   PAD
    0x20000060   0x00000014   Data   RW         1450    .data               usb_init.o
    0x20000074   0x00000004   Data   RW         1476    .data               usb_int.o
    0x20000078   0x00000001   Data   RW         1918    .data               hw_config.o
    0x20000079   0x0000001a   Data   RW         1998    .data               usb_desc.o
    0x20000093   0x00000001   PAD
    0x20000094   0x00000048   Data   RW         2024    .data               usb_istr.o
    0x200000dc   0x000000a2   Data   RW         2067    .data               usb_prop.o
    0x2000017e   0x00000002   PAD
    0x20000180   0x0000000c   Data   RW         2186    .data               usb_pwr.o
    0x2000018c   0x000000c8   Zero   RW          695    .bss                usart.o
    0x20000254   0x0000001c   Zero   RW         1449    .bss                usb_init.o
    0x20000270   0x00000020   Zero   RW         2185    .bss                usb_pwr.o
    0x20000290   0x00000060   Zero   RW         2346    .bss                c_w.l(libspace.o)
    0x200002f0   0x00000200   Zero   RW          685    HEAP                startup_stm32f10x_hd.o
    0x200004f0   0x00000400   Zero   RW          684    STACK               startup_stm32f10x_hd.o


==============================================================================

Image component sizes


      Code (inc. data)   RO Data    RW Data    ZI Data      Debug   Object Name

       666        100          0          0          0       4841   ctiic.o
       220         26          0          4          0       1775   delay.o
       710         40        260          1          0       4315   gt1151.o
       668        112          0          1          0       7090   hw_config.o
       668         92          0          0          0     237808   main.o
       172         22          0          0          0       2129   misc.o
        64         26        304          0       1536        820   startup_stm32f10x_hd.o
       160         12          0          0          0       1557   stm32f10x_exti.o
       430          6          0          0          0       3938   stm32f10x_gpio.o
        26          0          0          0          0       3866   stm32f10x_it.o
       288         38          0         20          0       5061   stm32f10x_rcc.o
       408          6          0          0          0       5050   stm32f10x_usart.o
         0          0          0          0          0         32   sys.o
       328         28          0         20          0       2177   system_stm32f10x.o
        24          8          0         36          0       1339   touch.o
       330         26          0          6        200       4228   usart.o
      3058        288          0          3          0      15667   usb_core.o
         0          0        349         26          0       1105   usb_desc.o
        12          4          0          0          0        454   usb_endp.o
        68         24          0         20         28       4326   usb_init.o
       648         32          0          4          0       1856   usb_int.o
       504         44          0         72          0      16943   usb_istr.o
        96         10          0          0          0       1892   usb_mem.o
       836        152          0        162          0      14754   usb_prop.o
       464         52          0         12         32       3760   usb_pwr.o
       676         90          0          0          0       9900   usb_regs.o
        36          8          0          0          0        527   usb_sil.o

    ----------------------------------------------------------------------
     11588       1246        948        396       1796     357210   Object Totals
         0          0         32          0          0          0   (incl. Generated)
        28          0          3          9          0          0   (incl. Padding)

    ----------------------------------------------------------------------

      Code (inc. data)   RO Data    RW Data    ZI Data      Debug   Library Member Name

        90          0          0          0          0          0   __dczerorl2.o
         8          0          0          0          0         68   __main.o
       104          0          0          0          0         84   __printf.o
         0          0          0          0          0          0   __rtentry.o
        12          0          0          0          0          0   __rtentry2.o
         6          0          0          0          0          0   __rtentry4.o
        52          8          0          0          0          0   __scatter.o
        28          0          0          0          0          0   __scatter_zi.o
        48          6          0          0          0         96   _printf_char_common.o
        36          4          0          0          0         80   _printf_char_file.o
         6          0          0          0          0          0   _printf_d.o
       120         16          0          0          0         92   _printf_dec.o
       178          0          0          0          0         88   _printf_intcommon.o
         0          0          0          0          0          0   _printf_percent.o
         4          0          0          0          0          0   _printf_percent_end.o
        12          0          0          0          0         72   exit.o
         8          0          0          0          0         68   ferror.o
         6          0          0          0          0        152   heapauxi.o
         2          0          0          0          0          0   libinit.o
         2          0          0          0          0          0   libinit2.o
         2          0          0          0          0          0   libshutdown.o
         2          0          0          0          0          0   libshutdown2.o
         8          4          0          0         96         68   libspace.o
        24          4          0          0          0         84   noretval__2printf.o
        78          0          0          0          0         80   rt_memclr_w.o
         2          0          0          0          0          0   rtexit.o
        10          0          0          0          0          0   rtexit2.o
       128          0          0          0          0         68   strcmpv7m.o
        74          0          0          0          0         80   sys_stackheap_outer.o
         2          0          0          0          0         68   use_no_semi.o
         2          0          0          0          0         68   use_no_semi_2.o

    ----------------------------------------------------------------------
      1064         42          0          0         96       1316   Library Totals
        10          0          0          0          0          0   (incl. Padding)

    ----------------------------------------------------------------------

      Code (inc. data)   RO Data    RW Data    ZI Data      Debug   Library Name

      1054         42          0          0         96       1316   c_w.l

    ----------------------------------------------------------------------
      1064         42          0          0         96       1316   Library Totals

    ----------------------------------------------------------------------

==============================================================================


      Code (inc. data)   RO Data    RW Data    ZI Data      Debug   

     12652       1288        948        396       1892     351398   Grand Totals
     12652       1288        948        156       1892     351398   ELF Image Totals (compressed)
     12652       1288        948        156          0          0   ROM Totals

==============================================================================

    Total RO  Size (Code + RO Data)                13600 (  13.28kB)
    Total RW  Size (RW Data + ZI Data)              2288 (   2.23kB)
    Total ROM Size (Code + RO Data + RW Data)      13756 (  13.43kB)

==============================================================================

