<html>
<body>
<pre>
<h1>µVision Build Log</h1>
<h2>Tool Versions:</h2>
IDE-Version: ¦ÌVision V5.14.0.0
Copyright (C) 2015 ARM Ltd and ARM Germany GmbH. All rights reserved.
License Information: wx User, User, LIC=ATTNN-YVNHH-73MM8-3M99B-Y7SGP-EMRZS
 
Tool Versions:
Toolchain:       MDK-ARM Standard  Version: 5.14.0.0
Toolchain Path:  E:\Keil_v5\ARM\ARMCC\Bin
C Compiler:      Armcc.exe V5.05 update 1 (build 106)
Assembler:       Armasm.exe V5.05 update 1 (build 106)
Linker/Locator:  ArmLink.exe V5.05 update 1 (build 106)
Library Manager: ArmAr.exe V5.05 update 1 (build 106)
Hex Converter:   FromElf.exe V5.05 update 1 (build 106)
CPU DLL:         SARMCM3.DLL V5.14.0.0
Dialog DLL:      DARMSTM.DLL V1.65.0.0
Target DLL:      Segger\JL2CM3.dll V2.99.13.0
Dialog DLL:      TARMSTM.DLL V1.64.0.0
 
<h2>Project:</h2>
C:\Users\Administrator\Desktop\5.5´çOLED´¥ÃþÆÁ\usb_touch_5.5inch\5_5_DFU_Bootloader\USER\IAP_USB.uvproj
Project File Date:  03/27/2018

<h2>Output:</h2>
Rebuild target 'IAP_USB'
compiling core_cm3.c...
assembling startup_stm32f10x_hd.s...
compiling stm32f10x_it.c...
compiling system_stm32f10x.c...
compiling misc.c...
compiling stm32f10x_gpio.c...
compiling stm32f10x_usart.c...
compiling stm32f10x_exti.c...
compiling stm32f10x_flash.c...
compiling stm32f10x_rcc.c...
compiling stm32f10x_fsmc.c...
compiling delay.c...
compiling sys.c...
compiling usart.c...
compiling main.c...
compiling led.c...
compiling key.c...
compiling fontupd.c...
compiling lcd_drive.c...
compiling lcd_tft.c...
compiling usb_core.c...
compiling usb_init.c...
compiling usb_int.c...
compiling usb_mem.c...
compiling usb_regs.c...
compiling usb_sil.c...
compiling hw_config.c...
compiling usb_desc.c...
compiling usb_istr.c...
compiling usb_prop.c...
compiling usb_pwr.c...
compiling dfu_mal.c...
linking...
Program Size: Code=17738 RO-data=414 RW-data=1036 ZI-data=2780  
FromELF: creating hex file...
"..\IAP_USB.axf" - 0 Error(s), 0 Warning(s).
</pre>
</body>
</html>
