Component: ARM Compiler 5.05 update 1 (build 106) Tool: armlink [4d0efa]

==============================================================================

Section Cross References

    startup_stm32f10x_hd.o(STACK) refers (Special) to heapauxi.o(.text) for __use_two_region_memory
    startup_stm32f10x_hd.o(HEAP) refers (Special) to heapauxi.o(.text) for __use_two_region_memory
    startup_stm32f10x_hd.o(RESET) refers (Special) to heapauxi.o(.text) for __use_two_region_memory
    startup_stm32f10x_hd.o(RESET) refers to startup_stm32f10x_hd.o(STACK) for __initial_sp
    startup_stm32f10x_hd.o(RESET) refers to startup_stm32f10x_hd.o(.text) for Reset_Handler
    startup_stm32f10x_hd.o(RESET) refers to stm32f10x_it.o(.text) for NMI_Handler
    startup_stm32f10x_hd.o(RESET) refers to usart.o(.text) for USART1_IRQHandler
    startup_stm32f10x_hd.o(.text) refers (Special) to heapauxi.o(.text) for __use_two_region_memory
    startup_stm32f10x_hd.o(.text) refers to system_stm32f10x.o(.text) for SystemInit
    startup_stm32f10x_hd.o(.text) refers to __main.o(!!!main) for __main
    startup_stm32f10x_hd.o(.text) refers to startup_stm32f10x_hd.o(HEAP) for Heap_Mem
    startup_stm32f10x_hd.o(.text) refers to startup_stm32f10x_hd.o(STACK) for Stack_Mem
    stm32f10x_it.o(.text) refers to usb_istr.o(.text) for USB_Istr
    stm32f10x_it.o(.text) refers to stm32f10x_exti.o(.text) for EXTI_ClearITPendingBit
    stm32f10x_it.o(.text) refers to usb_pwr.o(.text) for Resume
    stm32f10x_it.o(.text) refers to noretval__2printf.o(.text) for __2printf
    stm32f10x_it.o(.text) refers to usb_init.o(.data) for pInformation
    system_stm32f10x.o(.text) refers to system_stm32f10x.o(.data) for SystemCoreClock
    stm32f10x_gpio.o(.text) refers to stm32f10x_rcc.o(.text) for RCC_APB2PeriphResetCmd
    stm32f10x_usart.o(.text) refers to stm32f10x_rcc.o(.text) for RCC_APB2PeriphResetCmd
    stm32f10x_rcc.o(.text) refers to stm32f10x_rcc.o(.data) for APBAHBPrescTable
    delay.o(.text) refers to delay.o(.data) for CPU_CLK
    sys.o(.text) refers to _printf_pad.o(.text) for _printf_pre_padding
    sys.o(.text) refers to _printf_percent.o(.ARM.Collect$$_printf_percent$$00000000) for _printf_percent
    sys.o(.text) refers to _printf_x.o(.ARM.Collect$$_printf_percent$$0000000C) for _printf_x
    sys.o(.text) refers to _printf_hex_int.o(.text) for _printf_longlong_hex
    sys.o(.text) refers to stm32f10x_rcc.o(.text) for RCC_APB2PeriphClockCmd
    sys.o(.text) refers to stm32f10x_gpio.o(.text) for GPIO_Init
    sys.o(.text) refers to noretval__2sprintf.o(.text) for __2sprintf
    sys.o(.text) refers to misc.o(.text) for NVIC_PriorityGroupConfig
    sys.o(.text) refers to sys.o(.emb_text) for WFI_SET
    usart.o(.text) refers (Special) to use_no_semi_2.o(.text) for __use_no_semihosting
    usart.o(.text) refers to sys.o(.text) for MY_NVIC_Init
    usart.o(.text) refers to stm32f10x_rcc.o(.text) for RCC_APB2PeriphClockCmd
    usart.o(.text) refers to stm32f10x_usart.o(.text) for USART_DeInit
    usart.o(.text) refers to stm32f10x_gpio.o(.text) for GPIO_Init
    usart.o(.text) refers to usart.o(.data) for USART_RX_STA
    usart.o(.text) refers to usart.o(.bss) for USART_RX_BUF
    usart.o(.bss) refers (Special) to use_no_semi_2.o(.text) for __use_no_semihosting
    usart.o(.data) refers (Special) to use_no_semi_2.o(.text) for __use_no_semihosting
    main.o(.text) refers to stm32f10x_gpio.o(.text) for GPIO_Init
    main.o(.text) refers to delay.o(.text) for delay_init
    main.o(.text) refers to usart.o(.text) for USART1_Init
    main.o(.text) refers to stm32f10x_rcc.o(.text) for RCC_APB2PeriphClockCmd
    main.o(.text) refers to hw_config.o(.text) for DFU_Button_Config
    main.o(.text) refers to core_cm3.o(.emb_text) for __set_MSP
    main.o(.text) refers to usb_init.o(.text) for USB_Init
    main.o(.text) refers to main.o(.data) for JumpAddress
    led.o(.text) refers to stm32f10x_rcc.o(.text) for RCC_APB2PeriphClockCmd
    led.o(.text) refers to stm32f10x_gpio.o(.text) for GPIO_Init
    key.o(.text) refers to stm32f10x_rcc.o(.text) for RCC_APB2PeriphClockCmd
    key.o(.text) refers to stm32f10x_gpio.o(.text) for GPIO_Init
    key.o(.text) refers to delay.o(.text) for delay_us
    key.o(.text) refers to key.o(.data) for key_loo
    fontupd.o(.text) refers to fontupd.o(.constdata) for HzLib
    lcd_drive.o(.text) refers to stm32f10x_rcc.o(.text) for RCC_AHBPeriphClockCmd
    lcd_drive.o(.text) refers to stm32f10x_gpio.o(.text) for GPIO_Init
    lcd_drive.o(.text) refers to stm32f10x_fsmc.o(.text) for FSMC_NORSRAMInit
    lcd_drive.o(.text) refers to sys.o(.text) for STM32_GPIOx_Init
    lcd_drive.o(.text) refers to delay.o(.text) for delay_us
    lcd_tft.o(.text) refers to _printf_percent.o(.ARM.Collect$$_printf_percent$$00000000) for _printf_percent
    lcd_tft.o(.text) refers to _printf_x.o(.ARM.Collect$$_printf_percent$$0000000C) for _printf_x
    lcd_tft.o(.text) refers to _printf_hex_int.o(.text) for _printf_longlong_hex
[...]
    ../clib/angel/sys.s                      0x00000000   Number         0  libspace.o ABSOLUTE
    ../clib/angel/sysapp.c                   0x00000000   Number         0  sys_wrch.o ABSOLUTE
    ../clib/angel/sysapp.c                   0x00000000   Number         0  sys_command.o ABSOLUTE
    ../clib/armsys.c                         0x00000000   Number         0  no_argv.o ABSOLUTE
    ../clib/armsys.c                         0x00000000   Number         0  _get_argv_nomalloc.o ABSOLUTE
    ../clib/armsys.c                         0x00000000   Number         0  argv_veneer.o ABSOLUTE
    ../clib/armsys.c                         0x00000000   Number         0  argv_veneer.o ABSOLUTE
    ../clib/heapalloc.c                      0x00000000   Number         0  hrguard.o ABSOLUTE
    ../clib/heapaux.c                        0x00000000   Number         0  heapauxi.o ABSOLUTE
    ../clib/libinit.s                        0x00000000   Number         0  libshutdown2.o ABSOLUTE
    ../clib/libinit.s                        0x00000000   Number         0  libinit2.o ABSOLUTE
    ../clib/libinit.s                        0x00000000   Number         0  libshutdown.o ABSOLUTE
    ../clib/libinit.s                        0x00000000   Number         0  libinit.o ABSOLUTE
    ../clib/misc.s                           0x00000000   Number         0  printf_stubs.o ABSOLUTE
    ../clib/printf.c                         0x00000000   Number         0  __printf_nopercent.o ABSOLUTE
    ../clib/printf.c                         0x00000000   Number         0  _printf_pad.o ABSOLUTE
    ../clib/printf.c                         0x00000000   Number         0  __printf.o ABSOLUTE
    ../clib/printf.c                         0x00000000   Number         0  __printf_flags.o ABSOLUTE
    ../clib/printf.c                         0x00000000   Number         0  noretval__2sprintf.o ABSOLUTE
    ../clib/printf.c                         0x00000000   Number         0  noretval__2printf.o ABSOLUTE
    ../clib/printf.c                         0x00000000   Number         0  _printf_intcommon.o ABSOLUTE
    ../clib/printf.c                         0x00000000   Number         0  _printf_char_common.o ABSOLUTE
    ../clib/printf.c                         0x00000000   Number         0  _printf_hex_int_ll.o ABSOLUTE
    ../clib/printf.c                         0x00000000   Number         0  _sputc.o ABSOLUTE
    ../clib/printf.c                         0x00000000   Number         0  __2sprintf.o ABSOLUTE
    ../clib/printf.c                         0x00000000   Number         0  _printf_hex_int.o ABSOLUTE
    ../clib/printf.c                         0x00000000   Number         0  _printf_char_file.o ABSOLUTE
    ../clib/printf.c                         0x00000000   Number         0  _printf_hex_ptr.o ABSOLUTE
    ../clib/printf.c                         0x00000000   Number         0  _printf_hex_int_ptr.o ABSOLUTE
    ../clib/printf.c                         0x00000000   Number         0  _printf_hex_ll_ptr.o ABSOLUTE
    ../clib/printf.c                         0x00000000   Number         0  _printf_hex_int_ll_ptr.o ABSOLUTE
    ../clib/printf.c                         0x00000000   Number         0  __printf_ss.o ABSOLUTE
    ../clib/printf.c                         0x00000000   Number         0  __printf_flags_ss.o ABSOLUTE
    ../clib/printf.c                         0x00000000   Number         0  __printf_wp.o ABSOLUTE
    ../clib/printf.c                         0x00000000   Number         0  __printf_flags_wp.o ABSOLUTE
    ../clib/printf.c                         0x00000000   Number         0  __2printf.o ABSOLUTE
    ../clib/printf.c                         0x00000000   Number         0  _printf_hex_ll.o ABSOLUTE
    ../clib/printf.c                         0x00000000   Number         0  __printf_ss_wp.o ABSOLUTE
    ../clib/printf.c                         0x00000000   Number         0  __printf_flags_ss_wp.o ABSOLUTE
    ../clib/printf_percent.s                 0x00000000   Number         0  _printf_percent_end.o ABSOLUTE
    ../clib/printf_percent.s                 0x00000000   Number         0  _printf_percent.o ABSOLUTE
    ../clib/printf_percent.s                 0x00000000   Number         0  _printf_x.o ABSOLUTE
    ../clib/signal.c                         0x00000000   Number         0  defsig_stak_inner.o ABSOLUTE
    ../clib/signal.c                         0x00000000   Number         0  defsig_rtred_inner.o ABSOLUTE
    ../clib/signal.c                         0x00000000   Number         0  defsig_abrt_inner.o ABSOLUTE
    ../clib/signal.c                         0x00000000   Number         0  defsig_cppl_inner.o ABSOLUTE
    ../clib/signal.c                         0x00000000   Number         0  defsig_general.o ABSOLUTE
    ../clib/signal.c                         0x00000000   Number         0  __raise.o ABSOLUTE
    ../clib/signal.c                         0x00000000   Number         0  defsig_rtmem_inner.o ABSOLUTE
    ../clib/signal.c                         0x00000000   Number         0  defsig_exit.o ABSOLUTE
    ../clib/signal.c                         0x00000000   Number         0  defsig_rtmem_formal.o ABSOLUTE
    ../clib/signal.c                         0x00000000   Number         0  defsig_rtmem_outer.o ABSOLUTE
    ../clib/signal.c                         0x00000000   Number         0  defsig_fpe_inner.o ABSOLUTE
    ../clib/signal.c                         0x00000000   Number         0  defsig_other.o ABSOLUTE
    ../clib/signal.c                         0x00000000   Number         0  defsig_segv_inner.o ABSOLUTE
    ../clib/signal.c                         0x00000000   Number         0  defsig_pvfn_inner.o ABSOLUTE
    ../clib/signal.s                         0x00000000   Number         0  defsig.o ABSOLUTE
    ../clib/stdio.c                          0x00000000   Number         0  ferror_locked.o ABSOLUTE
    ../clib/stdio.c                          0x00000000   Number         0  ferror.o ABSOLUTE
    ../clib/stdlib.c                         0x00000000   Number         0  exit.o ABSOLUTE
    ../fplib/d2f.s                           0x00000000   Number         0  d2f.o ABSOLUTE
    ../fplib/daddsub.s                       0x00000000   Number         0  daddsub_clz.o ABSOLUTE
    ../fplib/dflt.s                          0x00000000   Number         0  dflt_clz.o ABSOLUTE
    ../fplib/dmul.s                          0x00000000   Number         0  dmul.o ABSOLUTE
    ../fplib/dnaninf.s                       0x00000000   Number         0  dnaninf.o ABSOLUTE
    ../fplib/dretinf.s                       0x00000000   Number         0  dretinf.o ABSOLUTE
    ../fplib/f2d.s                           0x00000000   Number         0  f2d.o ABSOLUTE
    ../fplib/fcmpi.s                         0x00000000   Number         0  fcmpi.o ABSOLUTE
    ../fplib/fleqf.s                         0x00000000   Number         0  fleqf.o ABSOLUTE
    ../fplib/fnaninf.s                       0x00000000   Number         0  fnaninf.o ABSOLUTE
    ../fplib/fpinit.s                        0x00000000   Number         0  fpinit.o ABSOLUTE
    ../fplib/fretinf.s                       0x00000000   Number         0  fretinf.o ABSOLUTE
    ../fplib/usenofp.s                       0x00000000   Number         0  usenofp.o ABSOLUTE
    ..\CMSIS\CM3\CORE\core_cm3.c             0x00000000   Number         0  core_cm3.o ABSOLUTE
    ..\CMSIS\CM3\STARTUP\startup_stm32f10x_hd.s 0x00000000   Number         0  startup_stm32f10x_hd.o ABSOLUTE
    ..\CMSIS\CM3\stm32f10x_it.c              0x00000000   Number         0  stm32f10x_it.o ABSOLUTE
    ..\CMSIS\CM3\system_stm32f10x.c          0x00000000   Number         0  system_stm32f10x.o ABSOLUTE
    ..\CMSIS\STM32LIB\src\misc.c             0x00000000   Number         0  misc.o ABSOLUTE
    ..\CMSIS\STM32LIB\src\stm32f10x_exti.c   0x00000000   Number         0  stm32f10x_exti.o ABSOLUTE
    ..\CMSIS\STM32LIB\src\stm32f10x_flash.c  0x00000000   Number         0  stm32f10x_flash.o ABSOLUTE
    ..\CMSIS\STM32LIB\src\stm32f10x_fsmc.c   0x00000000   Number         0  stm32f10x_fsmc.o ABSOLUTE
    ..\CMSIS\STM32LIB\src\stm32f10x_gpio.c   0x00000000   Number         0  stm32f10x_gpio.o ABSOLUTE
    ..\CMSIS\STM32LIB\src\stm32f10x_rcc.c    0x00000000   Number         0  stm32f10x_rcc.o ABSOLUTE
    ..\CMSIS\STM32LIB\src\stm32f10x_usart.c  0x00000000   Number         0  stm32f10x_usart.o ABSOLUTE
    ..\HARDWARE\KEY\key.c                    0x00000000   Number         0  key.o ABSOLUTE
    ..\HARDWARE\LED\led.c                    0x00000000   Number         0  led.o ABSOLUTE
    ..\HARDWARE\tft\fontupd.c                0x00000000   Number         0  fontupd.o ABSOLUTE
    ..\HARDWARE\tft\lcd_drive.c              0x00000000   Number         0  lcd_drive.o ABSOLUTE
    ..\HARDWARE\tft\lcd_tft.c                0x00000000   Number         0  lcd_tft.o ABSOLUTE
    ..\SYSTEM\delay\delay.c                  0x00000000   Number         0  delay.o ABSOLUTE
    ..\SYSTEM\sys\sys.c                      0x00000000   Number         0  sys.o ABSOLUTE
    ..\SYSTEM\usart\usart.c                  0x00000000   Number         0  usart.o ABSOLUTE
    ..\USB\Mass_Storage\src\dfu_mal.c        0x00000000   Number         0  dfu_mal.o ABSOLUTE
    ..\USB\Mass_Storage\src\hw_config.c      0x00000000   Number         0  hw_config.o ABSOLUTE
    ..\USB\Mass_Storage\src\usb_desc.c       0x00000000   Number         0  usb_desc.o ABSOLUTE
    ..\USB\Mass_Storage\src\usb_istr.c       0x00000000   Number         0  usb_istr.o ABSOLUTE
    ..\USB\Mass_Storage\src\usb_prop.c       0x00000000   Number         0  usb_prop.o ABSOLUTE
    ..\USB\Mass_Storage\src\usb_pwr.c        0x00000000   Number         0  usb_pwr.o ABSOLUTE
    ..\USB\USBLIB\src\usb_core.c             0x00000000   Number         0  usb_core.o ABSOLUTE
    ..\USB\USBLIB\src\usb_init.c             0x00000000   Number         0  usb_init.o ABSOLUTE
    ..\USB\USBLIB\src\usb_int.c              0x00000000   Number         0  usb_int.o ABSOLUTE
    ..\USB\USBLIB\src\usb_mem.c              0x00000000   Number         0  usb_mem.o ABSOLUTE
    ..\USB\USBLIB\src\usb_regs.c             0x00000000   Number         0  usb_regs.o ABSOLUTE
    ..\USB\USBLIB\src\usb_sil.c              0x00000000   Number         0  usb_sil.o ABSOLUTE
    ..\\CMSIS\\CM3\\CORE\\core_cm3.c         0x00000000   Number         0  core_cm3.o ABSOLUTE
    ..\\SYSTEM\\sys\\sys.c                   0x00000000   Number         0  sys.o ABSOLUTE
    dc.s                                     0x00000000   Number         0  dc.o ABSOLUTE
    main.c                                   0x00000000   Number         0  main.o ABSOLUTE
    RESET                                    0x08000000   Section      304  startup_stm32f10x_hd.o(RESET)
    !!!main                                  0x08000130   Section        8  __main.o(!!!main)
    !!!scatter                               0x08000138   Section       52  __scatter.o(!!!scatter)
    !!dczerorl2                              0x0800016c   Section       90  __dczerorl2.o(!!dczerorl2)
    !!handler_zi                             0x080001c8   Section       28  __scatter_zi.o(!!handler_zi)
    .ARM.Collect$$_printf_percent$$00000000  0x080001e4   Section        0  _printf_percent.o(.ARM.Collect$$_printf_percent$$00000000)
    .ARM.Collect$$_printf_percent$$0000000C  0x080001e4   Section        6  _printf_x.o(.ARM.Collect$$_printf_percent$$0000000C)
    .ARM.Collect$$_printf_percent$$00000017  0x080001ea   Section        4  _printf_percent_end.o(.ARM.Collect$$_printf_percent$$00000017)
    .ARM.Collect$$libinit$$00000000          0x080001ee   Section        2  libinit.o(.ARM.Collect$$libinit$$00000000)
    .ARM.Collect$$libinit$$00000002          0x080001f0   Section        0  libinit2.o(.ARM.Collect$$libinit$$00000002)
    .ARM.Collect$$libinit$$00000004          0x080001f0   Section        0  libinit2.o(.ARM.Collect$$libinit$$00000004)
    .ARM.Collect$$libinit$$0000000A          0x080001f0   Section        0  libinit2.o(.ARM.Collect$$libinit$$0000000A)
    .ARM.Collect$$libinit$$0000000C          0x080001f0   Section        0  libinit2.o(.ARM.Collect$$libinit$$0000000C)
    .ARM.Collect$$libinit$$0000000E          0x080001f0   Section        0  libinit2.o(.ARM.Collect$$libinit$$0000000E)
    .ARM.Collect$$libinit$$00000011          0x080001f0   Section        0  libinit2.o(.ARM.Collect$$libinit$$00000011)
    .ARM.Collect$$libinit$$00000013          0x080001f0   Section        0  libinit2.o(.ARM.Collect$$libinit$$00000013)
    .ARM.Collect$$libinit$$00000015          0x080001f0   Section        0  libinit2.o(.ARM.Collect$$libinit$$00000015)
    .ARM.Collect$$libinit$$00000017          0x080001f0   Section        0  libinit2.o(.ARM.Collect$$libinit$$00000017)
    .ARM.Collect$$libinit$$00000019          0x080001f0   Section        0  libinit2.o(.ARM.Collect$$libinit$$00000019)
    .ARM.Collect$$libinit$$0000001B          0x080001f0   Section        0  libinit2.o(.ARM.Collect$$libinit$$0000001B)
    .ARM.Collect$$libinit$$0000001D          0x080001f0   Section        0  libinit2.o(.ARM.Collect$$libinit$$0000001D)
    .ARM.Collect$$libinit$$0000001F          0x080001f0   Section        0  libinit2.o(.ARM.Collect$$libinit$$0000001F)
    .ARM.Collect$$libinit$$00000021          0x080001f0   Section        0  libinit2.o(.ARM.Collect$$libinit$$00000021)
    .ARM.Collect$$libinit$$00000023          0x080001f0   Section        0  libinit2.o(.ARM.Collect$$libinit$$00000023)
    .ARM.Collect$$libinit$$00000025          0x080001f0   Section        0  libinit2.o(.ARM.Collect$$libinit$$00000025)
    .ARM.Collect$$libinit$$0000002C          0x080001f0   Section        0  libinit2.o(.ARM.Collect$$libinit$$0000002C)
    .ARM.Collect$$libinit$$0000002E          0x080001f0   Section        0  libinit2.o(.ARM.Collect$$libinit$$0000002E)
    .ARM.Collect$$libinit$$00000030          0x080001f0   Section        0  libinit2.o(.ARM.Collect$$libinit$$00000030)
    .ARM.Collect$$libinit$$00000032          0x080001f0   Section        0  libinit2.o(.ARM.Collect$$libinit$$00000032)
    .ARM.Collect$$libinit$$00000033          0x080001f0   Section        2  libinit2.o(.ARM.Collect$$libinit$$00000033)
    .ARM.Collect$$libshutdown$$00000000      0x080001f2   Section        2  libshutdown.o(.ARM.Collect$$libshutdown$$00000000)
    .ARM.Collect$$libshutdown$$00000003      0x080001f4   Section        0  libshutdown2.o(.ARM.Collect$$libshutdown$$00000003)
    .ARM.Collect$$libshutdown$$00000006      0x080001f4   Section        0  libshutdown2.o(.ARM.Collect$$libshutdown$$00000006)
    .ARM.Collect$$libshutdown$$00000009      0x080001f4   Section        0  libshutdown2.o(.ARM.Collect$$libshutdown$$00000009)
    .ARM.Collect$$libshutdown$$0000000B      0x080001f4   Section        0  libshutdown2.o(.ARM.Collect$$libshutdown$$0000000B)
    .ARM.Collect$$libshutdown$$0000000E      0x080001f4   Section        0  libshutdown2.o(.ARM.Collect$$libshutdown$$0000000E)
    .ARM.Collect$$libshutdown$$0000000F      0x080001f4   Section        2  libshutdown2.o(.ARM.Collect$$libshutdown$$0000000F)
    .ARM.Collect$$rtentry$$00000000          0x080001f6   Section        0  __rtentry.o(.ARM.Collect$$rtentry$$00000000)
    .ARM.Collect$$rtentry$$00000002          0x080001f6   Section        0  __rtentry2.o(.ARM.Collect$$rtentry$$00000002)
    .ARM.Collect$$rtentry$$00000004          0x080001f6   Section        6  __rtentry4.o(.ARM.Collect$$rtentry$$00000004)
    .ARM.Collect$$rtentry$$00000009          0x080001fc   Section        0  __rtentry2.o(.ARM.Collect$$rtentry$$00000009)
    .ARM.Collect$$rtentry$$0000000A          0x080001fc   Section        4  __rtentry2.o(.ARM.Collect$$rtentry$$0000000A)
    .ARM.Collect$$rtentry$$0000000C          0x08000200   Section        0  __rtentry2.o(.ARM.Collect$$rtentry$$0000000C)
    .ARM.Collect$$rtentry$$0000000D          0x08000200   Section        8  __rtentry2.o(.ARM.Collect$$rtentry$$0000000D)
    .ARM.Collect$$rtexit$$00000000           0x08000208   Section        2  rtexit.o(.ARM.Collect$$rtexit$$00000000)
    .ARM.Collect$$rtexit$$00000002           0x0800020a   Section        0  rtexit2.o(.ARM.Collect$$rtexit$$00000002)
    .ARM.Collect$$rtexit$$00000003           0x0800020a   Section        4  rtexit2.o(.ARM.Collect$$rtexit$$00000003)
    .ARM.Collect$$rtexit$$00000004           0x0800020e   Section        6  rtexit2.o(.ARM.Collect$$rtexit$$00000004)
    .emb_text                                0x08000214   Section       32  core_cm3.o(.emb_text)
    .emb_text                                0x08000234   Section        2  sys.o(.emb_text)
    .text                                    0x08000238   Section       64  startup_stm32f10x_hd.o(.text)
    .text                                    0x08000278   Section        0  stm32f10x_it.o(.text)
    .text                                    0x0800035c   Section        0  system_stm32f10x.o(.text)
    SetSysClockTo72                          0x0800035d   Thumb Code   214  system_stm32f10x.o(.text)
    SetSysClock                              0x08000433   Thumb Code     8  system_stm32f10x.o(.text)
    .text                                    0x0800053c   Section        0  misc.o(.text)
    .text                                    0x08000618   Section        0  stm32f10x_gpio.o(.text)
    .text                                    0x08000974   Section        0  stm32f10x_usart.o(.text)
    .text                                    0x08000d7c   Section        0  stm32f10x_exti.o(.text)
    .text                                    0x08000e98   Section        0  stm32f10x_flash.o(.text)
    .text                                    0x08001454   Section        0  stm32f10x_rcc.o(.text)
    .text                                    0x080017f8   Section        0  delay.o(.text)
    .text                                    0x08001870   Section        0  sys.o(.text)
    .text                                    0x08001bbc   Section        0  usart.o(.text)
    .text                                    0x08001d48   Section        0  main.o(.text)
    .text                                    0x08001e2c   Section        0  usb_core.o(.text)
    DataStageOut                             0x0800226b   Thumb Code   166  usb_core.o(.text)
    DataStageIn                              0x08002311   Thumb Code   166  usb_core.o(.text)
    NoData_Setup0                            0x080023b7   Thumb Code   290  usb_core.o(.text)
    Data_Setup0                              0x080024d9   Thumb Code   678  usb_core.o(.text)
    .text                                    0x0800297c   Section        0  usb_init.o(.text)
    .text                                    0x080029b8   Section        0  usb_int.o(.text)
    .text                                    0x08002cf4   Section        0  usb_mem.o(.text)
    .text                                    0x08002d50   Section        0  usb_regs.o(.text)
    .text                                    0x08003558   Section        0  usb_sil.o(.text)
    .text                                    0x080035d8   Section        0  hw_config.o(.text)
    IntToUnicode                             0x080036d1   Thumb Code    62  hw_config.o(.text)
    .text                                    0x08003760   Section        0  usb_istr.o(.text)
    .text                                    0x0800392c   Section        0  usb_prop.o(.text)
    .text                                    0x08003fec   Section        0  usb_pwr.o(.text)
    .text                                    0x08004230   Section        0  dfu_mal.o(.text)
    .text                                    0x080042c4   Section        2  use_no_semi_2.o(.text)
    .text                                    0x080042c8   Section        0  noretval__2printf.o(.text)
    .text                                    0x080042e0   Section        0  noretval__2sprintf.o(.text)
    .text                                    0x08004308   Section        0  _printf_pad.o(.text)
    .text                                    0x08004358   Section        0  _printf_hex_int.o(.text)
    .text                                    0x080043b0   Section        0  __printf_flags_wp.o(.text)
    .text                                    0x080044e8   Section        0  heapauxi.o(.text)
    .text                                    0x080044ee   Section        2  use_no_semi.o(.text)
    .text                                    0x080044f0   Section        0  _printf_intcommon.o(.text)
    .text                                    0x080045a4   Section        0  _printf_char_common.o(.text)
    _printf_input_char                       0x080045a5   Thumb Code    10  _printf_char_common.o(.text)
    .text                                    0x080045d4   Section        0  _sputc.o(.text)
    .text                                    0x080045e0   Section        0  _printf_char_file.o(.text)
    .text                                    0x08004604   Section        0  ferror.o(.text)
    .text                                    0x0800460c   Section       74  sys_stackheap_outer.o(.text)
    .text                                    0x08004656   Section        0  exit.o(.text)
    .text                                    0x08004664   Section        8  libspace.o(.text)
    i._is_digit                              0x0800466c   Section        0  __printf_wp.o(i._is_digit)
    .constdata                               0x0800467a   Section       20  dfu_mal.o(.constdata)
    TimingTable                              0x0800467a   Data          20  dfu_mal.o(.constdata)
    .constdata                               0x0800468e   Section       40  _printf_hex_int.o(.constdata)
    uc_hextab                                0x0800468e   Data          20  _printf_hex_int.o(.constdata)
    lc_hextab                                0x080046a2   Data          20  _printf_hex_int.o(.constdata)
    .constdata                               0x080046b6   Section       17  __printf_flags_wp.o(.constdata)
    maptable                                 0x080046b6   Data          17  __printf_flags_wp.o(.constdata)
    .data                                    0x20000000   Section       20  system_stm32f10x.o(.data)
    .data                                    0x20000014   Section       20  stm32f10x_rcc.o(.data)
    APBAHBPrescTable                         0x20000014   Data          16  stm32f10x_rcc.o(.data)
    ADCPrescTable                            0x20000024   Data           4  stm32f10x_rcc.o(.data)
    .data                                    0x20000028   Section        4  delay.o(.data)
    CPU_CLK                                  0x20000028   Data           4  delay.o(.data)
    .data                                    0x2000002c   Section        6  usart.o(.data)
    .data                                    0x20000034   Section       16  main.o(.data)
    .data                                    0x20000044   Section        3  usb_core.o(.data)
    .data                                    0x20000048   Section       20  usb_init.o(.data)
    .data                                    0x2000005c   Section        4  usb_int.o(.data)
    .data                                    0x20000060   Section       16  hw_config.o(.data)
    .data                                    0x20000070   Section      665  usb_desc.o(.data)
    .data                                    0x2000030c   Section       68  usb_istr.o(.data)
    .data                                    0x20000350   Section      176  usb_prop.o(.data)
    .data                                    0x20000400   Section       12  usb_pwr.o(.data)
    .bss                                     0x2000040c   Section       63  usart.o(.bss)
    .bss                                     0x2000044c   Section       28  usb_init.o(.bss)
    .bss                                     0x20000468   Section       32  usb_pwr.o(.bss)
    .bss                                     0x20000488   Section     1024  dfu_mal.o(.bss)
    .bss                                     0x20000888   Section       96  libspace.o(.bss)
    HEAP                                     0x200008e8   Section      512  startup_stm32f10x_hd.o(HEAP)
    Heap_Mem                                 0x200008e8   Data         512  startup_stm32f10x_hd.o(HEAP)
    STACK                                    0x20000ae8   Section     1024  startup_stm32f10x_hd.o(STACK)
    Stack_Mem                                0x20000ae8   Data        1024  startup_stm32f10x_hd.o(STACK)
    __initial_sp                             0x20000ee8   Data           0  startup_stm32f10x_hd.o(STACK)

    Global Symbols

    Symbol Name                              Value     Ov Type        Size  Object(Section)

    BuildAttributes$$THM_ISAv4$P$D$K$B$S$PE$A:L22UL41UL21$X:L11$S22US41US21$IEEE1$IW$USESV6$~STKCKD$USESV7$~SHL$OSPACE$ROPI$EBA8$UX$STANDARDLIB$REQ8$PRES8$EABIv2 0x00000000   Number         0  anon$$obj.o ABSOLUTE
    __ARM_use_no_argv                        0x00000000   Number         0  main.o ABSOLUTE
    _printf_flags                            0x00000000   Number         0  printf_stubs.o ABSOLUTE
    _printf_return_value                     0x00000000   Number         0  printf_stubs.o ABSOLUTE
    _printf_sizespec                         0x00000000   Number         0  printf_stubs.o ABSOLUTE
    _printf_widthprec                        0x00000000   Number         0  printf_stubs.o ABSOLUTE
    __ARM_exceptions_init                     - Undefined Weak Reference
    __alloca_initialize                       - Undefined Weak Reference
    __arm_preinit_                            - Undefined Weak Reference
    __cpp_initialize__aeabi_                  - Undefined Weak Reference
    __cxa_finalize                            - Undefined Weak Reference
    __rt_locale                               - Undefined Weak Reference
    __sigvec_lookup                           - Undefined Weak Reference
    _atexit_init                              - Undefined Weak Reference
    _call_atexit_fns                          - Undefined Weak Reference
    _clock_init                               - Undefined Weak Reference
    _fp_trap_init                             - Undefined Weak Reference
    _fp_trap_shutdown                         - Undefined Weak Reference
    _get_lc_collate                           - Undefined Weak Reference
    _get_lc_ctype                             - Undefined Weak Reference
    _get_lc_monetary                          - Undefined Weak Reference
    _get_lc_numeric                           - Undefined Weak Reference
    _get_lc_time                              - Undefined Weak Reference
    _getenv_init                              - Undefined Weak Reference
    _handle_redirection                       - Undefined Weak Reference
    _init_alloc                               - Undefined Weak Reference
    _init_user_alloc                          - Undefined Weak Reference
    _initio                                   - Undefined Weak Reference
    _mutex_acquire                            - Undefined Weak Reference
    _mutex_release                            - Undefined Weak Reference
    _printf_truncate_unsigned                 - Undefined Weak Reference
    _rand_init                                - Undefined Weak Reference
    _signal_finish                            - Undefined Weak Reference
    _signal_init                              - Undefined Weak Reference
    _terminate_alloc                          - Undefined Weak Reference
    _terminate_user_alloc                     - Undefined Weak Reference
    _terminateio                              - Undefined Weak Reference
    __Vectors_Size                           0x00000130   Number         0  startup_stm32f10x_hd.o ABSOLUTE
    __Vectors                                0x08000000   Data           4  startup_stm32f10x_hd.o(RESET)
    __Vectors_End                            0x08000130   Data           0  startup_stm32f10x_hd.o(RESET)
    __main                                   0x08000131   Thumb Code     8  __main.o(!!!main)
    __scatterload                            0x08000139   Thumb Code     0  __scatter.o(!!!scatter)
    __scatterload_rt2                        0x08000139   Thumb Code    44  __scatter.o(!!!scatter)
    __scatterload_rt2_thumb_only             0x08000139   Thumb Code     0  __scatter.o(!!!scatter)
    __scatterload_null                       0x08000147   Thumb Code     0  __scatter.o(!!!scatter)
    __decompress                             0x0800016d   Thumb Code    90  __dczerorl2.o(!!dczerorl2)
    __decompress1                            0x0800016d   Thumb Code     0  __dczerorl2.o(!!dczerorl2)
    __scatterload_zeroinit                   0x080001c9   Thumb Code    28  __scatter_zi.o(!!handler_zi)
    _printf_percent                          0x080001e5   Thumb Code     0  _printf_percent.o(.ARM.Collect$$_printf_percent$$00000000)
    _printf_x                                0x080001e5   Thumb Code     0  _printf_x.o(.ARM.Collect$$_printf_percent$$0000000C)
    _printf_percent_end                      0x080001eb   Thumb Code     0  _printf_percent_end.o(.ARM.Collect$$_printf_percent$$00000017)
    __rt_lib_init                            0x080001ef   Thumb Code     0  libinit.o(.ARM.Collect$$libinit$$00000000)
    __rt_lib_init_alloca_1                   0x080001f1   Thumb Code     0  libinit2.o(.ARM.Collect$$libinit$$0000002E)
    __rt_lib_init_argv_1                     0x080001f1   Thumb Code     0  libinit2.o(.ARM.Collect$$libinit$$0000002C)
    __rt_lib_init_atexit_1                   0x080001f1   Thumb Code     0  libinit2.o(.ARM.Collect$$libinit$$0000001B)
    __rt_lib_init_clock_1                    0x080001f1   Thumb Code     0  libinit2.o(.ARM.Collect$$libinit$$00000021)
    __rt_lib_init_cpp_1                      0x080001f1   Thumb Code     0  libinit2.o(.ARM.Collect$$libinit$$00000032)
    __rt_lib_init_exceptions_1               0x080001f1   Thumb Code     0  libinit2.o(.ARM.Collect$$libinit$$00000030)
    __rt_lib_init_fp_1                       0x080001f1   Thumb Code     0  libinit2.o(.ARM.Collect$$libinit$$00000002)
    __rt_lib_init_fp_trap_1                  0x080001f1   Thumb Code     0  libinit2.o(.ARM.Collect$$libinit$$0000001F)
    __rt_lib_init_getenv_1                   0x080001f1   Thumb Code     0  libinit2.o(.ARM.Collect$$libinit$$00000023)
    __rt_lib_init_heap_1                     0x080001f1   Thumb Code     0  libinit2.o(.ARM.Collect$$libinit$$0000000A)
    __rt_lib_init_lc_collate_1               0x080001f1   Thumb Code     0  libinit2.o(.ARM.Collect$$libinit$$00000011)
    __rt_lib_init_lc_ctype_1                 0x080001f1   Thumb Code     0  libinit2.o(.ARM.Collect$$libinit$$00000013)
    __rt_lib_init_lc_monetary_1              0x080001f1   Thumb Code     0  libinit2.o(.ARM.Collect$$libinit$$00000015)
    __rt_lib_init_lc_numeric_1               0x080001f1   Thumb Code     0  libinit2.o(.ARM.Collect$$libinit$$00000017)
    __rt_lib_init_lc_time_1                  0x080001f1   Thumb Code     0  libinit2.o(.ARM.Collect$$libinit$$00000019)
    __rt_lib_init_preinit_1                  0x080001f1   Thumb Code     0  libinit2.o(.ARM.Collect$$libinit$$00000004)
    __rt_lib_init_rand_1                     0x080001f1   Thumb Code     0  libinit2.o(.ARM.Collect$$libinit$$0000000E)
    __rt_lib_init_return                     0x080001f1   Thumb Code     0  libinit2.o(.ARM.Collect$$libinit$$00000033)
    __rt_lib_init_signal_1                   0x080001f1   Thumb Code     0  libinit2.o(.ARM.Collect$$libinit$$0000001D)
    __rt_lib_init_stdio_1                    0x080001f1   Thumb Code     0  libinit2.o(.ARM.Collect$$libinit$$00000025)
    __rt_lib_init_user_alloc_1               0x080001f1   Thumb Code     0  libinit2.o(.ARM.Collect$$libinit$$0000000C)
    __rt_lib_shutdown                        0x080001f3   Thumb Code     0  libshutdown.o(.ARM.Collect$$libshutdown$$00000000)
    __rt_lib_shutdown_fp_trap_1              0x080001f5   Thumb Code     0  libshutdown2.o(.ARM.Collect$$libshutdown$$00000006)
    __rt_lib_shutdown_heap_1                 0x080001f5   Thumb Code     0  libshutdown2.o(.ARM.Collect$$libshutdown$$0000000E)
    __rt_lib_shutdown_return                 0x080001f5   Thumb Code     0  libshutdown2.o(.ARM.Collect$$libshutdown$$0000000F)
    __rt_lib_shutdown_signal_1               0x080001f5   Thumb Code     0  libshutdown2.o(.ARM.Collect$$libshutdown$$00000009)
    __rt_lib_shutdown_stdio_1                0x080001f5   Thumb Code     0  libshutdown2.o(.ARM.Collect$$libshutdown$$00000003)
    __rt_lib_shutdown_user_alloc_1           0x080001f5   Thumb Code     0  libshutdown2.o(.ARM.Collect$$libshutdown$$0000000B)
    __rt_entry                               0x080001f7   Thumb Code     0  __rtentry.o(.ARM.Collect$$rtentry$$00000000)
    __rt_entry_presh_1                       0x080001f7   Thumb Code     0  __rtentry2.o(.ARM.Collect$$rtentry$$00000002)
    __rt_entry_sh                            0x080001f7   Thumb Code     0  __rtentry4.o(.ARM.Collect$$rtentry$$00000004)
    __rt_entry_li                            0x080001fd   Thumb Code     0  __rtentry2.o(.ARM.Collect$$rtentry$$0000000A)
    __rt_entry_postsh_1                      0x080001fd   Thumb Code     0  __rtentry2.o(.ARM.Collect$$rtentry$$00000009)
    __rt_entry_main                          0x08000201   Thumb Code     0  __rtentry2.o(.ARM.Collect$$rtentry$$0000000D)
    __rt_entry_postli_1                      0x08000201   Thumb Code     0  __rtentry2.o(.ARM.Collect$$rtentry$$0000000C)
    __rt_exit                                0x08000209   Thumb Code     0  rtexit.o(.ARM.Collect$$rtexit$$00000000)
    __rt_exit_ls                             0x0800020b   Thumb Code     0  rtexit2.o(.ARM.Collect$$rtexit$$00000003)
    __rt_exit_prels_1                        0x0800020b   Thumb Code     0  rtexit2.o(.ARM.Collect$$rtexit$$00000002)
    __rt_exit_exit                           0x0800020f   Thumb Code     0  rtexit2.o(.ARM.Collect$$rtexit$$00000004)
    __get_PSP                                0x08000215   Thumb Code     6  core_cm3.o(.emb_text)
    __set_PSP                                0x0800021b   Thumb Code     6  core_cm3.o(.emb_text)
    __get_MSP                                0x08000221   Thumb Code     6  core_cm3.o(.emb_text)
    __set_MSP                                0x08000227   Thumb Code     6  core_cm3.o(.emb_text)
    __REV16                                  0x0800022d   Thumb Code     4  core_cm3.o(.emb_text)
    __REVSH                                  0x08000231   Thumb Code     4  core_cm3.o(.emb_text)
    WFI_SET                                  0x08000235   Thumb Code     2  sys.o(.emb_text)
    Reset_Handler                            0x08000239   Thumb Code     8  startup_stm32f10x_hd.o(.text)
    ADC1_2_IRQHandler                        0x08000253   Thumb Code     0  startup_stm32f10x_hd.o(.text)
    ADC3_IRQHandler                          0x08000253   Thumb Code     0  startup_stm32f10x_hd.o(.text)
    CAN1_RX1_IRQHandler                      0x08000253   Thumb Code     0  startup_stm32f10x_hd.o(.text)
    CAN1_SCE_IRQHandler                      0x08000253   Thumb Code     0  startup_stm32f10x_hd.o(.text)
    DMA1_Channel1_IRQHandler                 0x08000253   Thumb Code     0  startup_stm32f10x_hd.o(.text)
    DMA1_Channel2_IRQHandler                 0x08000253   Thumb Code     0  startup_stm32f10x_hd.o(.text)
    DMA1_Channel3_IRQHandler                 0x08000253   Thumb Code     0  startup_stm32f10x_hd.o(.text)
    DMA1_Channel4_IRQHandler                 0x08000253   Thumb Code     0  startup_stm32f10x_hd.o(.text)
    DMA1_Channel5_IRQHandler                 0x08000253   Thumb Code     0  startup_stm32f10x_hd.o(.text)
    DMA1_Channel6_IRQHandler                 0x08000253   Thumb Code     0  startup_stm32f10x_hd.o(.text)
    DMA1_Channel7_IRQHandler                 0x08000253   Thumb Code     0  startup_stm32f10x_hd.o(.text)
    DMA2_Channel1_IRQHandler                 0x08000253   Thumb Code     0  startup_stm32f10x_hd.o(.text)
    DMA2_Channel2_IRQHandler                 0x08000253   Thumb Code     0  startup_stm32f10x_hd.o(.text)
    DMA2_Channel3_IRQHandler                 0x08000253   Thumb Code     0  startup_stm32f10x_hd.o(.text)
    DMA2_Channel4_5_IRQHandler               0x08000253   Thumb Code     0  startup_stm32f10x_hd.o(.text)
    EXTI15_10_IRQHandler                     0x08000253   Thumb Code     0  startup_stm32f10x_hd.o(.text)
    EXTI1_IRQHandler                         0x08000253   Thumb Code     0  startup_stm32f10x_hd.o(.text)
    EXTI2_IRQHandler                         0x08000253   Thumb Code     0  startup_stm32f10x_hd.o(.text)
    EXTI3_IRQHandler                         0x08000253   Thumb Code     0  startup_stm32f10x_hd.o(.text)
    EXTI4_IRQHandler                         0x08000253   Thumb Code     0  startup_stm32f10x_hd.o(.text)
    EXTI9_5_IRQHandler                       0x08000253   Thumb Code     0  startup_stm32f10x_hd.o(.text)
    FLASH_IRQHandler                         0x08000253   Thumb Code     0  startup_stm32f10x_hd.o(.text)
    FSMC_IRQHandler                          0x08000253   Thumb Code     0  startup_stm32f10x_hd.o(.text)
    I2C1_ER_IRQHandler                       0x08000253   Thumb Code     0  startup_stm32f10x_hd.o(.text)
    I2C1_EV_IRQHandler                       0x08000253   Thumb Code     0  startup_stm32f10x_hd.o(.text)
    I2C2_ER_IRQHandler                       0x08000253   Thumb Code     0  startup_stm32f10x_hd.o(.text)
    I2C2_EV_IRQHandler                       0x08000253   Thumb Code     0  startup_stm32f10x_hd.o(.text)
    PVD_IRQHandler                           0x08000253   Thumb Code     0  startup_stm32f10x_hd.o(.text)
    RCC_IRQHandler                           0x08000253   Thumb Code     0  startup_stm32f10x_hd.o(.text)
    RTCAlarm_IRQHandler                      0x08000253   Thumb Code     0  startup_stm32f10x_hd.o(.text)
    RTC_IRQHandler                           0x08000253   Thumb Code     0  startup_stm32f10x_hd.o(.text)
    SDIO_IRQHandler                          0x08000253   Thumb Code     0  startup_stm32f10x_hd.o(.text)
    SPI1_IRQHandler                          0x08000253   Thumb Code     0  startup_stm32f10x_hd.o(.text)
    SPI2_IRQHandler                          0x08000253   Thumb Code     0  startup_stm32f10x_hd.o(.text)
    SPI3_IRQHandler                          0x08000253   Thumb Code     0  startup_stm32f10x_hd.o(.text)
    TAMPER_IRQHandler                        0x08000253   Thumb Code     0  startup_stm32f10x_hd.o(.text)
    TIM1_BRK_IRQHandler                      0x08000253   Thumb Code     0  startup_stm32f10x_hd.o(.text)
    TIM1_CC_IRQHandler                       0x08000253   Thumb Code     0  startup_stm32f10x_hd.o(.text)
    TIM1_TRG_COM_IRQHandler                  0x08000253   Thumb Code     0  startup_stm32f10x_hd.o(.text)
    TIM1_UP_IRQHandler                       0x08000253   Thumb Code     0  startup_stm32f10x_hd.o(.text)
    TIM2_IRQHandler                          0x08000253   Thumb Code     0  startup_stm32f10x_hd.o(.text)
    TIM3_IRQHandler                          0x08000253   Thumb Code     0  startup_stm32f10x_hd.o(.text)
    TIM4_IRQHandler                          0x08000253   Thumb Code     0  startup_stm32f10x_hd.o(.text)
    TIM5_IRQHandler                          0x08000253   Thumb Code     0  startup_stm32f10x_hd.o(.text)
    TIM6_IRQHandler                          0x08000253   Thumb Code     0  startup_stm32f10x_hd.o(.text)
    TIM7_IRQHandler                          0x08000253   Thumb Code     0  startup_stm32f10x_hd.o(.text)
    TIM8_BRK_IRQHandler                      0x08000253   Thumb Code     0  startup_stm32f10x_hd.o(.text)
    TIM8_CC_IRQHandler                       0x08000253   Thumb Code     0  startup_stm32f10x_hd.o(.text)
    TIM8_TRG_COM_IRQHandler                  0x08000253   Thumb Code     0  startup_stm32f10x_hd.o(.text)
    TIM8_UP_IRQHandler                       0x08000253   Thumb Code     0  startup_stm32f10x_hd.o(.text)
    UART4_IRQHandler                         0x08000253   Thumb Code     0  startup_stm32f10x_hd.o(.text)
    UART5_IRQHandler                         0x08000253   Thumb Code     0  startup_stm32f10x_hd.o(.text)
    USART2_IRQHandler                        0x08000253   Thumb Code     0  startup_stm32f10x_hd.o(.text)
    USART3_IRQHandler                        0x08000253   Thumb Code     0  startup_stm32f10x_hd.o(.text)
    USB_HP_CAN1_TX_IRQHandler                0x08000253   Thumb Code     0  startup_stm32f10x_hd.o(.text)
    WWDG_IRQHandler                          0x08000253   Thumb Code     0  startup_stm32f10x_hd.o(.text)
    __user_initial_stackheap                 0x08000255   Thumb Code     0  startup_stm32f10x_hd.o(.text)
    USB_LP_CAN1_RX0_IRQHandler               0x08000279   Thumb Code     8  stm32f10x_it.o(.text)
    USBWakeUp_IRQHandler                     0x08000281   Thumb Code    12  stm32f10x_it.o(.text)
    EXTI0_IRQHandler                         0x0800028d   Thumb Code    36  stm32f10x_it.o(.text)
    NMI_Handler                              0x080002b1   Thumb Code     2  stm32f10x_it.o(.text)
    HardFault_Handler                        0x080002b3   Thumb Code    10  stm32f10x_it.o(.text)
    MemManage_Handler                        0x080002bd   Thumb Code    10  stm32f10x_it.o(.text)
    BusFault_Handler                         0x080002c7   Thumb Code    10  stm32f10x_it.o(.text)
    UsageFault_Handler                       0x080002d1   Thumb Code    10  stm32f10x_it.o(.text)
    SVC_Handler                              0x080002db   Thumb Code     2  stm32f10x_it.o(.text)
    DebugMon_Handler                         0x080002dd   Thumb Code     2  stm32f10x_it.o(.text)
    PendSV_Handler                           0x080002df   Thumb Code     2  stm32f10x_it.o(.text)
    SysTick_Handler                          0x080002e1   Thumb Code     2  stm32f10x_it.o(.text)
    SystemInit                               0x0800043b   Thumb Code    78  system_stm32f10x.o(.text)
    SystemCoreClockUpdate                    0x08000489   Thumb Code   142  system_stm32f10x.o(.text)
    NVIC_PriorityGroupConfig                 0x0800053d   Thumb Code    10  misc.o(.text)
    NVIC_Init                                0x08000547   Thumb Code   100  misc.o(.text)
    NVIC_SetVectorTable                      0x080005ab   Thumb Code    14  misc.o(.text)
    NVIC_SystemLPConfig                      0x080005b9   Thumb Code    34  misc.o(.text)
    SysTick_CLKSourceConfig                  0x080005db   Thumb Code    40  misc.o(.text)
    GPIO_DeInit                              0x08000619   Thumb Code   172  stm32f10x_gpio.o(.text)
    GPIO_AFIODeInit                          0x080006c5   Thumb Code    20  stm32f10x_gpio.o(.text)
    GPIO_Init                                0x080006d9   Thumb Code   278  stm32f10x_gpio.o(.text)
    GPIO_StructInit                          0x080007ef   Thumb Code    16  stm32f10x_gpio.o(.text)
    GPIO_ReadInputDataBit                    0x080007ff   Thumb Code    18  stm32f10x_gpio.o(.text)
    GPIO_ReadInputData                       0x08000811   Thumb Code     8  stm32f10x_gpio.o(.text)
    GPIO_ReadOutputDataBit                   0x08000819   Thumb Code    18  stm32f10x_gpio.o(.text)
    GPIO_ReadOutputData                      0x0800082b   Thumb Code     8  stm32f10x_gpio.o(.text)
    GPIO_SetBits                             0x08000833   Thumb Code     4  stm32f10x_gpio.o(.text)
    GPIO_ResetBits                           0x08000837   Thumb Code     4  stm32f10x_gpio.o(.text)
    GPIO_WriteBit                            0x0800083b   Thumb Code    10  stm32f10x_gpio.o(.text)
    GPIO_Write                               0x08000845   Thumb Code     4  stm32f10x_gpio.o(.text)
    GPIO_PinLockConfig                       0x08000849   Thumb Code    18  stm32f10x_gpio.o(.text)
    GPIO_EventOutputConfig                   0x0800085b   Thumb Code    26  stm32f10x_gpio.o(.text)
    GPIO_EventOutputCmd                      0x08000875   Thumb Code     6  stm32f10x_gpio.o(.text)
    GPIO_PinRemapConfig                      0x0800087b   Thumb Code   138  stm32f10x_gpio.o(.text)
    GPIO_EXTILineConfig                      0x08000905   Thumb Code    66  stm32f10x_gpio.o(.text)
    GPIO_ETH_MediaInterfaceConfig            0x08000947   Thumb Code     8  stm32f10x_gpio.o(.text)
    USART_DeInit                             0x08000975   Thumb Code   134  stm32f10x_usart.o(.text)
    USART_Init                               0x080009fb   Thumb Code   210  stm32f10x_usart.o(.text)
    USART_StructInit                         0x08000acd   Thumb Code    24  stm32f10x_usart.o(.text)
    USART_ClockInit                          0x08000ae5   Thumb Code    34  stm32f10x_usart.o(.text)
    USART_ClockStructInit                    0x08000b07   Thumb Code    12  stm32f10x_usart.o(.text)
    USART_Cmd                                0x08000b13   Thumb Code    24  stm32f10x_usart.o(.text)
    USART_ITConfig                           0x08000b2b   Thumb Code    74  stm32f10x_usart.o(.text)
    USART_DMACmd                             0x08000b75   Thumb Code    18  stm32f10x_usart.o(.text)
    USART_SetAddress                         0x08000b87   Thumb Code    18  stm32f10x_usart.o(.text)
    USART_WakeUpConfig                       0x08000b99   Thumb Code    18  stm32f10x_usart.o(.text)
    USART_ReceiverWakeUpCmd                  0x08000bab   Thumb Code    24  stm32f10x_usart.o(.text)
    USART_LINBreakDetectLengthConfig         0x08000bc3   Thumb Code    18  stm32f10x_usart.o(.text)
    USART_LINCmd                             0x08000bd5   Thumb Code    24  stm32f10x_usart.o(.text)
    USART_SendData                           0x08000bed   Thumb Code     8  stm32f10x_usart.o(.text)
    USART_ReceiveData                        0x08000bf5   Thumb Code    10  stm32f10x_usart.o(.text)
    USART_SendBreak                          0x08000bff   Thumb Code    10  stm32f10x_usart.o(.text)
    USART_SetGuardTime                       0x08000c09   Thumb Code    16  stm32f10x_usart.o(.text)
    USART_SetPrescaler                       0x08000c19   Thumb Code    16  stm32f10x_usart.o(.text)
    USART_SmartCardCmd                       0x08000c29   Thumb Code    24  stm32f10x_usart.o(.text)
    USART_SmartCardNACKCmd                   0x08000c41   Thumb Code    24  stm32f10x_usart.o(.text)
    USART_HalfDuplexCmd                      0x08000c59   Thumb Code    24  stm32f10x_usart.o(.text)
    USART_OverSampling8Cmd                   0x08000c71   Thumb Code    22  stm32f10x_usart.o(.text)
    USART_OneBitMethodCmd                    0x08000c87   Thumb Code    24  stm32f10x_usart.o(.text)
    USART_IrDAConfig                         0x08000c9f   Thumb Code    18  stm32f10x_usart.o(.text)
    USART_IrDACmd                            0x08000cb1   Thumb Code    24  stm32f10x_usart.o(.text)
    USART_GetFlagStatus                      0x08000cc9   Thumb Code    26  stm32f10x_usart.o(.text)
    USART_ClearFlag                          0x08000ce3   Thumb Code    18  stm32f10x_usart.o(.text)
    USART_GetITStatus                        0x08000cf5   Thumb Code    84  stm32f10x_usart.o(.text)
    USART_ClearITPendingBit                  0x08000d49   Thumb Code    52  stm32f10x_usart.o(.text)
    EXTI_DeInit                              0x08000d7d   Thumb Code    28  stm32f10x_exti.o(.text)
    EXTI_Init                                0x08000d99   Thumb Code   142  stm32f10x_exti.o(.text)
    EXTI_StructInit                          0x08000e27   Thumb Code    16  stm32f10x_exti.o(.text)
    EXTI_GenerateSWInterrupt                 0x08000e37   Thumb Code    16  stm32f10x_exti.o(.text)
    EXTI_GetFlagStatus                       0x08000e47   Thumb Code    22  stm32f10x_exti.o(.text)
    EXTI_ClearFlag                           0x08000e5d   Thumb Code     8  stm32f10x_exti.o(.text)
    EXTI_GetITStatus                         0x08000e65   Thumb Code    34  stm32f10x_exti.o(.text)
    EXTI_ClearITPendingBit                   0x08000e87   Thumb Code     8  stm32f10x_exti.o(.text)
    FLASH_SetLatency                         0x08000e99   Thumb Code    18  stm32f10x_flash.o(.text)
    FLASH_HalfCycleAccessCmd                 0x08000eab   Thumb Code    22  stm32f10x_flash.o(.text)
    FLASH_PrefetchBufferCmd                  0x08000ec1   Thumb Code    22  stm32f10x_flash.o(.text)
    FLASH_Unlock                             0x08000ed7   Thumb Code    12  stm32f10x_flash.o(.text)
    FLASH_UnlockBank1                        0x08000ee3   Thumb Code    12  stm32f10x_flash.o(.text)
    FLASH_Lock                               0x08000eef   Thumb Code    14  stm32f10x_flash.o(.text)
    FLASH_LockBank1                          0x08000efd   Thumb Code    14  stm32f10x_flash.o(.text)
    FLASH_GetBank1Status                     0x08000f0b   Thumb Code    48  stm32f10x_flash.o(.text)
    FLASH_WaitForLastOperation               0x08000f3b   Thumb Code    38  stm32f10x_flash.o(.text)
    FLASH_ErasePage                          0x08000f61   Thumb Code    72  stm32f10x_flash.o(.text)
    FLASH_EraseAllPages                      0x08000fa9   Thumb Code    68  stm32f10x_flash.o(.text)
    FLASH_WaitForLastBank1Operation          0x08000fed   Thumb Code    38  stm32f10x_flash.o(.text)
    FLASH_EraseAllBank1Pages                 0x08001013   Thumb Code    68  stm32f10x_flash.o(.text)
    FLASH_GetReadOutProtectionStatus         0x08001057   Thumb Code    20  stm32f10x_flash.o(.text)
    FLASH_EraseOptionBytes                   0x0800106b   Thumb Code   150  stm32f10x_flash.o(.text)
    FLASH_ProgramWord                        0x08001101   Thumb Code   102  stm32f10x_flash.o(.text)
    FLASH_ProgramHalfWord                    0x08001167   Thumb Code    60  stm32f10x_flash.o(.text)
    FLASH_ProgramOptionByteData              0x080011a3   Thumb Code    72  stm32f10x_flash.o(.text)
    FLASH_EnableWriteProtection              0x080011eb   Thumb Code   200  stm32f10x_flash.o(.text)
    FLASH_ReadOutProtection                  0x080012b3   Thumb Code   156  stm32f10x_flash.o(.text)
    FLASH_UserOptionByteConfig               0x0800134f   Thumb Code    88  stm32f10x_flash.o(.text)
    FLASH_GetUserOptionByte                  0x080013a7   Thumb Code     8  stm32f10x_flash.o(.text)
    FLASH_GetWriteProtectionOptionByte       0x080013af   Thumb Code     6  stm32f10x_flash.o(.text)
    FLASH_GetPrefetchBufferStatus            0x080013b5   Thumb Code    20  stm32f10x_flash.o(.text)
    FLASH_ITConfig                           0x080013c9   Thumb Code    26  stm32f10x_flash.o(.text)
    FLASH_GetFlagStatus                      0x080013e3   Thumb Code    42  stm32f10x_flash.o(.text)
    FLASH_ClearFlag                          0x0800140d   Thumb Code     6  stm32f10x_flash.o(.text)
    FLASH_GetStatus                          0x08001413   Thumb Code    48  stm32f10x_flash.o(.text)
    RCC_DeInit                               0x08001455   Thumb Code    64  stm32f10x_rcc.o(.text)
    RCC_HSEConfig                            0x08001495   Thumb Code    70  stm32f10x_rcc.o(.text)
    RCC_GetFlagStatus                        0x080014db   Thumb Code    56  stm32f10x_rcc.o(.text)
    RCC_WaitForHSEStartUp                    0x08001513   Thumb Code    56  stm32f10x_rcc.o(.text)
    RCC_AdjustHSICalibrationValue            0x0800154b   Thumb Code    20  stm32f10x_rcc.o(.text)
    RCC_HSICmd                               0x0800155f   Thumb Code     6  stm32f10x_rcc.o(.text)
    RCC_PLLConfig                            0x08001565   Thumb Code    24  stm32f10x_rcc.o(.text)
    RCC_PLLCmd                               0x0800157d   Thumb Code     6  stm32f10x_rcc.o(.text)
    RCC_SYSCLKConfig                         0x08001583   Thumb Code    18  stm32f10x_rcc.o(.text)
    RCC_GetSYSCLKSource                      0x08001595   Thumb Code    10  stm32f10x_rcc.o(.text)
    RCC_HCLKConfig                           0x0800159f   Thumb Code    18  stm32f10x_rcc.o(.text)
    RCC_PCLK1Config                          0x080015b1   Thumb Code    18  stm32f10x_rcc.o(.text)
    RCC_PCLK2Config                          0x080015c3   Thumb Code    20  stm32f10x_rcc.o(.text)
    RCC_ITConfig                             0x080015d7   Thumb Code    26  stm32f10x_rcc.o(.text)
    RCC_USBCLKConfig                         0x080015f1   Thumb Code     8  stm32f10x_rcc.o(.text)
    RCC_ADCCLKConfig                         0x080015f9   Thumb Code    18  stm32f10x_rcc.o(.text)
    RCC_LSEConfig                            0x0800160b   Thumb Code    50  stm32f10x_rcc.o(.text)
    RCC_LSICmd                               0x0800163d   Thumb Code     6  stm32f10x_rcc.o(.text)
    RCC_RTCCLKConfig                         0x08001643   Thumb Code    12  stm32f10x_rcc.o(.text)
    RCC_RTCCLKCmd                            0x0800164f   Thumb Code     8  stm32f10x_rcc.o(.text)
    RCC_GetClocksFreq                        0x08001657   Thumb Code   192  stm32f10x_rcc.o(.text)
    RCC_AHBPeriphClockCmd                    0x08001717   Thumb Code    26  stm32f10x_rcc.o(.text)
    RCC_APB2PeriphClockCmd                   0x08001731   Thumb Code    26  stm32f10x_rcc.o(.text)
    RCC_APB1PeriphClockCmd                   0x0800174b   Thumb Code    26  stm32f10x_rcc.o(.text)
    RCC_APB2PeriphResetCmd                   0x08001765   Thumb Code    26  stm32f10x_rcc.o(.text)
    RCC_APB1PeriphResetCmd                   0x0800177f   Thumb Code    26  stm32f10x_rcc.o(.text)
    RCC_BackupResetCmd                       0x08001799   Thumb Code     8  stm32f10x_rcc.o(.text)
    RCC_ClockSecuritySystemCmd               0x080017a1   Thumb Code     6  stm32f10x_rcc.o(.text)
    RCC_MCOConfig                            0x080017a7   Thumb Code     6  stm32f10x_rcc.o(.text)
    RCC_ClearFlag                            0x080017ad   Thumb Code    14  stm32f10x_rcc.o(.text)
    RCC_GetITStatus                          0x080017bb   Thumb Code    20  stm32f10x_rcc.o(.text)
    RCC_ClearITPendingBit                    0x080017cf   Thumb Code     6  stm32f10x_rcc.o(.text)
    delay_init                               0x080017f9   Thumb Code    42  delay.o(.text)
    delay_us                                 0x08001823   Thumb Code    62  delay.o(.text)
    STM32_GPIOx_Init                         0x08001871   Thumb Code    48  sys.o(.text)
    STM32_Flash_Capacity                     0x080018a1   Thumb Code   154  sys.o(.text)
    STM32_CPUID                              0x0800193b   Thumb Code    20  sys.o(.text)
    MY_NVIC_SetVectorTable                   0x0800194f   Thumb Code    14  sys.o(.text)
    MY_NVIC_PriorityGroup_Config             0x0800195d   Thumb Code    12  sys.o(.text)
    MY_NVIC_Init                             0x08001969   Thumb Code    42  sys.o(.text)
    MY_RCC_DeInit                            0x08001993   Thumb Code    90  sys.o(.text)
    SYS_Standby                              0x080019ed   Thumb Code    68  sys.o(.text)
    SYS_SoftReset                            0x08001a31   Thumb Code    10  sys.o(.text)
    STM_JTAG_Set                             0x08001a3b   Thumb Code    36  sys.o(.text)
    STM_Clock_Init                           0x08001a5f   Thumb Code   134  sys.o(.text)
    BCD_to_HEX                               0x08001ae5   Thumb Code    26  sys.o(.text)
    HEX_to_BCD                               0x08001aff   Thumb Code    20  sys.o(.text)
    DX_to_HX                                 0x08001b13   Thumb Code    70  sys.o(.text)
    HX_to_DX                                 0x08001b59   Thumb Code    48  sys.o(.text)
    _sys_exit                                0x08001bbd   Thumb Code     6  usart.o(.text)
    fputc                                    0x08001bc3   Thumb Code    24  usart.o(.text)
    USART1_Init                              0x08001bdb   Thumb Code   170  usart.o(.text)
    USART1_IRQHandler                        0x08001c85   Thumb Code   180  usart.o(.text)
    SGPIO_Init                               0x08001d49   Thumb Code    38  main.o(.text)
    main                                     0x08001d6f   Thumb Code   152  main.o(.text)
    Standard_GetConfiguration                0x08001e2d   Thumb Code    34  usb_core.o(.text)
    Standard_SetConfiguration                0x08001e4f   Thumb Code    60  usb_core.o(.text)
    Standard_GetInterface                    0x08001e8b   Thumb Code    34  usb_core.o(.text)
    Standard_SetInterface                    0x08001ead   Thumb Code    96  usb_core.o(.text)
    Standard_GetStatus                       0x08001f0d   Thumb Code   238  usb_core.o(.text)
    Standard_ClearFeature                    0x08001ffb   Thumb Code   342  usb_core.o(.text)
    Standard_SetEndPointFeature              0x08002151   Thumb Code   220  usb_core.o(.text)
    Standard_SetDeviceFeature                0x0800222d   Thumb Code    30  usb_core.o(.text)
    Standard_GetDescriptorData               0x0800224b   Thumb Code    32  usb_core.o(.text)
    Post0_Process                            0x0800277f   Thumb Code    54  usb_core.o(.text)
    Setup0_Process                           0x080027b5   Thumb Code   170  usb_core.o(.text)
    SetDeviceAddress                         0x0800285f   Thumb Code    70  usb_core.o(.text)
    In0_Process                              0x080028a5   Thumb Code    98  usb_core.o(.text)
    Out0_Process                             0x08002907   Thumb Code    70  usb_core.o(.text)
    NOP_Process                              0x0800294d   Thumb Code     2  usb_core.o(.text)
    USB_Init                                 0x0800297d   Thumb Code    36  usb_init.o(.text)
    CTR_LP                                   0x080029b9   Thumb Code   616  usb_int.o(.text)
    CTR_HP                                   0x08002c21   Thumb Code   178  usb_int.o(.text)
    UserToPMABufferCopy                      0x08002cf5   Thumb Code    52  usb_mem.o(.text)
    PMAToUserBufferCopy                      0x08002d29   Thumb Code    34  usb_mem.o(.text)
    SetCNTR                                  0x08002d51   Thumb Code     6  usb_regs.o(.text)
    GetCNTR                                  0x08002d57   Thumb Code     8  usb_regs.o(.text)
    SetISTR                                  0x08002d5f   Thumb Code     8  usb_regs.o(.text)
    GetISTR                                  0x08002d67   Thumb Code    10  usb_regs.o(.text)
    GetFNR                                   0x08002d71   Thumb Code    10  usb_regs.o(.text)
    SetDADDR                                 0x08002d7b   Thumb Code     8  usb_regs.o(.text)
    GetDADDR                                 0x08002d83   Thumb Code    10  usb_regs.o(.text)
    SetBTABLE                                0x08002d8d   Thumb Code    14  usb_regs.o(.text)
    GetBTABLE                                0x08002d9b   Thumb Code    10  usb_regs.o(.text)
    SetENDPOINT                              0x08002da5   Thumb Code    12  usb_regs.o(.text)
    GetENDPOINT                              0x08002db1   Thumb Code    16  usb_regs.o(.text)
    SetEPType                                0x08002dc1   Thumb Code    32  usb_regs.o(.text)
    GetEPType                                0x08002de1   Thumb Code    18  usb_regs.o(.text)
    SetEPTxStatus                            0x08002df3   Thumb Code    60  usb_regs.o(.text)
    SetEPRxStatus                            0x08002e2f   Thumb Code    60  usb_regs.o(.text)
    SetDouBleBuffEPStall                     0x08002e6b   Thumb Code    54  usb_regs.o(.text)
    GetEPTxStatus                            0x08002ea1   Thumb Code    18  usb_regs.o(.text)
    GetEPRxStatus                            0x08002eb3   Thumb Code    18  usb_regs.o(.text)
    SetEPTxValid                             0x08002ec5   Thumb Code    48  usb_regs.o(.text)
    SetEPRxValid                             0x08002ef5   Thumb Code    48  usb_regs.o(.text)
    SetEP_KIND                               0x08002f25   Thumb Code    38  usb_regs.o(.text)
    ClearEP_KIND                             0x08002f4b   Thumb Code    34  usb_regs.o(.text)
    Clear_Status_Out                         0x08002f6d   Thumb Code    34  usb_regs.o(.text)
    Set_Status_Out                           0x08002f8f   Thumb Code    38  usb_regs.o(.text)
    SetEPDoubleBuff                          0x08002fb5   Thumb Code    38  usb_regs.o(.text)
    ClearEPDoubleBuff                        0x08002fdb   Thumb Code    34  usb_regs.o(.text)
    GetTxStallStatus                         0x08002ffd   Thumb Code    28  usb_regs.o(.text)
    GetRxStallStatus                         0x08003019   Thumb Code    30  usb_regs.o(.text)
    ClearEP_CTR_RX                           0x08003037   Thumb Code    32  usb_regs.o(.text)
    ClearEP_CTR_TX                           0x08003057   Thumb Code    28  usb_regs.o(.text)
    ToggleDTOG_RX                            0x08003073   Thumb Code    34  usb_regs.o(.text)
    ToggleDTOG_TX                            0x08003095   Thumb Code    34  usb_regs.o(.text)
    ClearDTOG_RX                             0x080030b7   Thumb Code    48  usb_regs.o(.text)
    ClearDTOG_TX                             0x080030e7   Thumb Code    48  usb_regs.o(.text)
    SetEPAddress                             0x08003117   Thumb Code    46  usb_regs.o(.text)
    GetEPAddress                             0x08003145   Thumb Code    18  usb_regs.o(.text)
    SetEPTxAddr                              0x08003157   Thumb Code    24  usb_regs.o(.text)
    SetEPRxAddr                              0x0800316f   Thumb Code    26  usb_regs.o(.text)
    GetEPTxAddr                              0x08003189   Thumb Code    22  usb_regs.o(.text)
    GetEPRxAddr                              0x0800319f   Thumb Code    24  usb_regs.o(.text)
    SetEPTxCount                             0x080031b7   Thumb Code    20  usb_regs.o(.text)
    SetEPCountRxReg                          0x080031cb   Thumb Code    48  usb_regs.o(.text)
    SetEPRxCount                             0x080031fb   Thumb Code    68  usb_regs.o(.text)
    GetEPTxCount                             0x0800323f   Thumb Code    26  usb_regs.o(.text)
    GetEPRxCount                             0x08003259   Thumb Code    26  usb_regs.o(.text)
    SetEPDblBuffAddr                         0x08003273   Thumb Code    44  usb_regs.o(.text)
    SetEPDblBuf0Addr                         0x0800329f   Thumb Code    24  usb_regs.o(.text)
    SetEPDblBuf1Addr                         0x080032b7   Thumb Code    26  usb_regs.o(.text)
    GetEPDblBuf0Addr                         0x080032d1   Thumb Code    22  usb_regs.o(.text)
    GetEPDblBuf1Addr                         0x080032e7   Thumb Code    24  usb_regs.o(.text)
    SetEPDblBuffCount                        0x080032ff   Thumb Code   186  usb_regs.o(.text)
    SetEPDblBuf0Count                        0x080033b9   Thumb Code    96  usb_regs.o(.text)
    SetEPDblBuf1Count                        0x08003419   Thumb Code    96  usb_regs.o(.text)
    GetEPDblBuf0Count                        0x08003479   Thumb Code    26  usb_regs.o(.text)
    GetEPDblBuf1Count                        0x08003493   Thumb Code    26  usb_regs.o(.text)
    GetEPDblBufDir                           0x080034ad   Thumb Code    62  usb_regs.o(.text)
    FreeUserBuffer                           0x080034eb   Thumb Code    90  usb_regs.o(.text)
    ToWord                                   0x08003545   Thumb Code     8  usb_regs.o(.text)
    ByteSwap                                 0x0800354d   Thumb Code    12  usb_regs.o(.text)
    USB_SIL_Init                             0x08003559   Thumb Code    28  usb_sil.o(.text)
    USB_SIL_Write                            0x08003575   Thumb Code    46  usb_sil.o(.text)
    USB_SIL_Read                             0x080035a3   Thumb Code    46  usb_sil.o(.text)
    USB_Cable_Config                         0x080035d9   Thumb Code    18  hw_config.o(.text)
    Set_System                               0x080035eb   Thumb Code    48  hw_config.o(.text)
    Set_USBClock                             0x0800361b   Thumb Code    18  hw_config.o(.text)
    Enter_LowPowerMode                       0x0800362d   Thumb Code     8  hw_config.o(.text)
    Leave_LowPowerMode                       0x08003635   Thumb Code    28  hw_config.o(.text)
    DFU_Button_Config                        0x08003651   Thumb Code    22  hw_config.o(.text)
    DFU_Button_Read                          0x08003667   Thumb Code    14  hw_config.o(.text)
    USB_Interrupts_Config                    0x08003675   Thumb Code    56  hw_config.o(.text)
    Reset_Device                             0x080036ad   Thumb Code    36  hw_config.o(.text)
    Get_SerialNum                            0x0800370f   Thumb Code    42  hw_config.o(.text)
    USB_Istr                                 0x08003761   Thumb Code   422  usb_istr.o(.text)
    DFU_init                                 0x0800392d   Thumb Code    32  usb_prop.o(.text)
    DFU_Reset                                0x0800394d   Thumb Code   156  usb_prop.o(.text)
    DFU_SetConfiguration                     0x080039e9   Thumb Code    14  usb_prop.o(.text)
    DFU_SetDeviceAddress                     0x080039f7   Thumb Code     8  usb_prop.o(.text)
    DFU_Status_In                            0x080039ff   Thumb Code     2  usb_prop.o(.text)
    DFU_write_crc                            0x08003a01   Thumb Code    74  usb_prop.o(.text)
    DFU_Status_Out                           0x08003a4b   Thumb Code   272  usb_prop.o(.text)
    GETSTATUS                                0x08003b5b   Thumb Code   202  usb_prop.o(.text)
    GETSTATE                                 0x08003c25   Thumb Code    20  usb_prop.o(.text)
    DNLOAD                                   0x08003c39   Thumb Code    96  usb_prop.o(.text)
    UPLOAD                                   0x08003c99   Thumb Code   326  usb_prop.o(.text)
    DFU_Data_Setup                           0x08003ddf   Thumb Code   134  usb_prop.o(.text)
    DFU_NoData_Setup                         0x08003e65   Thumb Code   264  usb_prop.o(.text)
    DFU_GetDeviceDescriptor                  0x08003f6d   Thumb Code    14  usb_prop.o(.text)
    DFU_GetConfigDescriptor                  0x08003f7b   Thumb Code    14  usb_prop.o(.text)
    DFU_GetStringDescriptor                  0x08003f89   Thumb Code    32  usb_prop.o(.text)
    DFU_Get_Interface_Setting                0x08003fa9   Thumb Code    22  usb_prop.o(.text)
    PowerOn                                  0x08003fed   Thumb Code    54  usb_pwr.o(.text)
    PowerOff                                 0x08004023   Thumb Code    28  usb_pwr.o(.text)
    Suspend                                  0x0800403f   Thumb Code   240  usb_pwr.o(.text)
    Resume_Init                              0x0800412f   Thumb Code    30  usb_pwr.o(.text)
    Resume                                   0x0800414d   Thumb Code   194  usb_pwr.o(.text)
    MAL_Init                                 0x08004231   Thumb Code     4  dfu_mal.o(.text)
    MAL_Erase                                0x08004235   Thumb Code    22  dfu_mal.o(.text)
    MAL_Write                                0x0800424b   Thumb Code    66  dfu_mal.o(.text)
    MAL_Read                                 0x0800428d   Thumb Code     2  dfu_mal.o(.text)
    MAL_GetStatus                            0x0800428f   Thumb Code    44  dfu_mal.o(.text)
    __use_no_semihosting                     0x080042c5   Thumb Code     2  use_no_semi_2.o(.text)
    __2printf                                0x080042c9   Thumb Code    20  noretval__2printf.o(.text)
    __2sprintf                               0x080042e1   Thumb Code    34  noretval__2sprintf.o(.text)
    _printf_pre_padding                      0x08004309   Thumb Code    44  _printf_pad.o(.text)
    _printf_post_padding                     0x08004335   Thumb Code    34  _printf_pad.o(.text)
    _printf_int_hex                          0x08004359   Thumb Code    84  _printf_hex_int.o(.text)
    _printf_longlong_hex                     0x08004359   Thumb Code     0  _printf_hex_int.o(.text)
    __printf                                 0x080043b1   Thumb Code   308  __printf_flags_wp.o(.text)
    __use_two_region_memory                  0x080044e9   Thumb Code     2  heapauxi.o(.text)
    __rt_heap_escrow$2region                 0x080044eb   Thumb Code     2  heapauxi.o(.text)
    __rt_heap_expand$2region                 0x080044ed   Thumb Code     2  heapauxi.o(.text)
    __I$use$semihosting                      0x080044ef   Thumb Code     0  use_no_semi.o(.text)
    __use_no_semihosting_swi                 0x080044ef   Thumb Code     2  use_no_semi.o(.text)
    _printf_int_common                       0x080044f1   Thumb Code   178  _printf_intcommon.o(.text)
    _printf_char_common                      0x080045af   Thumb Code    32  _printf_char_common.o(.text)
    _sputc                                   0x080045d5   Thumb Code    10  _sputc.o(.text)
    _printf_char_file                        0x080045e1   Thumb Code    32  _printf_char_file.o(.text)
    ferror                                   0x08004605   Thumb Code     8  ferror.o(.text)
    __user_setup_stackheap                   0x0800460d   Thumb Code    74  sys_stackheap_outer.o(.text)
    exit                                     0x08004657   Thumb Code    12  exit.o(.text)
    __user_libspace                          0x08004665   Thumb Code     8  libspace.o(.text)
    __user_perproc_libspace                  0x08004665   Thumb Code     0  libspace.o(.text)
    __user_perthread_libspace                0x08004665   Thumb Code     0  libspace.o(.text)
    _is_digit                                0x0800466d   Thumb Code    14  __printf_wp.o(i._is_digit)
    Region$$Table$$Base                      0x080046c8   Number         0  anon$$obj.o(Region$$Table)
    Region$$Table$$Limit                     0x080046e8   Number         0  anon$$obj.o(Region$$Table)
    SystemCoreClock                          0x20000000   Data           4  system_stm32f10x.o(.data)
    AHBPrescTable                            0x20000004   Data          16  system_stm32f10x.o(.data)
    __stdout                                 0x2000002c   Data           4  usart.o(.data)
    USART_RX_STA                             0x20000030   Data           2  usart.o(.data)
    DeviceState                              0x20000034   Data           1  main.o(.data)
    DeviceStatus                             0x20000035   Data           6  main.o(.data)
    Jump_To_Application                      0x2000003c   Data           4  main.o(.data)
    JumpAddress                              0x20000040   Data           4  main.o(.data)
    StatusInfo                               0x20000044   Data           2  usb_core.o(.data)
    Data_Mul_MaxPacketSize                   0x20000046   Data           1  usb_core.o(.data)
    EPindex                                  0x20000048   Data           1  usb_init.o(.data)
    pInformation                             0x2000004c   Data           4  usb_init.o(.data)
    pProperty                                0x20000050   Data           4  usb_init.o(.data)
    SaveState                                0x20000054   Data           2  usb_init.o(.data)
    wInterrupt_Mask                          0x20000056   Data           2  usb_init.o(.data)
    pUser_Standard_Requests                  0x20000058   Data           4  usb_init.o(.data)
    SaveRState                               0x2000005c   Data           2  usb_int.o(.data)
    SaveTState                               0x2000005e   Data           2  usb_int.o(.data)
    HSEStartUpStatus                         0x20000060   Data           1  hw_config.o(.data)
    EXTI_InitStructure                       0x20000064   Data           8  hw_config.o(.data)
    NVIC_InitStructure                       0x2000006c   Data           4  hw_config.o(.data)
    DFU_DeviceDescriptor                     0x20000070   Data          18  usb_desc.o(.data)
    DFU_ConfigDescriptor                     0x20000082   Data          45  usb_desc.o(.data)
    DFU_StringLangId                         0x200000af   Data           4  usb_desc.o(.data)
    DFU_StringVendor                         0x200000b3   Data          38  usb_desc.o(.data)
    DFU_StringProduct                        0x200000d9   Data          20  usb_desc.o(.data)
    DFU_StringSerial                         0x200000ed   Data          26  usb_desc.o(.data)
    DFU_StringInterface0                     0x20000107   Data          98  usb_desc.o(.data)
    DFU_StringInterface1                     0x20000169   Data          98  usb_desc.o(.data)
    DFU_StringInterface2_1                   0x200001cb   Data         106  usb_desc.o(.data)
    DFU_StringInterface2_2                   0x20000235   Data         106  usb_desc.o(.data)
    DFU_StringInterface2_3                   0x2000029f   Data         106  usb_desc.o(.data)
    wIstr                                    0x2000030c   Data           2  usb_istr.o(.data)
    bIntPackSOF                              0x2000030e   Data           1  usb_istr.o(.data)
    esof_counter                             0x20000310   Data           4  usb_istr.o(.data)
    wCNTR                                    0x20000314   Data           4  usb_istr.o(.data)
    pEpInt_IN                                0x20000318   Data          28  usb_istr.o(.data)
    pEpInt_OUT                               0x20000334   Data          28  usb_istr.o(.data)
    wBlockNum                                0x20000350   Data           4  usb_prop.o(.data)
    wlength                                  0x20000354   Data           4  usb_prop.o(.data)
    Manifest_State                           0x20000358   Data           4  usb_prop.o(.data)
    Pointer                                  0x2000035c   Data           4  usb_prop.o(.data)
    Device_Table                             0x20000360   Data           2  usb_prop.o(.data)
    Device_Property                          0x20000364   Data          48  usb_prop.o(.data)
    User_Standard_Requests                   0x20000394   Data          36  usb_prop.o(.data)
    Device_Descriptor                        0x200003b8   Data           8  usb_prop.o(.data)
    Config_Descriptor                        0x200003c0   Data           8  usb_prop.o(.data)
    DFU_String_Descriptor                    0x200003c8   Data          56  usb_prop.o(.data)
    bDeviceState                             0x20000400   Data           4  usb_pwr.o(.data)
    fSuspendEnabled                          0x20000404   Data           1  usb_pwr.o(.data)
    ResumeS                                  0x20000405   Data           2  usb_pwr.o(.data)
    remotewakeupon                           0x20000408   Data           4  usb_pwr.o(.data)
    USART_RX_BUF                             0x2000040c   Data          63  usart.o(.bss)
    Device_Info                              0x2000044c   Data          28  usb_init.o(.bss)
    EP                                       0x20000468   Data          32  usb_pwr.o(.bss)
    MAL_Buffer                               0x20000488   Data        1024  dfu_mal.o(.bss)
    __libspace_start                         0x20000888   Data          96  libspace.o(.bss)
    __temporary_stack_top$libspace           0x200008e8   Data           0  libspace.o(.bss)



==============================================================================

Memory Map of the image

  Image Entry point : 0x08000131

  Load Region LR_IROM1 (Base: 0x08000000, Size: 0x00004af4, Max: 0x00008000, ABSOLUTE, COMPRESSED[0x00004874])

    Execution Region ER_IROM1 (Base: 0x08000000, Size: 0x000046e8, Max: 0x00008000, ABSOLUTE)

    Base Addr    Size         Type   Attr      Idx    E Section Name        Object

    0x08000000   0x00000130   Data   RO           19    RESET               startup_stm32f10x_hd.o
    0x08000130   0x00000008   Code   RO          746  * !!!main             c_w.l(__main.o)
    0x08000138   0x00000034   Code   RO          948    !!!scatter          c_w.l(__scatter.o)
    0x0800016c   0x0000005a   Code   RO          946    !!dczerorl2         c_w.l(__dczerorl2.o)
    0x080001c6   0x00000002   PAD
    0x080001c8   0x0000001c   Code   RO          950    !!handler_zi        c_w.l(__scatter_zi.o)
    0x080001e4   0x00000000   Code   RO          743    .ARM.Collect$$_printf_percent$$00000000  c_w.l(_printf_percent.o)
    0x080001e4   0x00000006   Code   RO          742    .ARM.Collect$$_printf_percent$$0000000C  c_w.l(_printf_x.o)
    0x080001ea   0x00000004   Code   RO          779    .ARM.Collect$$_printf_percent$$00000017  c_w.l(_printf_percent_end.o)
    0x080001ee   0x00000002   Code   RO          821    .ARM.Collect$$libinit$$00000000  c_w.l(libinit.o)
    0x080001f0   0x00000000   Code   RO          828    .ARM.Collect$$libinit$$00000002  c_w.l(libinit2.o)
    0x080001f0   0x00000000   Code   RO          830    .ARM.Collect$$libinit$$00000004  c_w.l(libinit2.o)
    0x080001f0   0x00000000   Code   RO          833    .ARM.Collect$$libinit$$0000000A  c_w.l(libinit2.o)
    0x080001f0   0x00000000   Code   RO          835    .ARM.Collect$$libinit$$0000000C  c_w.l(libinit2.o)
    0x080001f0   0x00000000   Code   RO          837    .ARM.Collect$$libinit$$0000000E  c_w.l(libinit2.o)
    0x080001f0   0x00000000   Code   RO          840    .ARM.Collect$$libinit$$00000011  c_w.l(libinit2.o)
    0x080001f0   0x00000000   Code   RO          842    .ARM.Collect$$libinit$$00000013  c_w.l(libinit2.o)
    0x080001f0   0x00000000   Code   RO          844    .ARM.Collect$$libinit$$00000015  c_w.l(libinit2.o)
    0x080001f0   0x00000000   Code   RO          846    .ARM.Collect$$libinit$$00000017  c_w.l(libinit2.o)
    0x080001f0   0x00000000   Code   RO          848    .ARM.Collect$$libinit$$00000019  c_w.l(libinit2.o)
    0x080001f0   0x00000000   Code   RO          850    .ARM.Collect$$libinit$$0000001B  c_w.l(libinit2.o)
    0x080001f0   0x00000000   Code   RO          852    .ARM.Collect$$libinit$$0000001D  c_w.l(libinit2.o)
    0x080001f0   0x00000000   Code   RO          854    .ARM.Collect$$libinit$$0000001F  c_w.l(libinit2.o)
    0x080001f0   0x00000000   Code   RO          856    .ARM.Collect$$libinit$$00000021  c_w.l(libinit2.o)
    0x080001f0   0x00000000   Code   RO          858    .ARM.Collect$$libinit$$00000023  c_w.l(libinit2.o)
    0x080001f0   0x00000000   Code   RO          860    .ARM.Collect$$libinit$$00000025  c_w.l(libinit2.o)
    0x080001f0   0x00000000   Code   RO          864    .ARM.Collect$$libinit$$0000002C  c_w.l(libinit2.o)
    0x080001f0   0x00000000   Code   RO          866    .ARM.Collect$$libinit$$0000002E  c_w.l(libinit2.o)
    0x080001f0   0x00000000   Code   RO          868    .ARM.Collect$$libinit$$00000030  c_w.l(libinit2.o)
    0x080001f0   0x00000000   Code   RO          870    .ARM.Collect$$libinit$$00000032  c_w.l(libinit2.o)
    0x080001f0   0x00000002   Code   RO          871    .ARM.Collect$$libinit$$00000033  c_w.l(libinit2.o)
    0x080001f2   0x00000002   Code   RO          889    .ARM.Collect$$libshutdown$$00000000  c_w.l(libshutdown.o)
    0x080001f4   0x00000000   Code   RO          900    .ARM.Collect$$libshutdown$$00000003  c_w.l(libshutdown2.o)
    0x080001f4   0x00000000   Code   RO          903    .ARM.Collect$$libshutdown$$00000006  c_w.l(libshutdown2.o)
    0x080001f4   0x00000000   Code   RO          906    .ARM.Collect$$libshutdown$$00000009  c_w.l(libshutdown2.o)
    0x080001f4   0x00000000   Code   RO          908    .ARM.Collect$$libshutdown$$0000000B  c_w.l(libshutdown2.o)
    0x080001f4   0x00000000   Code   RO          911    .ARM.Collect$$libshutdown$$0000000E  c_w.l(libshutdown2.o)
    0x080001f4   0x00000002   Code   RO          912    .ARM.Collect$$libshutdown$$0000000F  c_w.l(libshutdown2.o)
    0x080001f6   0x00000000   Code   RO          770    .ARM.Collect$$rtentry$$00000000  c_w.l(__rtentry.o)
    0x080001f6   0x00000000   Code   RO          792    .ARM.Collect$$rtentry$$00000002  c_w.l(__rtentry2.o)
    0x080001f6   0x00000006   Code   RO          804    .ARM.Collect$$rtentry$$00000004  c_w.l(__rtentry4.o)
    0x080001fc   0x00000000   Code   RO          794    .ARM.Collect$$rtentry$$00000009  c_w.l(__rtentry2.o)
    0x080001fc   0x00000004   Code   RO          795    .ARM.Collect$$rtentry$$0000000A  c_w.l(__rtentry2.o)
    0x08000200   0x00000000   Code   RO          797    .ARM.Collect$$rtentry$$0000000C  c_w.l(__rtentry2.o)
    0x08000200   0x00000008   Code   RO          798    .ARM.Collect$$rtentry$$0000000D  c_w.l(__rtentry2.o)
    0x08000208   0x00000002   Code   RO          825    .ARM.Collect$$rtexit$$00000000  c_w.l(rtexit.o)
    0x0800020a   0x00000000   Code   RO          873    .ARM.Collect$$rtexit$$00000002  c_w.l(rtexit2.o)
    0x0800020a   0x00000004   Code   RO          874    .ARM.Collect$$rtexit$$00000003  c_w.l(rtexit2.o)
    0x0800020e   0x00000006   Code   RO          875    .ARM.Collect$$rtexit$$00000004  c_w.l(rtexit2.o)
    0x08000214   0x00000020   Code   RO            1    .emb_text           core_cm3.o
    0x08000234   0x00000002   Code   RO          312    .emb_text           sys.o
    0x08000236   0x00000002   PAD
    0x08000238   0x00000040   Code   RO           20    .text               startup_stm32f10x_hd.o
    0x08000278   0x000000e4   Code   RO           24    .text               stm32f10x_it.o
    0x0800035c   0x000001e0   Code   RO          194    .text               system_stm32f10x.o
    0x0800053c   0x000000dc   Code   RO          212    .text               misc.o
    0x08000618   0x0000035c   Code   RO          224    .text               stm32f10x_gpio.o
    0x08000974   0x00000408   Code   RO          236    .text               stm32f10x_usart.o
    0x08000d7c   0x0000011c   Code   RO          248    .text               stm32f10x_exti.o
    0x08000e98   0x000005bc   Code   RO          260    .text               stm32f10x_flash.o
    0x08001454   0x000003a4   Code   RO          272    .text               stm32f10x_rcc.o
    0x080017f8   0x00000078   Code   RO          298    .text               delay.o
    0x08001870   0x0000034c   Code   RO          313    .text               sys.o
    0x08001bbc   0x0000018c   Code   RO          328    .text               usart.o
    0x08001d48   0x000000e4   Code   RO          351    .text               main.o
    0x08001e2c   0x00000b50   Code   RO          475    .text               usb_core.o
    0x0800297c   0x0000003c   Code   RO          490    .text               usb_init.o
    0x080029b8   0x0000033c   Code   RO          513    .text               usb_int.o
    0x08002cf4   0x0000005c   Code   RO          537    .text               usb_mem.o
    0x08002d50   0x00000808   Code   RO          549    .text               usb_regs.o
    0x08003558   0x00000080   Code   RO          561    .text               usb_sil.o
    0x080035d8   0x00000188   Code   RO          573    .text               hw_config.o
    0x08003760   0x000001cc   Code   RO          604    .text               usb_istr.o
    0x0800392c   0x000006c0   Code   RO          622    .text               usb_prop.o
    0x08003fec   0x00000244   Code   RO          646    .text               usb_pwr.o
    0x08004230   0x00000094   Code   RO          665    .text               dfu_mal.o
    0x080042c4   0x00000002   Code   RO          687    .text               c_w.l(use_no_semi_2.o)
    0x080042c6   0x00000002   PAD
    0x080042c8   0x00000018   Code   RO          693    .text               c_w.l(noretval__2printf.o)
    0x080042e0   0x00000028   Code   RO          695    .text               c_w.l(noretval__2sprintf.o)
    0x08004308   0x0000004e   Code   RO          699    .text               c_w.l(_printf_pad.o)
    0x08004356   0x00000002   PAD
    0x08004358   0x00000058   Code   RO          704    .text               c_w.l(_printf_hex_int.o)
    0x080043b0   0x00000138   Code   RO          734    .text               c_w.l(__printf_flags_wp.o)
    0x080044e8   0x00000006   Code   RO          744    .text               c_w.l(heapauxi.o)
    0x080044ee   0x00000002   Code   RO          768    .text               c_w.l(use_no_semi.o)
    0x080044f0   0x000000b2   Code   RO          771    .text               c_w.l(_printf_intcommon.o)
    0x080045a2   0x00000002   PAD
    0x080045a4   0x00000030   Code   RO          773    .text               c_w.l(_printf_char_common.o)
    0x080045d4   0x0000000a   Code   RO          775    .text               c_w.l(_sputc.o)
    0x080045de   0x00000002   PAD
    0x080045e0   0x00000024   Code   RO          777    .text               c_w.l(_printf_char_file.o)
    0x08004604   0x00000008   Code   RO          808    .text               c_w.l(ferror.o)
    0x0800460c   0x0000004a   Code   RO          812    .text               c_w.l(sys_stackheap_outer.o)
    0x08004656   0x0000000c   Code   RO          814    .text               c_w.l(exit.o)
    0x08004662   0x00000002   PAD
    0x08004664   0x00000008   Code   RO          822    .text               c_w.l(libspace.o)
    0x0800466c   0x0000000e   Code   RO          732    i._is_digit         c_w.l(__printf_wp.o)
    0x0800467a   0x00000014   Data   RO          667    .constdata          dfu_mal.o
    0x0800468e   0x00000028   Data   RO          705    .constdata          c_w.l(_printf_hex_int.o)
    0x080046b6   0x00000011   Data   RO          735    .constdata          c_w.l(__printf_flags_wp.o)
    0x080046c7   0x00000001   PAD
    0x080046c8   0x00000020   Data   RO          944    Region$$Table       anon$$obj.o


    Execution Region RW_IRAM1 (Base: 0x20000000, Size: 0x00000ee8, Max: 0x00005000, ABSOLUTE, COMPRESSED[0x0000018c])

    Base Addr    Size         Type   Attr      Idx    E Section Name        Object

    0x20000000   0x00000014   Data   RW          195    .data               system_stm32f10x.o
    0x20000014   0x00000014   Data   RW          273    .data               stm32f10x_rcc.o
    0x20000028   0x00000004   Data   RW          299    .data               delay.o
    0x2000002c   0x00000006   Data   RW          330    .data               usart.o
    0x20000032   0x00000002   PAD
    0x20000034   0x00000010   Data   RW          353    .data               main.o
    0x20000044   0x00000003   Data   RW          476    .data               usb_core.o
    0x20000047   0x00000001   PAD
    0x20000048   0x00000014   Data   RW          492    .data               usb_init.o
    0x2000005c   0x00000004   Data   RW          514    .data               usb_int.o
    0x20000060   0x00000010   Data   RW          574    .data               hw_config.o
    0x20000070   0x00000299   Data   RW          592    .data               usb_desc.o
    0x20000309   0x00000003   PAD
    0x2000030c   0x00000044   Data   RW          605    .data               usb_istr.o
    0x20000350   0x000000b0   Data   RW          623    .data               usb_prop.o
    0x20000400   0x0000000c   Data   RW          648    .data               usb_pwr.o
    0x2000040c   0x0000003f   Zero   RW          329    .bss                usart.o
    0x2000044b   0x00000001   PAD
    0x2000044c   0x0000001c   Zero   RW          491    .bss                usb_init.o
    0x20000468   0x00000020   Zero   RW          647    .bss                usb_pwr.o
    0x20000488   0x00000400   Zero   RW          666    .bss                dfu_mal.o
    0x20000888   0x00000060   Zero   RW          823    .bss                c_w.l(libspace.o)
    0x200008e8   0x00000200   Zero   RW           18    HEAP                startup_stm32f10x_hd.o
    0x20000ae8   0x00000400   Zero   RW           17    STACK               startup_stm32f10x_hd.o


==============================================================================

Image component sizes


      Code (inc. data)   RO Data    RW Data    ZI Data      Debug   Object Name

        32          0          0          0          0       5120   core_cm3.o
       120         16          0          4          0       1074   delay.o
       148         10         20          0       1024       2427   dfu_mal.o
       392         40          0         16          0      18340   hw_config.o
       228         38          0         16          0       1768   main.o
       220         22          0          0          0       1857   misc.o
        64         26        304          0       1536        852   startup_stm32f10x_hd.o
       284         10          0          0          0       2291   stm32f10x_exti.o
      1468         34          0          0          0       8086   stm32f10x_flash.o
       860         38          0          0          0       5701   stm32f10x_gpio.o
       228        122          0          0          0     249063   stm32f10x_it.o
       932         36          0         20          0       8904   stm32f10x_rcc.o
      1032         22          0          0          0       8428   stm32f10x_usart.o
       846         52          0          0          0       4105   sys.o
       480         38          0         20          0       1907   system_stm32f10x.o
       396         16          0          6         63       3196   usart.o
      2896        114          0          3          0       8099   usb_core.o
         0          0          0        665          0       1356   usb_desc.o
        60         24          0         20         28       4146   usb_init.o
       828         34          0          4          0       1943   usb_int.o
       460         38          0         68          0       1743   usb_istr.o
        92          6          0          0          0       1402   usb_mem.o
      1728        106          0        176          0       9165   usb_prop.o
       580         42          0         12         32       3099   usb_pwr.o
      2056         20          0          0          0      11717   usb_regs.o
       128          8          0          0          0       1422   usb_sil.o

    ----------------------------------------------------------------------
     16560        912        356       1036       2684     367211   Object Totals
         0          0         32          0          0          0   (incl. Generated)
         2          0          0          6          1          0   (incl. Padding)

    ----------------------------------------------------------------------

      Code (inc. data)   RO Data    RW Data    ZI Data      Debug   Library Member Name

        90          0          0          0          0          0   __dczerorl2.o
         8          0          0          0          0         68   __main.o
       312          4         17          0          0         92   __printf_flags_wp.o
        14          0          0          0          0         68   __printf_wp.o
         0          0          0          0          0          0   __rtentry.o
        12          0          0          0          0          0   __rtentry2.o
         6          0          0          0          0          0   __rtentry4.o
        52          8          0          0          0          0   __scatter.o
        28          0          0          0          0          0   __scatter_zi.o
        48          6          0          0          0         96   _printf_char_common.o
        36          4          0          0          0         80   _printf_char_file.o
        88          4         40          0          0         88   _printf_hex_int.o
       178          0          0          0          0         88   _printf_intcommon.o
        78          0          0          0          0        108   _printf_pad.o
         0          0          0          0          0          0   _printf_percent.o
         4          0          0          0          0          0   _printf_percent_end.o
         6          0          0          0          0          0   _printf_x.o
        10          0          0          0          0         68   _sputc.o
        12          0          0          0          0         72   exit.o
         8          0          0          0          0         68   ferror.o
         6          0          0          0          0        152   heapauxi.o
         2          0          0          0          0          0   libinit.o
         2          0          0          0          0          0   libinit2.o
         2          0          0          0          0          0   libshutdown.o
         2          0          0          0          0          0   libshutdown2.o
         8          4          0          0         96         68   libspace.o
        24          4          0          0          0         84   noretval__2printf.o
        40          6          0          0          0         84   noretval__2sprintf.o
         2          0          0          0          0          0   rtexit.o
        10          0          0          0          0          0   rtexit2.o
        74          0          0          0          0         80   sys_stackheap_outer.o
         2          0          0          0          0         68   use_no_semi.o
         2          0          0          0          0         68   use_no_semi_2.o

    ----------------------------------------------------------------------
      1178         40         58          0         96       1500   Library Totals
        12          0          1          0          0          0   (incl. Padding)

    ----------------------------------------------------------------------

      Code (inc. data)   RO Data    RW Data    ZI Data      Debug   Library Name

      1166         40         57          0         96       1500   c_w.l

    ----------------------------------------------------------------------
      1178         40         58          0         96       1500   Library Totals

    ----------------------------------------------------------------------

==============================================================================


      Code (inc. data)   RO Data    RW Data    ZI Data      Debug   

     17738        952        414       1036       2780     365379   Grand Totals
     17738        952        414        396       2780     365379   ELF Image Totals (compressed)
     17738        952        414        396          0          0   ROM Totals

==============================================================================

    Total RO  Size (Code + RO Data)                18152 (  17.73kB)
    Total RW  Size (RW Data + ZI Data)              3816 (   3.73kB)
    Total ROM Size (Code + RO Data + RW Data)      18548 (  18.11kB)

==============================================================================

