<html>
<body>
<pre>
<h1>µVision Build Log</h1>
<h2>Tool Versions:</h2>
IDE-Version: ¦ÌVision V5.14.0.0
Copyright (C) 2015 ARM Ltd and ARM Germany GmbH. All rights reserved.
License Information: wx User, User, LIC=ATTNN-YVNHH-73MM8-3M99B-Y7SGP-EMRZS
 
Tool Versions:
Toolchain:       MDK-ARM Standard  Version: 5.14.0.0
Toolchain Path:  E:\Keil_v5\ARM\ARMCC\Bin
C Compiler:      Armcc.exe V5.05 update 1 (build 106)
Assembler:       Armasm.exe V5.05 update 1 (build 106)
Linker/Locator:  ArmLink.exe V5.05 update 1 (build 106)
Library Manager: ArmAr.exe V5.05 update 1 (build 106)
Hex Converter:   FromElf.exe V5.05 update 1 (build 106)
CPU DLL:         SARMCM3.DLL V5.14.0.0
Dialog DLL:      DARMSTM.DLL V1.65.0.0
Target DLL:      Segger\JL2CM3.dll V2.99.13.0
Dialog DLL:      TARMSTM.DLL V1.64.0.0
 
<h2>Project:</h2>
C:\Users\Administrator\Desktop\5.5´çOLED´¥ÃþÆÁ\usb_touch_5.5inch\5_5_Touch\USER\TOUCH.uvprojx
Project File Date:  03/27/2018

<h2>Output:</h2>
Rebuild target 'Target 1'
compiling main.c...
compiling stm32f10x_it.c...
compiling system_stm32f10x.c...
compiling led.c...
compiling sys.c...
compiling lcd.c...
compiling key.c...
compiling ctiic.c...
compiling touch.c...
compiling gt1151.c...
..\HARDWARE\TOUCH\gt1151.c(73): warning:  #550-D: variable "buf" was set but never used
        u8 buf[3];
..\HARDWARE\TOUCH\gt1151.c(74): warning:  #177-D: variable "i" was declared but never referenced
        u8 i=0;
..\HARDWARE\TOUCH\gt1151.c(75): warning:  #550-D: variable "ret" was set but never used
        u8 ret = 0;
..\HARDWARE\TOUCH\gt1151.c(189): warning:  #111-D: statement is unreachable
        return 1;
..\HARDWARE\TOUCH\gt1151.c: 4 warnings, 0 errors
compiling delay.c...
assembling startup_stm32f10x_hd.s...
compiling usart.c...
compiling core_cm3.c...
compiling stm32f10x_gpio.c...
compiling stm32f10x_rcc.c...
compiling stm32f10x_usart.c...
compiling misc.c...
compiling stm32f10x_exti.c...
compiling usb_core.c...
compiling usb_init.c...
compiling usb_int.c...
compiling usb_mem.c...
compiling usb_regs.c...
compiling usb_sil.c...
compiling hw_config.c...
..\USB\CONFIG\hw_config.c(194): warning:  #177-D: variable "m" was declared but never referenced
   u32 m;
..\USB\CONFIG\hw_config.c: 1 warning, 0 errors
compiling usb_desc.c...
compiling usb_endp.c...
compiling usb_istr.c...
compiling usb_prop.c...
compiling usb_pwr.c...
linking...
Program Size: Code=12652 RO-data=948 RW-data=396 ZI-data=1892  
FromELF: creating hex file...
"..\OBJ\TOUCH.axf" - 0 Error(s), 5 Warning(s).

<h2>Collection of Component include folders:</h2>
  C:\Users\Administrator\Desktop\5.5´çOLED´¥ÃþÆÁ\usb_touch_5.5inch\5_5_Touch\USER\RTE
  E:\Keil_v5\ARM\PACK\Keil\STM32F1xx_DFP\1.0.5\Device\Include

<h2>Collection of Component Files used:</h2>
</pre>
</body>
</html>
